04-11 11:11:43.327  1160  2248 I ActivityManager: Changes in 99854 8 to 8, 0 to 8
04-11 11:11:43.419  1160  2248 I ActivityManager: Changes in 99854 8 to 8, 8 to 0
04-11 11:11:43.445  1160  2248 I ActivityManager: Changes in 99854 8 to 8, 0 to 8
04-11 11:11:48.916  1160  2248 I ActivityManager: Changes in 99854 10 to 10, 8 to 0
04-11 11:11:52.347  1160  1476 I ActivityManager: Changes in 10061 5 to 10, 8 to 0
04-11 11:12:03.138  1160  4606 I ActivityManager: Changes in 99854 10 to 5, 0 to 8
04-11 11:12:03.163  1160  4606 I ActivityManager: Changes in 10061 15 to 5, 0 to 8
04-11 11:12:09.200  1160  1476 I ActivityManager: Changes in 10061 5 to 15, 8 to 0
04-11 11:12:12.250  1160  1843 I ActivityManager: Changes in 10061 15 to 5, 0 to 8
04-11 11:12:18.191  1160  4599 I ActivityManager: Changes in 99854 5 to 10, 8 to 0
04-11 11:12:18.402  1160  1476 I ActivityManager: Changes in 10061 5 to 15, 8 to 0
04-11 11:13:11.350  1160  1843 I ActivityManager: Changes in 10061 19 to 5, 0 to 8
04-11 11:13:17.383  1160  1476 I ActivityManager: Changes in 10061 5 to 15, 8 to 0
04-11 11:13:20.302  1160  2564 I ActivityManager: Background started FGS: Allowed [callingPackage: com.whatsapp; callingUid: 10301; uidState: SVC ; intent: Intent { cmp=com.whatsapp/.service.GcmFGService }; code:PUSH_MESSAGING; tempAllowListReason:<broadcast:u0a92:com.google.android.c2dm.intent.RECEIVE,reason:high-prio FCM,reasonCode:PUSH_MESSAGING,duration:20000,callingUid:10092>; targetSdkVersion:35; callerTargetSdkVersion:35; startForegroundCount:0; bindFromPackage:null]
04-11 11:13:20.303  1160  2564 I ActivityManager: Changes in 10301 10 to 4, 0 to 8
04-11 11:13:20.331  1160  4731 W ActivityManager: Foreground service started from background can not have location/camera/microphone access: service com.whatsapp/.service.GcmFGService
04-11 11:13:20.634  1160  1741 D ActivityManager: Received BROADCAST intent 0x4190c38 Key{broadcastIntent pkg=com.google.android.gms/com.google.android.gms.location_base intent=act=com.google.android.location.ALARM_WAKEUP_ACTIVITY_DETECTION flags=0x4000000 u=0} requestCode=0 sent=0 from uid 1000
04-11 11:13:20.880  1160  2032 D ActivityManager: Received SERVICE intent 0x9948d54 Key{startService pkg=com.google.android.gms/current_semantic_location intent=act=com.google.android.gms.semanticlocation.ACTION_ACTIVITY cmp=com.google.android.gms/.semanticlocation.service.SemanticLocationService flags=0x2000000 u=0} requestCode=0 from uid 10092
04-11 11:13:20.890  1160  4599 D ActivityManager: Received SERVICE intent 0x23c213c Key{startService pkg=com.google.android.gms/fused_location_provider intent=act=com.google.android.gms.location.util.nlp.RESULT cat=[targeted_intent_op_prefix:.location.util.nlp.NlpInternalApi$NlpReceiverIntentOperation] cmp=com.google.android.gms/.chimera.PersistentIntentOperationService flags=0x2000000 u=0} requestCode=0 from uid 10092
04-11 11:13:20.898  1160  4599 D ActivityManager: Received BROADCAST intent 0xda946cb Key{broadcastIntent pkg=com.google.android.gms/com.google.android.gms.personalsafety intent=act=com.google.android.gms.personalsafety.scanners.ACTION_ACTIVITY_DETECTED pkg=com.google.android.gms flags=0x2000000 u=0} requestCode=0 sent=0 from uid 10092
04-11 11:13:20.916  1160  1851 D ActivityManager: Received SERVICE intent 0x6efed9a Key{startService pkg=com.google.android.gms/fused_location_provider intent=act=com.google.android.location.internal.action.FLP_AR_RESULT pkg=com.google.android.gms cmp=com.google.android.gms/com.google.android.location.internal.PendingIntentCallbackService flags=0x2000000 u=0} requestCode=0 from uid 10092
04-11 11:13:21.560  1160  1851 I ActivityManager: Changes in 10058 8 to 5, 0 to 8
04-11 11:13:22.246  1160  1851 I ActivityManager: Changes in 10061 15 to 5, 0 to 8
04-11 11:13:23.029  1160  2564 I ActivityManager: Changes in 10061 5 to 8, 8 to 0
04-11 11:13:27.583  1160  1476 I ActivityManager: Changes in 10058 5 to 15, 8 to 0
04-11 11:13:36.865  1160  1741 D ActivityManager: Received BROADCAST intent 0xb5097d3 Key{broadcastIntent pkg=com.sec.epdg intent=act=com.sec.epdg.PERIODIC_DPD_TIMER_EXPIRED flags=0x2000000 u=-1} requestCode=1 sent=0 from uid 1000
04-11 11:13:50.394  1160  2031 I ActivityManager: Changes in 10301 8 to 10, 8 to 0
04-11 11:13:55.331  1160  2032 D ActivityManager: Received SERVICE intent 0x303b0a6 Key{startService pkg=com.google.android.gms/com.google.android.gms.findmydevice intent=act=com.google.android.gms.findmydevice.spot.locationreporting.ASSIGN_LOCATION cat=[targeted_intent_op_prefix:.findmydevice.spot.locationreporting.LocationAssigningIntentOperation,SelfLocationUpdate] dat= typ=*/* pkg=com.google.android.gms cmp=com.google.android.gms/.chimera.PersistentIntentOperationService clip={text/vnd.android.intent hasLabel(0) {I:}} flags=0x2000000 u=0} requestCode=0 from uid 10092
04-11 11:13:55.338  1160  4731 D ActivityManager: Received SERVICE intent 0x3f7d90b Key{startService pkg=com.google.android.gms/current_semantic_location intent=act=com.google.android.gms.semanticlocation.ACTION_LOCATION cmp=com.google.android.gms/.semanticlocation.service.SemanticLocationService flags=0x2000000 u=0} requestCode=0 from uid 10092
04-11 11:14:03.399  1160  2031 I ActivityManager: Changes in 10301 10 to 8, 0 to 8
04-11 11:14:09.687  1160  1279 I ActivityManager: Changes in 10058 19 to 5, 0 to 8
04-11 11:14:15.713  1160  1476 I ActivityManager: Changes in 10058 5 to 15, 8 to 0
04-11 11:14:28.488  1160  1741 D ActivityManager: Received BROADCAST intent 0x50910a Key{broadcastIntent pkg=com.whatsapp intent=act=com.whatsapp.alarm.CLIENT_PING_PERIODIC pkg=com.whatsapp flags=0x4000000 u=0} requestCode=0 sent=0 from uid 1000
04-11 11:14:33.687  1160  2564 I ActivityManager: Changes in 10301 8 to 10, 8 to 0
04-11 11:14:40.789  1160  1477 W ActivityManager: Stopping service due to app idle: u0a301 -1m20s475ms com.whatsapp/.messaging.MessageService
04-11 11:14:40.937  1160  3211 I ActivityManager: Changes in 10301 16 to 8, 0 to 8
04-11 11:15:11.176  1160  2564 I ActivityManager: Changes in 10301 8 to 10, 8 to 0
04-11 11:15:36.891  1160  1741 D ActivityManager: Received BROADCAST intent 0xb5097d3 Key{broadcastIntent pkg=com.sec.epdg intent=act=com.sec.epdg.PERIODIC_DPD_TIMER_EXPIRED flags=0x2000000 u=-1} requestCode=1 sent=0 from uid 1000
04-11 11:15:49.844  1160  4631 W ActivityManager: Background start not allowed: service Intent { act=com.whatsapp.messaging.MessageService.START cmp=com.whatsapp/.messaging.MessageService } to com.whatsapp/.messaging.MessageService from pid=24599 uid=10301 pkg=com.whatsapp startFg?=false
04-11 11:15:49.853  1160  2564 W ActivityManager: Background started FGS: Disallowed [callingPackage: com.whatsapp; callingUid: 10301; uidState: RCVR; intent: Intent { cmp=com.whatsapp/.service.GcmFGService }; code:DENIED; tempAllowListReason:<null>; targetSdkVersion:35; callerTargetSdkVersion:35; startForegroundCount:0; bindFromPackage:null]
04-11 11:15:49.854  1160  2564 W ActivityManager: startForegroundService() not allowed due to mAllowStartForeground false: service com.whatsapp/.service.GcmFGService
04-11 11:15:50.076  1160  4599 W ActivityManager: Background start not allowed: service Intent { act=com.whatsapp.messaging.MessageService.START cmp=com.whatsapp/.messaging.MessageService } to com.whatsapp/.messaging.MessageService from pid=24599 uid=10301 pkg=com.whatsapp startFg?=false
04-11 11:15:50.415  1160  4599 I ActivityManager: Changes in 10301 16 to 8, 0 to 8
04-11 11:16:20.601  1160  2033 I ActivityManager: Changes in 10301 8 to 10, 8 to 0
04-11 11:16:28.657  1160  1741 D ActivityManager: Received BROADCAST intent 0x954f29f Key{broadcastIntent pkg=com.sec.android.sdhms intent=act=com.sec.android.alarm.refresh.battery_stats flags=0x4000000 u=0} requestCode=0 sent=0 from uid 1000
04-11 11:16:28.748  1160  1478 I ActivityManager: Start proc 6082:com.google.android.apps.turbo:aab/u0a155 for service {com.google.android.apps.turbo/com.google.android.libraries.smartbattery.appusage.library.EvaluateAppBucketsJob}
04-11 11:16:28.768  1160  1277 I ActivityManager: DSS OFF for com.google.android.apps.turbo
04-11 11:16:28.806  1160  1277 D ActivityManager: attachApplicationLocked() app=ProcessRecord{307acb9 6082:com.google.android.apps.turbo:aab/u0a155} app.isolatedEntryPoint=null instr2=null
04-11 11:16:28.819  1160  1277 W ActivityManager: Slow operation: 51ms so far, now at attachApplicationLocked: after mServices.attachApplicationLocked
04-11 11:16:40.024  1160  1277 I ActivityManager: Changes in 10301 16 to 8, 0 to 8
04-11 11:17:10.290  1160  4627 I ActivityManager: Changes in 10301 8 to 10, 8 to 0
04-11 11:17:23.052  1160  3395 D ActivityManager: Received BROADCAST intent 0x1296e91 Key{broadcastIntent pkg=com.instagram.android intent=act=action_batch_upload pkg=com.instagram.android cmp=com.instagram.android/com.instagram.analytics.uploadscheduler.AnalyticsUploadAlarmReceiver flags=0x4000000 u=0} requestCode=0 sent=0 from uid 1000
04-11 11:17:23.075  1160  3395 D ActivityManager: Received BROADCAST intent 0xaeee18d Key{broadcastIntent pkg=com.facebook.services intent=act=com.facebook.rti.fbns.intent.ACTION_ALARM.FBNS_SCHEDULED_REDELIVERY pkg=com.facebook.services flags=0x4000000 u=0} requestCode=0 sent=0 from uid 1000
04-11 11:17:25.582  1160  1843 I ActivityManager: Changes in 10061 19 to 5, 0 to 8
04-11 11:17:28.667  1160  1741 D ActivityManager: Received BROADCAST intent 0xb5434a3 Key{broadcastIntent pkg=com.sec.spp.push intent=act=com.sec.spp.smpc.RECEIVER_ACTION_INIT_ALARM pkg=com.sec.spp.push cmp=com.sec.spp.push/com.sec.spp.smpc.receiver.SmpcSystemStateMonitor flags=0x4000000 u=0} requestCode=0 sent=0 from uid 1000
04-11 11:17:28.706  1160  1478 I ActivityManager: Start proc 6294:com.sec.spp.push/u0a116 for broadcast {com.sec.spp.push/com.sec.spp.smpc.receiver.SmpcSystemStateMonitor}
04-11 11:17:28.772  1160  4627 I ActivityManager: DSS OFF for com.sec.spp.push
04-11 11:17:28.785  1160  4627 D ActivityManager: attachApplicationLocked() app=ProcessRecord{df53c65 6294:com.sec.spp.push/u0a116} app.isolatedEntryPoint=null instr2=null
04-11 11:17:31.608  1160  1476 I ActivityManager: Changes in 10061 5 to 15, 8 to 0
04-11 11:17:36.920  1160  1741 D ActivityManager: Received BROADCAST intent 0xb5097d3 Key{broadcastIntent pkg=com.sec.epdg intent=act=com.sec.epdg.PERIODIC_DPD_TIMER_EXPIRED flags=0x2000000 u=-1} requestCode=1 sent=0 from uid 1000
04-11 11:18:33.054  1160  4627 W ActivityManager: Broadcast Intent { act=com.sec.intent.action.CP_CHAN_INFO flg=0x1000010 (has extras) } not ordered but result callback requested!
04-11 11:18:33.066  1160  1160 D ActivityManager: Received BROADCAST intent 0x93aa349 Key{broadcastIntent pkg=com.samsung.android.sdm.config intent=act=com.samsung.android.sdm.config.POLLING_UPDATE_ALARM cmp=com.samsung.android.sdm.config/.alarm.AlarmReceiver flags=0x0 u=0} requestCode=1 sent=0 from uid 1000
04-11 11:18:33.100  1160  1478 W ActivityManager: Slow operation: 51ms so far, now at startProcess: returned from zygote!
04-11 11:18:33.124  1160  1478 W ActivityManager: Slow operation: 75ms so far, now at startProcess: done updating battery stats
04-11 11:18:33.125  1160  1478 W ActivityManager: Slow operation: 75ms so far, now at startProcess: building log message
04-11 11:18:33.125  1160  1478 I ActivityManager: Start proc 6366:com.samsung.android.dynamiclock/u0a74 for content provider {com.samsung.android.dynamiclock/com.samsung.android.dynamiclock.data.provider.DynamicLockProvider}
04-11 11:18:33.125  1160  1478 W ActivityManager: Slow operation: 75ms so far, now at startProcess: starting to update pids map
04-11 11:18:33.125  1160  1478 W ActivityManager: Slow operation: 76ms so far, now at startProcess: done updating pids map
04-11 11:18:33.125  1160  1478 W ActivityManager: Slow operation: 58ms so far, now at startProcess: asking zygote to start proc
04-11 11:18:33.165  1160  1478 W ActivityManager: Slow operation: 98ms so far, now at startProcess: returned from zygote!
04-11 11:18:33.165  1160  1478 W ActivityManager: Slow operation: 98ms so far, now at startProcess: done updating battery stats
04-11 11:18:33.166  1160  1478 W ActivityManager: Slow operation: 98ms so far, now at startProcess: building log message
04-11 11:18:33.166  1160  1478 I ActivityManager: Start proc 6377:com.samsung.android.sdm.config/u0a517 for broadcast {com.samsung.android.sdm.config/com.samsung.android.sdm.config.alarm.AlarmReceiver}
04-11 11:18:33.166  1160  1478 W ActivityManager: Slow operation: 99ms so far, now at startProcess: starting to update pids map
04-11 11:18:33.166  1160  1478 W ActivityManager: Slow operation: 99ms so far, now at startProcess: done updating pids map
04-11 11:18:33.230  1160  1762 I ActivityManager: com.samsung.android.vtcamerasettings is exempt from freezer
04-11 11:18:33.269  1160  4613 I ActivityManager: DSS OFF for com.samsung.android.dynamiclock
04-11 11:18:33.274  1160  4613 D ActivityManager: attachApplicationLocked() app=ProcessRecord{91cfab3 6366:com.samsung.android.dynamiclock/u0a74} app.isolatedEntryPoint=null instr2=null
04-11 11:18:33.310  1160  4613 I ActivityManager: Changes in 10074 20 to 5, 0 to 8
04-11 11:18:33.315  1160  1478 W ActivityManager: Slow operation: 85ms so far, now at startProcess: done updating battery stats
04-11 11:18:33.315  1160  1478 W ActivityManager: Slow operation: 85ms so far, now at startProcess: building log message
04-11 11:18:33.315  1160  1478 I ActivityManager: Start proc 6420:com.samsung.android.vtcamerasettings/1000 for service {com.samsung.android.vtcamerasettings/com.samsung.android.vtcamerasettings.ObserveCameraStateService}
04-11 11:18:33.315  1160  1478 W ActivityManager: Slow operation: 85ms so far, now at startProcess: starting to update pids map
04-11 11:18:33.316  1160  1478 W ActivityManager: Slow operation: 87ms so far, now at startProcess: done updating pids map
04-11 11:18:33.327  1160  3211 I ActivityManager: DSS OFF for com.samsung.android.sdm.config
04-11 11:18:33.333  1160  3211 D ActivityManager: attachApplicationLocked() app=ProcessRecord{8a50d2a 6377:com.samsung.android.sdm.config/u0a517} app.isolatedEntryPoint=null instr2=null
04-11 11:18:33.413  1160  3395 D ActivityManager: Received BROADCAST intent 0x3d92114 Key{broadcastIntent pkg=com.facebook.orca intent=act=WakingExecutorService.ACTION_ALARM.com.facebook.orca.Mqtt_Wakeup pkg=com.facebook.orca flags=0x4000000 u=0} requestCode=0 sent=0 from uid 1000
04-11 11:18:33.415  1160  4723 I ActivityManager: DSS OFF for com.samsung.android.vtcamerasettings
04-11 11:18:33.437  1160  4723 D ActivityManager: attachApplicationLocked() app=ProcessRecord{9a392f5 6420:com.samsung.android.vtcamerasettings/1000} app.isolatedEntryPoint=null instr2=null
04-11 11:18:33.514  1160  1851 I ActivityManager: Process com.sec.unifiedwfc (pid 1656) has died: cch+99 CEM (126,1308)
04-11 11:18:33.570  1160  1975 I ActivityManager: Killing 5354:com.samsung.android.game.gamehome/u0a87 (adj 915): Chimera #0
04-11 11:18:33.574  1160  1975 D ActivityManager: proc ProcessRecord{b7e6f51 5354:com.samsung.android.game.gamehome/u0a87} already removed. so we skip next process.
04-11 11:18:33.576  1160  1975 I ActivityManager: Killing 3860:com.discord/u0a25 (adj 945): Chimera #0
04-11 11:18:33.577  1160  1975 D ActivityManager: proc ProcessRecord{2d2170a 3860:com.discord/u0a25} already removed. so we skip next process.
04-11 11:18:33.579  1160  1975 I ActivityManager: Killing 4401:com.tacobell.ordering/u0a322 (adj 925): Chimera #0
04-11 11:18:33.608  1160  1975 I ActivityManager: Killing 5260:com.google.android.webview:sandboxed_process0:org.chromium.content.app.SandboxedProcessService0:0/u0a322i877 (adj 0): isolated not needed
04-11 11:18:33.609  1160  1975 D ActivityManager: proc ProcessRecord{7ed263a 4401:com.tacobell.ordering/u0a322} already removed. so we skip next process.
04-11 11:18:33.637  1160  1975 I ActivityManager: Killing 32335:net.slickdeals.android/u0a305 (adj 999): Chimera #0
04-11 11:18:33.645  1160  1975 I ActivityManager: Killing 32442:com.google.android.webview:sandboxed_process0:org.chromium.content.app.SandboxedProcessService0:0/u0a305i874 (adj 0): isolated not needed
04-11 11:18:33.646  1160  1975 D ActivityManager: proc ProcessRecord{2292ad 32335:net.slickdeals.android/u0a305} already removed. so we skip next process.
04-11 11:18:33.662  1160  1975 I ActivityManager: Killing 4405:com.app.tgtg/u0a624 (adj 915): Chimera #0
04-11 11:18:33.721  1160  1975 D ActivityManager: proc ProcessRecord{4776c06 4405:com.app.tgtg/u0a624} already removed. so we skip next process.
04-11 11:18:33.733  1160  1975 I ActivityManager: Killing 4831:com.samsung.android.mapsagent/u0a381 (adj 985): Chimera #0
04-11 11:18:33.733  1160  1975 D ActivityManager: proc ProcessRecord{11eef0a 4831:com.samsung.android.mapsagent/u0a381} already removed. so we skip next process.
04-11 11:18:33.740  1160  1975 I ActivityManager: Killing 5650:com.samsung.android.sm.policy/u0a212 (adj 965): Chimera #0
04-11 11:18:33.740  1160  1975 D ActivityManager: proc ProcessRecord{d6c3ad9 5650:com.samsung.android.sm.policy/u0a212} already removed. so we skip next process.
04-11 11:18:33.742  1160  1975 I ActivityManager: Killing 5231:com.google.android.webview:webview_service/u0a224 (adj 965): Chimera #0
04-11 11:18:33.743  1160  1975 D ActivityManager: proc ProcessRecord{1ef9612 5231:com.google.android.webview:webview_service/u0a224} already removed. so we skip next process.
04-11 11:18:33.749  1160  1975 I ActivityManager: Killing 4227:com.google.android.permissioncontroller/u0a95 (adj 995): Chimera #0
04-11 11:18:33.750  1160  1975 D ActivityManager: proc ProcessRecord{a32015 4227:com.google.android.permissioncontroller/u0a95} already removed. so we skip next process.
04-11 11:18:33.761  1160  1975 I ActivityManager: Killing 4925:com.samsung.android.samsungpass/u0a127 (adj 975): Chimera #0
04-11 11:18:33.765  1160  1975 W ActivityManager: Scheduling restart of crashed service com.samsung.android.samsungpass/.passservice.PassService in 1000ms for connection
04-11 11:18:33.767  1160  1975 D ActivityManager: proc ProcessRecord{c2f2e3 4925:com.samsung.android.samsungpass/u0a127} already removed. so we skip next process.
04-11 11:18:33.775  1160  1975 I ActivityManager: Killing 4474:com.samsung.android.scs/u0a372 (adj 955): Chimera #0
04-11 11:18:33.776  1160  1975 D ActivityManager: proc ProcessRecord{16a047b 4474:com.samsung.android.scs/u0a372} already removed. so we skip next process.
04-11 11:18:33.777  1160  1975 I ActivityManager: Killing 5485:com.samsung.android.mobileservice/u0a123 (adj 935): Chimera #0
04-11 11:18:33.777  1160  1975 D ActivityManager: proc ProcessRecord{d717761 5485:com.samsung.android.mobileservice/u0a123} already removed. so we skip next process.
04-11 11:18:33.782  1160  1975 I ActivityManager: Killing 4400:com.samsung.android.app.contacts/u0a122 (adj 955): Chimera #0
04-11 11:18:33.782  1160  1975 D ActivityManager: proc ProcessRecord{dcfc918 4400:com.samsung.android.app.contacts/u0a122} already removed. so we skip next process.
04-11 11:18:33.784  1160  1975 I ActivityManager: Killing 2736:com.samsung.android.authfw/5278 (adj 905): Chimera #0
04-11 11:18:33.785  1160  1975 D ActivityManager: proc ProcessRecord{59cdf4b 2736:com.samsung.android.authfw/5278} already removed. so we skip next process.
04-11 11:18:33.787  1160  1975 I ActivityManager: Killing 32634:com.google.android.apps.turbo/u0a155 (adj 925): Chimera #0
04-11 11:18:33.788  1160  1975 D ActivityManager: proc ProcessRecord{87e694b 32634:com.google.android.apps.turbo/u0a155} already removed. so we skip next process.
04-11 11:18:33.791  1160  1975 I ActivityManager: Killing 6082:com.google.android.apps.turbo:aab/u0a155 (adj 935): Chimera #0
04-11 11:18:33.792  1160  1975 D ActivityManager: proc ProcessRecord{307acb9 6082:com.google.android.apps.turbo:aab/u0a155} already removed. so we skip next process.
04-11 11:18:33.797  1160  1975 I ActivityManager: Killing 6294:com.sec.spp.push/u0a116 (adj 915): Chimera #0
04-11 11:18:33.797  1160  1975 D ActivityManager: proc ProcessRecord{df53c65 6294:com.sec.spp.push/u0a116} already removed. so we skip next process.
04-11 11:18:33.815  1160  4734 V ActivityManager: Got obituary of 4227:com.google.android.permissioncontroller
04-11 11:18:33.888  1160  2031 V ActivityManager: Got obituary of 4831:com.samsung.android.mapsagent
04-11 11:18:33.890  1160  4731 V ActivityManager: Got obituary of 5650:com.samsung.android.sm.policy
04-11 11:18:33.922  1160  4734 V ActivityManager: Got obituary of 5231:com.google.android.webview:webview_service
04-11 11:18:33.981  1160  1478 I ActivityManager: Start proc 6542:com.android.cellbroadcastreceiver/u0a389 for broadcast {com.android.cellbroadcastreceiver/com.android.cellbroadcastreceiver.CellBroadcastReceiver}
04-11 11:18:33.982  1160  4613 V ActivityManager: Got obituary of 4400:com.samsung.android.app.contacts
04-11 11:18:34.009  1160  3211 V ActivityManager: Got obituary of 4925:com.samsung.android.samsungpass
04-11 11:18:34.014  1160  1277 V ActivityManager: Got obituary of 32634:com.google.android.apps.turbo
04-11 11:18:34.022  1160  2032 V ActivityManager: Got obituary of 6082:com.google.android.apps.turbo:aab
04-11 11:18:34.032  1160  3211 V ActivityManager: Got obituary of 4474:com.samsung.android.scs
04-11 11:18:34.039  1160  3211 V ActivityManager: Got obituary of 3860:com.discord
04-11 11:18:34.067  1160  4631 I ActivityManager: DSS OFF for com.android.cellbroadcastreceiver
04-11 11:18:34.072  1160  4631 D ActivityManager: attachApplicationLocked() app=ProcessRecord{39de86f 6542:com.android.cellbroadcastreceiver/u0a389} app.isolatedEntryPoint=null instr2=null
04-11 11:18:34.077  1160  4613 V ActivityManager: Got obituary of 4401:com.tacobell.ordering
04-11 11:18:34.090  1160  3395 D ActivityManager: Received BROADCAST intent 0xf0b59bc Key{broadcastIntent pkg=com.whatsapp intent=act=com.whatsapp.alarm.CLIENT_PING_PERIODIC pkg=com.whatsapp flags=0x4000000 u=0} requestCode=0 sent=0 from uid 1000
04-11 11:18:34.119  1160  4631 V ActivityManager: Got obituary of 2736:com.samsung.android.authfw
04-11 11:18:34.191  1160  4613 V ActivityManager: Got obituary of 5485:com.samsung.android.mobileservice
04-11 11:18:34.217  1160  1277 V ActivityManager: Got obituary of 4405:com.app.tgtg
04-11 11:18:34.227  1160  1279 V ActivityManager: Got obituary of 32335:net.slickdeals.android
04-11 11:18:34.263  1160  1279 V ActivityManager: Got obituary of 6294:com.sec.spp.push
04-11 11:18:34.267  1160  1277 V ActivityManager: Got obituary of 5354:com.samsung.android.game.gamehome
04-11 11:18:34.335  1160  4631 W ActivityManager: Background start not allowed: service Intent { act=com.whatsapp.messaging.MessageService.START cmp=com.whatsapp/.messaging.MessageService } to com.whatsapp/.messaging.MessageService from pid=24599 uid=10301 pkg=com.whatsapp startFg?=false
04-11 11:18:34.683  1160  1277 I ActivityManager: Changes in 10301 16 to 8, 0 to 8
04-11 11:18:35.595  1160  1277 D ActivityManager: !@AM_BOOT_PROGRESS , uid : 0, state:  -1, progress : 0, step : unlockUser, description : NULL
04-11 11:18:35.595  1160  1277 D ActivityManager: !@AM_BOOT_PROGRESS , uid : 0, state:  -1, progress : 1, step : unlockUser, description : call unlockUserCleared
04-11 11:18:35.595  1160  1277 D ActivityManager: !@AM_BOOT_PROGRESS , uid : 0, state:  -1, progress : 0, step : unlockUserCleared, description : NULL
04-11 11:18:35.604  1160  1277 W ActivityManager: UserLifecycleEvent 5 received without an active userJourneySession.
04-11 11:18:35.604  1160  1277 D ActivityManager: !@AM_BOOT_PROGRESS , uid : 0, state:  3, progress : 0, step : finishUserUnlocking, description : NULL
04-11 11:18:35.604  1160  1277 D ActivityManager: UserController event: finishUserUnlocking(0)
04-11 11:18:35.604  1160  1277 D ActivityManager: !@AM_BOOT_PROGRESS , uid : 0, state:  3, progress : 1, step : finishUserUnlocking, description : OK StorageManager.isUserKeyUnlocked
04-11 11:18:35.702  1160  1459 I ActivityManager: Changes in 10156 5 to 2, 8 to 15
04-11 11:18:35.977  1160  4613 I ActivityManager: Changes in 99854 10 to 3, 0 to 8
04-11 11:18:38.507  1160  1741 D ActivityManager: Received BROADCAST intent 0xd7bfea9 Key{broadcastIntent pkg=com.facebook.katana intent=act=WakingExecutorService.ACTION_ALARM.com.facebook.katana.Mqtt_Wakeup pkg=com.facebook.katana flags=0x4000000 u=0} requestCode=0 sent=0 from uid 1000
04-11 11:18:40.821  1160  1476 I ActivityManager: Changes in 10074 5 to 15, 8 to 0
04-11 11:18:49.589  1160  1478 I ActivityManager: Start proc 6701:com.samsung.android.game.gos/u0a226 for broadcast {com.samsung.android.game.gos/com.samsung.android.game.gos.receiver.GameServiceReceiver}
04-11 11:18:49.685  1160  1279 I ActivityManager: DSS OFF for com.samsung.android.game.gos
04-11 11:18:49.694  1160  1279 D ActivityManager: attachApplicationLocked() app=ProcessRecord{1a8bb59 6701:com.samsung.android.game.gos/u0a226} app.isolatedEntryPoint=null instr2=null
04-11 11:18:49.800  1160  1975 I ActivityManager: Killing 3816:com.sec.android.provider.badge/u0a58 (adj 935): Chimera #0
04-11 11:18:49.802  1160  1975 D ActivityManager: proc ProcessRecord{c42ba24 3816:com.sec.android.provider.badge/u0a58} already removed. so we skip next process.
04-11 11:18:49.841  1160  1279 V ActivityManager: Got obituary of 3816:com.sec.android.provider.badge
04-11 11:18:50.727  1160  1478 I ActivityManager: Start proc 6728:com.samsung.android.sm.devicesecurity/5012 for broadcast {com.samsung.android.sm.devicesecurity/com.samsung.android.sm.devicesecurity.AppVerificationReceiver}
04-11 11:18:50.779  1160  1279 I ActivityManager: DSS OFF for com.samsung.android.sm.devicesecurity
04-11 11:18:50.789  1160  1279 D ActivityManager: attachApplicationLocked() app=ProcessRecord{a4dac01 6728:com.samsung.android.sm.devicesecurity/5012} app.isolatedEntryPoint=null instr2=null
04-11 11:18:51.010  1160  4731 I ActivityManager: Changes in 99854 3 to 10, 8 to 0
04-11 11:18:51.052  1160  1477 I ActivityManager: com.samsung.android.lool is exempt from freezer
04-11 11:18:51.066  1160  1478 I ActivityManager: Start proc 6761:com.samsung.android.lool/1000 for broadcast {com.samsung.android.lool/com.samsung.android.sm.security.model.trigger.SecurityBridgeReceiver}
04-11 11:18:51.119  1160  1478 I ActivityManager: Start proc 6776:com.samsung.android.sm.policy/u0a212 for content provider {com.samsung.android.sm.policy/com.samsung.android.scpm.db.ScpmProvider}
04-11 11:18:51.127  1160  1279 I ActivityManager: DSS OFF for com.samsung.android.lool
04-11 11:18:51.137  1160  1279 D ActivityManager: attachApplicationLocked() app=ProcessRecord{a289a06 6761:com.samsung.android.lool/1000} app.isolatedEntryPoint=null instr2=null
04-11 11:18:51.164  1160  1279 I ActivityManager: DSS OFF for com.samsung.android.sm.policy
04-11 11:18:51.173  1160  1279 D ActivityManager: attachApplicationLocked() app=ProcessRecord{a65719 6776:com.samsung.android.sm.policy/u0a212} app.isolatedEntryPoint=null instr2=null
04-11 11:18:53.360  1160  4631 W ActivityManager: Broadcast Intent { act=com.sec.intent.action.CP_CHAN_INFO flg=0x1000010 (has extras) } not ordered but result callback requested!
04-11 11:18:53.588  1160  1478 I ActivityManager: Start proc 6848:com.DefaultCompany.Myproject/u0a695 for activity {com.DefaultCompany.Myproject/com.unity3d.player.UnityPlayerActivity}
04-11 11:18:53.645  1160  2564 D ActivityManager: Disabled DSS for com.DefaultCompany.Myproject since it appears to be running on an external display
04-11 11:18:53.645  1160  2564 I ActivityManager: DSS OFF for com.DefaultCompany.Myproject
04-11 11:18:53.656  1160  2564 D ActivityManager: attachApplicationLocked() app=ProcessRecord{db76346 6848:com.DefaultCompany.Myproject/u0a695} app.isolatedEntryPoint=null instr2=null
04-11 11:18:53.688  1160  1459 I ActivityManager: Changes in 10695 20 to 2, 0 to 15
04-11 11:18:53.698  1160  1478 I ActivityManager: Start proc 6863:com.samsung.android.game.gametools/u0a83 for service {com.samsung.android.game.gametools/com.samsung.android.game.gametools.floatingui.service.external.GameBoosterService}
04-11 11:18:53.733  1160  2564 I ActivityManager: DSS OFF for com.samsung.android.game.gametools
04-11 11:18:53.743  1160  2564 D ActivityManager: attachApplicationLocked() app=ProcessRecord{3dcb6fb 6863:com.samsung.android.game.gametools/u0a83} app.isolatedEntryPoint=null instr2=null
04-11 11:18:53.938  1160  1478 I ActivityManager: Start proc 6909:com.samsung.android.app.smartcapture:screenrecorder/u0a208 for content provider {com.samsung.android.app.smartcapture/com.samsung.android.app.screenrecorder.provider.ScreenRecorderProvider}
04-11 11:18:53.976  1160  4599 I ActivityManager: DSS OFF for com.samsung.android.app.smartcapture
04-11 11:18:53.982  1160  4599 D ActivityManager: attachApplicationLocked() app=ProcessRecord{fe758ec 6909:com.samsung.android.app.smartcapture:screenrecorder/u0a208} app.isolatedEntryPoint=null instr2=null
04-11 11:18:53.995  1160  1478 I ActivityManager: Start proc 6927:com.sec.android.app.soundalive/u0a141 for broadcast {com.sec.android.app.soundalive/com.sec.android.app.soundalive.receiver.SoundAliveReceiver}
04-11 11:18:54.027  1160  4599 I ActivityManager: DSS OFF for com.sec.android.app.soundalive
04-11 11:18:54.030  1160  4599 D ActivityManager: attachApplicationLocked() app=ProcessRecord{1f0abb4 6927:com.sec.android.app.soundalive/u0a141} app.isolatedEntryPoint=null instr2=null
04-11 11:18:54.313  1160  1478 I ActivityManager: Start proc 6946:com.sec.android.provider.badge/u0a58 for content provider {com.sec.android.provider.badge/com.sec.android.provider.badge.BadgeProvider}
04-11 11:18:54.339  1160  4599 I ActivityManager: DSS OFF for com.sec.android.provider.badge
04-11 11:18:54.343  1160  4599 D ActivityManager: attachApplicationLocked() app=ProcessRecord{c6af195 6946:com.sec.android.provider.badge/u0a58} app.isolatedEntryPoint=null instr2=null
04-11 11:18:54.805  1160  1975 I ActivityManager: Killing 3371:com.instagram.android/u0a615 (adj 850): Chimera #0
04-11 11:18:54.807  1160  1975 D ActivityManager: proc ProcessRecord{23e28d 3371:com.instagram.android/u0a615} already removed. so we skip next process.
04-11 11:18:54.895  1160  4613 V ActivityManager: Got obituary of 3371:com.instagram.android
04-11 11:18:55.685  1160  1477 I ActivityManager: Force stopping com.DefaultCompany.Myproject appid=10695 user=0: SPEG
04-11 11:18:55.688  1160  1477 I ActivityManager: Killing 6848:com.DefaultCompany.Myproject/u0a695 (adj 102): stop com.DefaultCompany.Myproject due to SPEG
04-11 11:18:55.689  1160  1477 D ActivityManager: proc ProcessRecord{db76346 6848:com.DefaultCompany.Myproject/u0a695} already removed. so we skip next process.
04-11 11:18:55.738  1160  4606 V ActivityManager: Got obituary of 6848:com.DefaultCompany.Myproject
04-11 11:18:55.894  1160  1459 W ActivityManager: setHasOverlayUi called on unknown pid: 6848
04-11 11:18:56.842  1160  1478 I ActivityManager: Start proc 7026:com.google.android.permissioncontroller/u0a95 for service {com.google.android.permissioncontroller/com.android.permissioncontroller.role.service.RoleControllerServiceImpl}
04-11 11:18:56.844  1160  1477 I ActivityManager: com.samsung.android.gearfitinstaller is exempt from freezer
04-11 11:18:56.860  1160  1478 I ActivityManager: Start proc 7029:com.samsung.android.gearfitinstaller/u0a465 for broadcast {com.samsung.android.gearfitinstaller/com.samsung.android.gearfitinstaller.PackageReceiver.PackageReceiver}
04-11 11:18:56.882  1160  1160 D ActivityManager: Received BROADCAST intent 0x8e9356a Key{broadcastIntent pkg=com.sec.android.diagmonagent intent=act=com.sec.android.diagmonagent.intent.PACKAGE_ADDED pkg=com.sec.android.diagmonagent cmp=com.sec.android.diagmonagent/.sa.datalogging.monitor.AppInstallationMonitor$AppInstallationBroadcastReceiver flags=0x2000000 u=0} requestCode=0 sent=0 from uid 1000
04-11 11:18:56.882  1160  1160 D ActivityManager: Received BROADCAST intent 0xbdd3e36 Key{broadcastIntent pkg=com.android.systemui intent=act=com.samsung.android.app.edgelighting.PACKAGE_ADDED cmp=com.android.systemui/.edgelighting.EdgeLightingReceiver$1 flags=0x2000000 u=0} requestCode=0 sent=0 from uid 1000
04-11 11:18:56.882  1160  1160 D ActivityManager: Received BROADCAST intent 0x9ec2137 Key{broadcastIntent pkg=com.samsung.android.provider.filterprovider intent=act=com.samsung.android.provider.filterprovider.INTENT_PACKAGE_ADDED cmp=com.samsung.android.provider.filterprovider/.PackageIntentReceiver flags=0x0 u=0} requestCode=0 sent=0 from uid 1000
04-11 11:18:56.893  1160  1160 D ActivityManager: Received SERVICE intent 0xe75ab90 Key{startService pkg=com.samsung.android.app.routines intent=act=com.samsung.android.rotine.ACTION_PACKAGE_CHANGED cmp=com.samsung.android.app.routines/.domainmodel.core.service.RoutineService flags=0x0 u=0} requestCode=10000 from uid 1000
04-11 11:18:56.893  1160  1160 D ActivityManager: Received BROADCAST intent 0x2ad1290 Key{broadcastIntent pkg=com.sec.android.app.sbrowser intent=act=com.sec.android.app.sbrowser.pending_intent.ContentBlock cmp=com.sec.android.app.sbrowser/.blockers.content_block.ContentBlockReceiver flags=0x2000000 u=0} requestCode=0 sent=0 from uid 1000
04-11 11:18:56.896  1160  1160 D ActivityManager: Received BROADCAST intent 0xab8f789 Key{broadcastIntent pkg=com.sec.android.app.sbrowser intent=act=com.sec.android.app.sbrowser.pending_intent.SIX cmp=com.sec.android.app.sbrowser/.extensions.SixIntentsReceiver flags=0x2000000 u=0} requestCode=0 sent=0 from uid 1000
04-11 11:18:56.897  1160  1160 D ActivityManager: Received SERVICE intent 0xd84f845 Key{startService pkg=com.samsung.android.app.galaxyfinder intent=act=package_changed cmp=com.samsung.android.app.galaxyfinder/.acceleration.AppCoreService flags=0x0 u=0} requestCode=0 from uid 1000
04-11 11:18:56.901  1160  1160 D ActivityManager: Received BROADCAST intent 0xc71de0e Key{broadcastIntent pkg=com.android.settings intent=act=com.samsung.android.settings.intent.action.PACKAGE_ADDED flg=0x10000000 cmp=com.android.settings/com.samsung.android.settings.applications.cachedb.AppListCacheReceiver flags=0x2000000 u=0} requestCode=0 sent=0 from uid 1000
04-11 11:18:56.902  1160  1477 I ActivityManager: com.android.settings is exempt from freezer
04-11 11:18:56.903  1160  1160 D ActivityManager: Received BROADCAST intent 0xaf8002f Key{broadcastIntent pkg=com.samsung.android.smartsuggestions intent=act=package_added cmp=com.samsung.android.smartsuggestions/com.samsung.android.app.deepsky.donation.receiver.PackageChangeReceiver flags=0x0 u=0} requestCode=0 sent=0 from uid 1000
04-11 11:18:56.914  1160  4726 I ActivityManager: DSS OFF for com.google.android.permissioncontroller
04-11 11:18:56.917  1160  4726 D ActivityManager: attachApplicationLocked() app=ProcessRecord{f8e95a1 7026:com.google.android.permissioncontroller/u0a95} app.isolatedEntryPoint=null instr2=null
04-11 11:18:56.927  1160  4606 I ActivityManager: DSS OFF for com.samsung.android.gearfitinstaller
04-11 11:18:56.930  1160  4606 D ActivityManager: attachApplicationLocked() app=ProcessRecord{1064d9b 7029:com.samsung.android.gearfitinstaller/u0a465} app.isolatedEntryPoint=null instr2=null
04-11 11:18:56.948  1160  1478 W ActivityManager: Slow operation: 64ms so far, now at startProcess: returned from zygote!
04-11 11:18:56.953  1160  1478 W ActivityManager: Slow operation: 70ms so far, now at startProcess: done updating battery stats
04-11 11:18:56.953  1160  1478 W ActivityManager: Slow operation: 70ms so far, now at startProcess: building log message
04-11 11:18:56.953  1160  1478 I ActivityManager: Start proc 7070:com.samsung.android.app.routines/u0a54 for service {com.samsung.android.app.routines/com.samsung.android.app.routines.domainmodel.core.service.RoutineService}
04-11 11:18:56.953  1160  1478 W ActivityManager: Slow operation: 70ms so far, now at startProcess: starting to update pids map
04-11 11:18:56.955  1160  1478 W ActivityManager: Slow operation: 72ms so far, now at startProcess: done updating pids map
04-11 11:18:56.955  1160  1478 W ActivityManager: Slow operation: 58ms so far, now at startProcess: asking zygote to start proc
04-11 11:18:56.978  1160  1478 W ActivityManager: Slow operation: 81ms so far, now at startProcess: returned from zygote!
04-11 11:18:56.978  1160  1478 W ActivityManager: Slow operation: 81ms so far, now at startProcess: done updating battery stats
04-11 11:18:56.979  1160  1478 W ActivityManager: Slow operation: 81ms so far, now at startProcess: building log message
04-11 11:18:56.979  1160  1478 I ActivityManager: Start proc 7080:com.samsung.android.app.galaxyfinder:appservice/u0a79 for service {com.samsung.android.app.galaxyfinder/com.samsung.android.app.galaxyfinder.acceleration.AppCoreService}
04-11 11:18:56.979  1160  1478 W ActivityManager: Slow operation: 81ms so far, now at startProcess: starting to update pids map
04-11 11:18:56.979  1160  1478 W ActivityManager: Slow operation: 81ms so far, now at startProcess: done updating pids map
04-11 11:18:56.979  1160  1478 W ActivityManager: Slow operation: 77ms so far, now at startProcess: asking zygote to start proc
04-11 11:18:57.008  1160  1478 W ActivityManager: Slow operation: 107ms so far, now at startProcess: returned from zygote!
04-11 11:18:57.008  1160  1478 W ActivityManager: Slow operation: 107ms so far, now at startProcess: done updating battery stats
04-11 11:18:57.008  1160  1478 W ActivityManager: Slow operation: 107ms so far, now at startProcess: building log message
04-11 11:18:57.008  1160  1478 I ActivityManager: Start proc 7084:com.android.settings:remote/1000 for broadcast {com.android.settings/com.samsung.android.settings.applications.cachedb.AppListCacheReceiver}
04-11 11:18:57.008  1160  1478 W ActivityManager: Slow operation: 107ms so far, now at startProcess: starting to update pids map
04-11 11:18:57.008  1160  1478 W ActivityManager: Slow operation: 107ms so far, now at startProcess: done updating pids map
04-11 11:18:57.026  1160  4606 I ActivityManager: DSS OFF for com.samsung.android.app.routines
04-11 11:18:57.033  1160  4606 D ActivityManager: attachApplicationLocked() app=ProcessRecord{cef2903 7070:com.samsung.android.app.routines/u0a54} app.isolatedEntryPoint=null instr2=null
04-11 11:18:57.047  1160  2032 I ActivityManager: DSS OFF for com.samsung.android.app.galaxyfinder
04-11 11:18:57.053  1160  2032 D ActivityManager: attachApplicationLocked() app=ProcessRecord{ba59080 7080:com.samsung.android.app.galaxyfinder:appservice/u0a79} app.isolatedEntryPoint=null instr2=null
04-11 11:18:57.090  1160  2032 I ActivityManager: DSS OFF for com.android.settings
04-11 11:18:57.095  1160  2032 D ActivityManager: attachApplicationLocked() app=ProcessRecord{a85b6b9 7084:com.android.settings:remote/1000} app.isolatedEntryPoint=null instr2=null
04-11 11:18:57.145  1160  2032 I ActivityManager: com.google.android.packageinstaller is exempt from freezer
04-11 11:18:57.166  1160  1478 I ActivityManager: Start proc 7137:com.google.android.packageinstaller/u0a88 for broadcast {com.google.android.packageinstaller/com.android.packageinstaller.PackageInstalledReceiver}
04-11 11:18:57.231  1160  2158 I ActivityManager: DSS OFF for com.google.android.packageinstaller
04-11 11:18:57.236  1160  2158 D ActivityManager: attachApplicationLocked() app=ProcessRecord{c06a6a2 7137:com.google.android.packageinstaller/u0a88} app.isolatedEntryPoint=null instr2=null
04-11 11:18:57.244  1160  2032 I ActivityManager: Changes in 99854 10 to 3, 0 to 8
04-11 11:18:57.274  1160  2248 I ActivityManager: Force stopping com.DefaultCompany.Myproject appid=10695 user=0: from pid 7175
04-11 11:18:57.297  1160  1478 I ActivityManager: Start proc 7188:com.samsung.android.rubin.app/5010 for content provider {com.samsung.android.rubin.app/com.samsung.android.rubin.controller.provider.RubinStateProvider}
04-11 11:18:57.341  1160  4603 I ActivityManager: DSS OFF for com.samsung.android.rubin.app
04-11 11:18:57.344  1160  4603 D ActivityManager: attachApplicationLocked() app=ProcessRecord{eca41e3 7188:com.samsung.android.rubin.app/5010} app.isolatedEntryPoint=null instr2=null
04-11 11:18:57.471  1160  2158 I ActivityManager: com.samsung.android.provider.filterprovider is exempt from freezer
04-11 11:18:57.485  1160  1478 I ActivityManager: Start proc 7233:com.samsung.android.provider.filterprovider/1000 for broadcast {com.samsung.android.provider.filterprovider/com.samsung.android.provider.filterprovider.PackageIntentReceiver}
04-11 11:18:57.518  1160  4606 I ActivityManager: Changes in 10112 17 to 8, 0 to 8
04-11 11:18:57.529  1160  4606 I ActivityManager: DSS OFF for com.samsung.android.provider.filterprovider
04-11 11:18:57.552  1160  4606 D ActivityManager: attachApplicationLocked() app=ProcessRecord{3e91471 7233:com.samsung.android.provider.filterprovider/1000} app.isolatedEntryPoint=null instr2=null
04-11 11:18:57.568  1160  4606 V ActivityManager: Changed top to null
04-11 11:18:57.586  1160  4606 W ActivityManager: Slow operation: 58ms so far, now at attachApplicationLocked: after sendPendingBroadcastsLocked
04-11 11:18:57.607  1160  1478 I ActivityManager: Start proc 7262:com.DefaultCompany.Myproject/u0a695 for pre-top-activity {com.DefaultCompany.Myproject/com.unity3d.player.UnityPlayerActivity}
04-11 11:18:57.659  1160  1478 I ActivityManager: Start proc 7280:com.samsung.android.app.routines:RoutineUIProcess/u0a54 for service {com.samsung.android.app.routines/com.samsung.android.app.routines.domainmodel.core.service.NotificationUpdateService}
04-11 11:18:57.661  1160  2033 I ActivityManager: DSS OFF for com.DefaultCompany.Myproject
04-11 11:18:57.665  1160  2033 D ActivityManager: attachApplicationLocked() app=ProcessRecord{a32190e 7262:com.DefaultCompany.Myproject/u0a695} app.isolatedEntryPoint=null instr2=null
04-11 11:18:57.671  1160  1459 V ActivityManager: Changed top to ProcessRecord{a32190e 7262:com.DefaultCompany.Myproject/u0a695}
04-11 11:18:57.671  1160  1459 I ActivityManager: Changes in 10695 19 to 2, 0 to 15
04-11 11:18:57.724  1160  2248 I ActivityManager: DSS OFF for com.samsung.android.app.routines
04-11 11:18:57.728  1160  2248 D ActivityManager: attachApplicationLocked() app=ProcessRecord{248cfd2 7280:com.samsung.android.app.routines:RoutineUIProcess/u0a54} app.isolatedEntryPoint=null instr2=null
04-11 11:18:57.754  1160  4603 I ActivityManager: Process com.samsung.android.messaging (pid 27068) has died: cch+85 CEM (233,1872)
--------- beginning of main
04-11 11:18:57.762  7262  7262 V Unity   : Context Type: ActivityOrService
04-11 11:18:57.831  1160  4723 I ActivityManager: Process com.samsung.android.app.galaxyfinder:appservice (pid 7080) has died: fg  SVC (227,1870)
04-11 11:18:57.872  7262  7310 I Unity   : MemoryManager: Using 'Dynamic Heap' Allocator.
04-11 11:18:57.896  1160  2143 I ActivityManager: Changes in 10112 8 to 10, 8 to 0
04-11 11:18:57.923  7262  7310 I Unity   : SystemInfo CPU = ARM64 FP ASIMD AES, Cores = 8, Memory = 7461mb
04-11 11:18:57.923  7262  7310 I Unity   : SystemInfo ARM big.LITTLE configuration: 4 big (mask: 0xf0), 4 little (mask: 0xf)
04-11 11:18:57.923  7262  7310 I Unity   : ApplicationInfo 'com.DefaultCompany.Myproject', Version '0.1', Min API Level '26', Target API Level '34'
04-11 11:18:57.923  7262  7310 I Unity   : Built from '6000.0/staging' branch, Version '6000.0.34f1 (5ab2d9ed9190)', Build type 'Release', Scripting Backend 'il2cpp', CPU 'arm64-v8a', Stripping 'Enabled'
04-11 11:18:57.923  7262  7310 I Unity   : Device Model 'samsung SM-G973U1', OS 'Android OS 12 (API 31)'
04-11 11:18:57.987  1160  1459 I ActivityManager: Changes in 10156 2 to 5, 15 to 8
04-11 11:18:58.247  7262  7310 I Unity   : Company Name: DefaultCompany
04-11 11:18:58.247  7262  7310 I Unity   : Product Name: My project
04-11 11:18:58.308  7262  7310 I Unity   : [XR] [CardboardXrMain]: Display subsystem successfully loaded.
04-11 11:18:58.308  7262  7310 I Unity   : [XR] [CardboardXrMain]: Input subsystem successfully loaded.
04-11 11:18:58.426  1160  1478 I ActivityManager: Start proc 7408:com.samsung.android.smartsuggestions:datacollector/u0a373 for broadcast {com.samsung.android.smartsuggestions/com.samsung.android.app.deepsky.donation.receiver.PackageChangeReceiver}
04-11 11:18:58.474  1160  4734 I ActivityManager: DSS OFF for com.samsung.android.smartsuggestions
04-11 11:18:58.477  1160  4734 D ActivityManager: attachApplicationLocked() app=ProcessRecord{955085b 7408:com.samsung.android.smartsuggestions:datacollector/u0a373} app.isolatedEntryPoint=null instr2=null
04-11 11:18:58.694  7262  7310 I Unity   : XRGeneral Settings awakening...
04-11 11:18:58.694  7262  7310 I Unity   : UnityEngine.DebugLogHandler:Internal_Log(LogType, LogOption, String, Object)
04-11 11:18:58.694  7262  7310 I Unity   : UnityEngine.XR.Management.XRGeneralSettings:Awake()
04-11 11:18:58.694  7262  7310 I Unity   : 
04-11 11:18:58.720  1160  1478 I ActivityManager: Start proc 7452:com.osp.app.signin/u0a118 for content provider {com.osp.app.signin/com.samsung.android.samsungaccount.authentication.data.OpenContentProvider}
04-11 11:18:58.777  1160  3211 I ActivityManager: DSS OFF for com.osp.app.signin
04-11 11:18:58.781  1160  3211 D ActivityManager: attachApplicationLocked() app=ProcessRecord{e8c2f15 7452:com.osp.app.signin/u0a118} app.isolatedEntryPoint=null instr2=null
04-11 11:18:58.802  7262  7310 I Unity   : [XR] [CardboardXrInputProvider]: Lifecycle initialized
04-11 11:18:59.113  7262  7310 I Unity   : [XR] [CardboardXrInputProvider]: Lifecycle started
04-11 11:18:59.235  7262  7382 I Unity   : [XR] [CardboardXrDisplayProvider]: Initializes Cardboard API.
04-11 11:18:59.314  1160  4723 I ActivityManager: Process com.qualcomm.telephony (pid 14479) has died: cch+95 SVC (140,1805)
04-11 11:18:59.315  1160  4723 W ActivityManager: Scheduling restart of crashed service com.qualcomm.atfwd/.AtFwdService in 1000ms for start-requested
04-11 11:18:59.349  1160  4627 I ActivityManager: Process com.samsung.android.app.appsedge (pid 31055) has died: cch+95 CEM (113,1808)
04-11 11:18:59.356  1160  4723 I ActivityManager: Changes in 5010 19 to 5, 0 to 8
04-11 11:18:59.365  1160  4723 I ActivityManager: Changes in 10118 10 to 5, 0 to 8
04-11 11:18:59.380  1160  4627 I ActivityManager: Process com.samsung.android.sdm.config (pid 6377) has died: cch+65 CEM (95,1807)
04-11 11:18:59.431  1160  2031 I ActivityManager: Process com.samsung.android.biometrics.app.setting (pid 27757) has died: cch+55 CEM (118,1799)
04-11 11:18:59.435  1160  1459 W ActivityManager: setHasOverlayUi called on unknown pid: 27757
04-11 11:18:59.444  1160  4603 I ActivityManager: Process com.samsung.android.lool (pid 6761) has died: cch+55 CEM (123,1798)
04-11 11:18:59.498  1160  4631 I ActivityManager: Process com.samsung.android.fmm (pid 9887) has died: cch+15 SVC (139,1791)
04-11 11:18:59.504  1160  4631 W ActivityManager: Scheduling restart of crashed service com.samsung.android.fmm/com.samsung.android.fme.plugin.FmeSupportFindingService in 10812ms for start-requested
04-11 11:18:59.505  1160  4631 W ActivityManager: Scheduling restart of crashed service com.samsung.android.fmm/com.samsung.android.fme.offlinefinding.OfflineFindingService in 20811ms for start-requested
04-11 11:18:59.545  1160  3211 I ActivityManager: Process com.sec.android.app.soundalive (pid 6927) has died: cch+45 CEM (152,1785)
04-11 11:18:59.580  1160  1478 I ActivityManager: Start proc 7558:com.facebook.appmanager/u0a194 for service {com.facebook.appmanager/com.facebook.analytics2.logger.legacy.uploader.LollipopUploadService}
04-11 11:18:59.644  1160  4731 I ActivityManager: DSS OFF for com.facebook.appmanager
04-11 11:18:59.647  1160  4731 D ActivityManager: attachApplicationLocked() app=ProcessRecord{30bdb16 7558:com.facebook.appmanager/u0a194} app.isolatedEntryPoint=null instr2=null
04-11 11:18:59.705  1160  3211 I ActivityManager: Process com.android.cellbroadcastreceiver (pid 6542) has died: cch+45 CEM (144,1802)
04-11 11:18:59.944  1160  4595 I ActivityManager: com.facebook.system is exempt from freezer
04-11 11:18:59.951  1160  1478 I ActivityManager: Start proc 7613:com.facebook.system/u0a76 for content provider {com.facebook.system/com.facebook.oxygen.installer.api.AppManagerApiProvider}
04-11 11:18:59.983  1160  4595 I ActivityManager: DSS OFF for com.facebook.system
04-11 11:18:59.986  1160  4595 D ActivityManager: attachApplicationLocked() app=ProcessRecord{9c5885e 7613:com.facebook.system/u0a76} app.isolatedEntryPoint=null instr2=null
04-11 11:19:00.024  1160  4595 I ActivityManager: Process com.android.settings:remote (pid 7084) has died: cch+35 CEM (148,1792)
04-11 11:19:00.046  1160  3211 I ActivityManager: Process com.samsung.android.gearfitinstaller (pid 7029) has died: cch+35 CEM (151,1794)
04-11 11:19:00.081  1160  4723 I ActivityManager: Process com.sec.android.app.shealth (pid 2394) has died: cch+15 CEM (151,1796)
04-11 11:19:00.152  1160  4595 I ActivityManager: Process com.samsung.android.sm.devicesecurity (pid 6728) has died: cch+45 CEM (145,1806)
04-11 11:19:00.185  1160  4595 I ActivityManager: Process com.google.android.packageinstaller (pid 7137) has died: cch+45 CEM (151,1809)
04-11 11:19:00.227  1160  1277 I ActivityManager: Process com.google.android.gms.unstable (pid 5635) has died: cch+15 CEM (158,1812)
04-11 11:19:00.295  1160  4595 I ActivityManager: Process com.groupon (pid 4466) has died: cch+5 CEM (175,1818)
04-11 11:19:00.329  1160  1478 I ActivityManager: Start proc 7665:com.qualcomm.telephony/u0a31 for service {com.qualcomm.atfwd/com.qualcomm.atfwd.AtFwdService}
04-11 11:19:00.362  1160  3211 I ActivityManager: DSS OFF for com.qualcomm.atfwd
04-11 11:19:00.366  1160  3211 D ActivityManager: attachApplicationLocked() app=ProcessRecord{e9ead2e 7665:com.qualcomm.telephony/u0a31} app.isolatedEntryPoint=null instr2=null
--------- beginning of crash
