04-11 10:53:59.188  1160  2031 W ActivityManager: Broadcast Intent { act=com.sec.intent.action.CP_CHAN_INFO flg=0x1000010 (has extras) } not ordered but result callback requested!
04-11 10:54:02.548  1160  1476 I ActivityManager: Changes in 10061 5 to 15, 8 to 0
04-11 10:54:03.896  1160  1803 V ActivityManager: Changed top to ProcessRecord{a339f06 6624:com.sec.android.app.launcher/u0a156}
04-11 10:54:03.918  1160  1459 I ActivityManager: Changes in 10156 5 to 2, 8 to 15
04-11 10:54:04.407  1160  1459 I ActivityManager: Changes in 10301 2 to 8, 15 to 8
04-11 10:54:04.856  1160  1803 V ActivityManager: Changed top to ProcessRecord{cf8771b 15422:com.facebook.katana/u0a175}
04-11 10:54:04.905  1160  1459 I ActivityManager: Changes in 10175 8 to 2, 0 to 15
04-11 10:54:04.908  1160  1459 I ActivityManager: Changes in 90063 8 to 3, 0 to 8
04-11 10:54:04.908  1160  1459 I ActivityManager: Changes in 10112 8 to 3, 0 to 8
04-11 10:54:05.143  1160  1478 I ActivityManager: Start proc 27068:com.samsung.android.messaging/u0a131 for IpmLaunch {com.samsung.android.messaging/com.android.mms.ui.ConversationComposer}
04-11 10:54:05.143  1160  1478 D ActivityManager: [SecIpm] it's a ML_TYPE_EMPTYPROCESS protected process com.samsung.android.messaging
04-11 10:54:05.181  1160  1277 I ActivityManager: DSS OFF for com.samsung.android.messaging
04-11 10:54:05.184  1160  1277 D ActivityManager: attachApplicationLocked() app=ProcessRecord{f243007 27068:com.samsung.android.messaging/u0a131} app.isolatedEntryPoint=null instr2=null
04-11 10:54:05.208  1160  2143 I ActivityManager: Process com.samsung.android.dynamiclock (pid 21753) has died: cch+65 CEM (156,1784)
04-11 10:54:05.236  1160  1459 I ActivityManager: Changes in 10156 2 to 5, 15 to 8
04-11 10:54:05.298  1160  4716 I ActivityManager: Process com.android.settings (pid 25006) has died: cch+65 CEM (159,1789)
04-11 10:54:05.448  1160  2207 I ActivityManager: Process com.samsung.android.scs (pid 25399) has died: cch+55 CEM (170,1800)
04-11 10:54:05.686  1160  1478 I ActivityManager: Start proc 27131:com.samsung.android.sm.policy/u0a212 for content provider {com.samsung.android.sm.policy/com.samsung.android.scpm.provider.ScpmProvider}
04-11 10:54:05.731  1160  2207 I ActivityManager: DSS OFF for com.samsung.android.sm.policy
04-11 10:54:05.735  1160  2207 D ActivityManager: attachApplicationLocked() app=ProcessRecord{5aef3af 27131:com.samsung.android.sm.policy/u0a212} app.isolatedEntryPoint=null instr2=null
04-11 10:54:05.809  1160  4716 I ActivityManager: Process com.osp.app.signin (pid 24972) has died: cch+55 CEM (166,1825)
04-11 10:54:08.926  1160  4599 I ActivityManager: Changes in 10058 19 to 5, 0 to 8
04-11 10:54:09.233  1160  1478 I ActivityManager: Start proc 27214:com.osp.app.signin/u0a118 for content provider {com.osp.app.signin/com.samsung.android.samsungaccount.profile.data.provider.ProfileProvider}
04-11 10:54:09.277  1160  4599 I ActivityManager: DSS OFF for com.osp.app.signin
04-11 10:54:09.287  1160  4599 D ActivityManager: attachApplicationLocked() app=ProcessRecord{fd52735 27214:com.osp.app.signin/u0a118} app.isolatedEntryPoint=null instr2=null
04-11 10:54:10.471  1160  1741 D ActivityManager: Received BROADCAST intent 0xd7bfea9 Key{broadcastIntent pkg=com.facebook.katana intent=act=WakingExecutorService.ACTION_ALARM.com.facebook.katana.Mqtt_Wakeup pkg=com.facebook.katana flags=0x4000000 u=0} requestCode=0 sent=0 from uid 1000
04-11 10:54:11.523  1160  2032 I ActivityManager: Changes in 99854 5 to 10, 8 to 0
04-11 10:54:14.957  1160  1476 I ActivityManager: Changes in 10058 5 to 15, 8 to 0
04-11 10:54:17.201  1160  1478 I ActivityManager: Start proc 27337:com.discord/u0a25 for broadcast {com.discord/com.google.firebase.iid.FirebaseInstanceIdReceiver}
04-11 10:54:17.237  1160  4716 I ActivityManager: DSS OFF for com.discord
04-11 10:54:17.240  1160  4716 D ActivityManager: attachApplicationLocked() app=ProcessRecord{ed5db1f 27337:com.discord/u0a25} app.isolatedEntryPoint=null instr2=null
04-11 10:54:24.845  1160  1477 I ActivityManager: com.sec.android.app.sbrowser is exempt from freezer
04-11 10:54:24.864  1160  1478 I ActivityManager: Start proc 27452:com.sec.android.app.sbrowser/u0a186 for service {com.sec.android.app.sbrowser/com.sec.android.app.sbrowser.customtabs.CustomTabsConnectionService}
04-11 10:54:24.911  1160  1851 I ActivityManager: DSS OFF for com.sec.android.app.sbrowser
04-11 10:54:24.924  1160  1851 D ActivityManager: attachApplicationLocked() app=ProcessRecord{c3792c8 27452:com.sec.android.app.sbrowser/u0a186} app.isolatedEntryPoint=null instr2=null
04-11 10:54:25.678  1160  1851 I ActivityManager: Changes in 10301 8 to 10, 8 to 0
04-11 10:54:26.145  1160  1478 I ActivityManager: Start proc 27521:com.sec.android.app.sbrowser:sandboxed_process0:org.chromium.content.app.SandboxedProcessService0:0/u0i870 for service {com.sec.android.app.sbrowser/org.chromium.content.app.SandboxedProcessService0:0}
04-11 10:54:26.191  1160  4716 I ActivityManager: DSS OFF for com.sec.android.app.sbrowser
04-11 10:54:26.195  1160  4716 D ActivityManager: attachApplicationLocked() app=ProcessRecord{73e0296 27521:com.sec.android.app.sbrowser:sandboxed_process0:org.chromium.content.app.SandboxedProcessService0:0/u0a186i870} app.isolatedEntryPoint=null instr2=null
04-11 10:54:26.383  1160  1477 W ActivityManager: Stopping service due to app idle: u0a551 -13m1s531ms com.facebook.orca/com.facebook.mqtt.service.MqttServiceV2
04-11 10:54:53.752  1160  1802 I ActivityManager: Changes in 99854 19 to 3, 0 to 8
04-11 10:55:04.408  1160  1477 W ActivityManager: Stopping service due to app idle: u0a301 -3m31s995ms com.whatsapp/.messaging.MessageService
04-11 10:55:08.778  1160  1851 I ActivityManager: Changes in 99854 3 to 10, 8 to 0
04-11 10:55:09.443  1160  1478 I ActivityManager: Start proc 27703:com.google.android.apps.turbo/u0a155 for broadcast {com.google.android.apps.turbo/com.google.android.apps.turbo.nudges.broadcasts.BatteryStatusChangedReceiver}
04-11 10:55:09.487  1160  1851 I ActivityManager: DSS OFF for com.google.android.apps.turbo
04-11 10:55:09.498  1160  1851 D ActivityManager: attachApplicationLocked() app=ProcessRecord{2a0aaa2 27703:com.google.android.apps.turbo/u0a155} app.isolatedEntryPoint=null instr2=null
04-11 10:55:26.215  1160  1478 I ActivityManager: Start proc 27743:com.samsung.android.dynamiclock/u0a74 for content provider {com.samsung.android.dynamiclock/com.samsung.android.dynamiclock.data.provider.DynamicLockProvider}
04-11 10:55:26.255  1160  1878 I ActivityManager: com.samsung.android.biometrics.app.setting is exempt from freezer
04-11 10:55:26.271  1160  4739 I ActivityManager: DSS OFF for com.samsung.android.dynamiclock
04-11 10:55:26.286  1160  4739 D ActivityManager: attachApplicationLocked() app=ProcessRecord{1b7339c 27743:com.samsung.android.dynamiclock/u0a74} app.isolatedEntryPoint=null instr2=null
04-11 10:55:26.289  1160  4739 I ActivityManager: Changes in 10074 20 to 5, 0 to 8
04-11 10:55:26.295  1160  1478 I ActivityManager: Start proc 27757:com.samsung.android.biometrics.app.setting/1000 for service {com.samsung.android.biometrics.app.setting/com.samsung.android.biometrics.app.setting.BiometricsUIService}
04-11 10:55:26.314  1160  4739 I ActivityManager: DSS OFF for com.samsung.android.biometrics.app.setting
04-11 10:55:26.317  1160  4739 D ActivityManager: attachApplicationLocked() app=ProcessRecord{d5c5a34 27757:com.samsung.android.biometrics.app.setting/1000} app.isolatedEntryPoint=null instr2=null
04-11 10:55:26.519  1160  1459 I ActivityManager: Changes in 90063 3 to 10, 8 to 0
04-11 10:55:26.520  1160  1459 I ActivityManager: Changes in 10175 2 to 10, 15 to 0
04-11 10:55:26.520  1160  1459 I ActivityManager: Changes in 10112 3 to 10, 8 to 0
04-11 10:55:27.425  1160  1478 I ActivityManager: Start proc 27831:com.samsung.android.email.provider/u0a135 for content provider {com.samsung.android.email.provider/com.samsung.android.email.provider.provider.database.EmailProvider}
04-11 10:55:27.530  1160  4606 I ActivityManager: DSS OFF for com.samsung.android.email.provider
04-11 10:55:27.533  1160  4606 D ActivityManager: attachApplicationLocked() app=ProcessRecord{db0d0d9 27831:com.samsung.android.email.provider/u0a135} app.isolatedEntryPoint=null instr2=null
04-11 10:55:27.534  1160  4606 I ActivityManager: Changes in 10135 20 to 5, 0 to 8
04-11 10:55:27.923  1160  1851 I ActivityManager: Changes in 99854 19 to 5, 0 to 8
04-11 10:55:27.929  1160  1478 I ActivityManager: Start proc 27874:com.google.android.webview:sandboxed_process0:org.chromium.content.app.SandboxedProcessService0:0/u0i871 for  {com.samsung.android.email.provider/org.chromium.content.app.SandboxedProcessService0:0}
04-11 10:55:27.929  1160  1478 I ActivityManager: check webview name : com.google.android.webview:sandboxed_process0:org.chromium.content.app.SandboxedProcessService0:0check hostingname webview : {com.samsung.android.email.provider/org.chromium.content.app.SandboxedProcessService0:0}
04-11 10:55:27.945  1160  2032 I ActivityManager: DSS OFF for com.samsung.android.email.provider
04-11 10:55:27.948  1160  2032 D ActivityManager: attachApplicationLocked() app=ProcessRecord{4a07e0a 27874:com.google.android.webview:sandboxed_process0:org.chromium.content.app.SandboxedProcessService0:0/u0a135i871} app.isolatedEntryPoint=null instr2=null
04-11 10:55:27.949  1160  2032 I ActivityManager: Changes in 99871 20 to 5, 0 to 8
04-11 10:55:28.064  1160  1478 I ActivityManager: Start proc 27910:com.google.android.webview:webview_service/u0a224 for service {com.google.android.webview/org.chromium.android_webview.services.ComponentsProviderService}
04-11 10:55:28.120  1160  4727 I ActivityManager: DSS OFF for com.google.android.webview
04-11 10:55:28.136  1160  4727 D ActivityManager: attachApplicationLocked() app=ProcessRecord{7506b55 27910:com.google.android.webview:webview_service/u0a224} app.isolatedEntryPoint=null instr2=null
04-11 10:55:28.144  1160  4727 I ActivityManager: Changes in 10224 20 to 5, 0 to 8
04-11 10:55:28.287  1160  1851 I ActivityManager: Changes in 10224 5 to 10, 8 to 0
04-11 10:55:28.324  1160  4726 I ActivityManager: Changes in 10061 19 to 5, 0 to 8
04-11 10:55:31.171  1160  1741 D ActivityManager: Received BROADCAST intent 0xdd28070 Key{broadcastIntent pkg=com.android.systemui intent=act=com.android.internal.policy.impl.PhoneWindowManager.DELAYED_KEYGUARD flg=0x10000000 flags=0x4000000 u=0} requestCode=0 sent=0 from uid 1000
04-11 10:55:32.608  1160  1476 I ActivityManager: Changes in 10074 5 to 15, 8 to 0
04-11 10:55:33.779  1160  1476 I ActivityManager: Changes in 10135 5 to 15, 8 to 0
04-11 10:55:33.787  1160  1476 I ActivityManager: Changes in 99871 5 to 15, 8 to 0
04-11 10:55:33.787  1160  1476 I ActivityManager: Changes in 99854 5 to 15, 8 to 0
04-11 10:55:33.787  1160  1476 I ActivityManager: Changes in 10061 5 to 15, 8 to 0
04-11 10:55:45.175  1160  1741 D ActivityManager: Received BROADCAST intent 0x5e044d7 Key{broadcastIntent pkg=com.sec.epdg intent=act=com.sec.epdg.PERIODIC_DPD_TIMER_EXPIRED flags=0x2000000 u=-1} requestCode=1 sent=0 from uid 1000
04-11 10:55:45.199  1160  1741 D ActivityManager: Received BROADCAST intent 0x51edf7a Key{broadcastIntent pkg=android intent=act=FIRST_ALARM_TRIGGER_ACTION flg=0x40000000 pkg=android flags=0x4000000 u=0} requestCode=0 sent=0 from uid 1000
04-11 10:55:45.201  1160  1741 D ActivityManager: Received BROADCAST intent 0xd7bfea9 Key{broadcastIntent pkg=com.facebook.katana intent=act=WakingExecutorService.ACTION_ALARM.com.facebook.katana.Mqtt_Wakeup pkg=com.facebook.katana flags=0x4000000 u=0} requestCode=0 sent=0 from uid 1000
04-11 10:56:05.086  1160  1478 I ActivityManager: Start proc 27998:net.slickdeals.android/u0a305 for broadcast {net.slickdeals.android/com.google.firebase.iid.FirebaseInstanceIdReceiver}
04-11 10:56:05.148  1160  4606 I ActivityManager: DSS OFF for net.slickdeals.android
04-11 10:56:05.159  1160  4606 D ActivityManager: attachApplicationLocked() app=ProcessRecord{7ff7d9b 27998:net.slickdeals.android/u0a305} app.isolatedEntryPoint=null instr2=null
04-11 10:56:06.196  1160  1478 I ActivityManager: Start proc 28083:com.google.android.webview:sandboxed_process0:org.chromium.content.app.SandboxedProcessService0:0/u0i872 for  {net.slickdeals.android/org.chromium.content.app.SandboxedProcessService0:0}
04-11 10:56:06.196  1160  1478 I ActivityManager: check webview name : com.google.android.webview:sandboxed_process0:org.chromium.content.app.SandboxedProcessService0:0check hostingname webview : {net.slickdeals.android/org.chromium.content.app.SandboxedProcessService0:0}
04-11 10:56:06.235  1160  4727 I ActivityManager: DSS OFF for net.slickdeals.android
04-11 10:56:06.239  1160  4727 D ActivityManager: attachApplicationLocked() app=ProcessRecord{de094e3 28083:com.google.android.webview:sandboxed_process0:org.chromium.content.app.SandboxedProcessService0:0/u0a305i872} app.isolatedEntryPoint=null instr2=null
04-11 10:56:15.010  1160  1478 I ActivityManager: Start proc 28234:com.samsung.android.networkdiagnostic/5023 for broadcast {com.samsung.android.networkdiagnostic/com.samsung.android.networkdiagnostic.receiver.NetworkDiagnosticReceiver}
04-11 10:56:15.058  1160  4726 I ActivityManager: DSS OFF for com.samsung.android.networkdiagnostic
04-11 10:56:15.066  1160  4726 D ActivityManager: attachApplicationLocked() app=ProcessRecord{db80a51 28234:com.samsung.android.networkdiagnostic/5023} app.isolatedEntryPoint=null instr2=null
04-11 10:56:15.231  1160  1478 I ActivityManager: Start proc 28255:com.samsung.android.app.telephonyui/1001 for content provider {com.samsung.android.app.telephonyui/com.samsung.android.app.telephonyui.provider.InternalContentProvider}
04-11 10:56:15.282  1160  1802 I ActivityManager: DSS OFF for com.samsung.android.app.telephonyui
04-11 10:56:15.292  1160  1802 D ActivityManager: attachApplicationLocked() app=ProcessRecord{efc1b3e 28255:com.samsung.android.app.telephonyui/1001} app.isolatedEntryPoint=null instr2=null
04-11 10:56:15.388  1160  2207 I ActivityManager: com.samsung.android.dqagent is exempt from freezer
04-11 10:56:15.402  1160  1478 I ActivityManager: Start proc 28274:com.samsung.android.dqagent/1000 for broadcast {com.samsung.android.dqagent/com.samsung.android.dqagent.receiver.DQADataReceiver}
04-11 10:56:15.461  1160  4726 I ActivityManager: DSS OFF for com.samsung.android.dqagent
04-11 10:56:15.471  1160  4726 D ActivityManager: attachApplicationLocked() app=ProcessRecord{2da5ff0 28274:com.samsung.android.dqagent/1000} app.isolatedEntryPoint=null instr2=null
04-11 10:56:18.860  1160  4726 W ActivityManager: Slow operation: 382ms so far, now at attachApplicationLocked: immediately after bindApplication
04-11 10:56:18.863  1160  4726 W ActivityManager: Slow operation: 384ms so far, now at attachApplicationLocked: after updateLruProcessLocked
04-11 10:56:18.866  1160  4726 W ActivityManager: Slow operation: 387ms so far, now at attachApplicationLocked: after mServices.attachApplicationLocked
04-11 10:56:18.868  1160  4726 W ActivityManager: Slow operation: 389ms so far, now at attachApplicationLocked: after sendPendingBroadcastsLocked
04-11 10:56:31.967  1160  2334 D ActivityManager: Received BROADCAST intent 0x12a05bc Key{broadcastIntent pkg=android intent=act=com.samsung.android.wifi.GEOFENCE flags=0x2000000 u=0} requestCode=1 sent=0 from uid 1000
04-11 10:56:31.970  1160  2334 D ActivityManager: Received BROADCAST intent 0xe83889a Key{broadcastIntent pkg=android intent=act=com.samsung.android.wifi.GEOFENCE flags=0x2000000 u=0} requestCode=2 sent=0 from uid 1000
04-11 10:56:31.972  1160  2334 D ActivityManager: Received BROADCAST intent 0xd6da343 Key{broadcastIntent pkg=android intent=act=com.samsung.android.wifi.GEOFENCE flags=0x2000000 u=0} requestCode=4 sent=0 from uid 1000
04-11 10:56:31.973  1160  2334 D ActivityManager: Received BROADCAST intent 0x83f1dc0 Key{broadcastIntent pkg=android intent=act=com.samsung.android.wifi.GEOFENCE flags=0x2000000 u=0} requestCode=5 sent=0 from uid 1000
04-11 10:56:32.232  1160  1478 I ActivityManager: Start proc 28369:com.samsung.android.app.sharelive/5026 for service {com.samsung.android.app.sharelive/com.samsung.android.mobileservice.policy.presentation.service.GetPolicyJobService}
04-11 10:56:32.279  1160  4726 I ActivityManager: DSS OFF for com.samsung.android.app.sharelive
04-11 10:56:32.288  1160  4726 D ActivityManager: attachApplicationLocked() app=ProcessRecord{4b910be 28369:com.samsung.android.app.sharelive/5026} app.isolatedEntryPoint=null instr2=null
04-11 10:56:34.805  1160  1843 I ActivityManager: Changes in 10061 19 to 5, 0 to 8
04-11 10:56:41.708  1160  1476 I ActivityManager: Changes in 10061 5 to 15, 8 to 0
04-11 10:57:45.207  1160  1741 D ActivityManager: Received BROADCAST intent 0x5e044d7 Key{broadcastIntent pkg=com.sec.epdg intent=act=com.sec.epdg.PERIODIC_DPD_TIMER_EXPIRED flags=0x2000000 u=-1} requestCode=1 sent=0 from uid 1000
04-11 10:57:54.578  1160  2334 D ActivityManager: Received BROADCAST intent 0x12a05bc Key{broadcastIntent pkg=android intent=act=com.samsung.android.wifi.GEOFENCE flags=0x2000000 u=0} requestCode=1 sent=0 from uid 1000
04-11 10:57:54.581  1160  2334 D ActivityManager: Received BROADCAST intent 0xe83889a Key{broadcastIntent pkg=android intent=act=com.samsung.android.wifi.GEOFENCE flags=0x2000000 u=0} requestCode=2 sent=0 from uid 1000
04-11 10:57:54.584  1160  2334 D ActivityManager: Received BROADCAST intent 0xd6da343 Key{broadcastIntent pkg=android intent=act=com.samsung.android.wifi.GEOFENCE flags=0x2000000 u=0} requestCode=4 sent=0 from uid 1000
04-11 10:57:54.587  1160  2334 D ActivityManager: Received BROADCAST intent 0x83f1dc0 Key{broadcastIntent pkg=android intent=act=com.samsung.android.wifi.GEOFENCE flags=0x2000000 u=0} requestCode=5 sent=0 from uid 1000
04-11 10:58:14.580  1160  1477 W ActivityManager: Stopping service due to app idle: u0a175 -4h16m24s800ms com.facebook.katana/com.facebook.mqtt.service.MqttServiceV2
04-11 10:59:37.200  1160  1741 D ActivityManager: Received BROADCAST intent 0x4190c38 Key{broadcastIntent pkg=com.google.android.gms/com.google.android.gms.location_base intent=act=com.google.android.location.ALARM_WAKEUP_ACTIVITY_DETECTION flags=0x4000000 u=0} requestCode=0 sent=0 from uid 1000
04-11 10:59:37.257  1160  1802 D ActivityManager: Received SERVICE intent 0x3f7d90b Key{startService pkg=com.google.android.gms/current_semantic_location intent=act=com.google.android.gms.semanticlocation.ACTION_LOCATION cmp=com.google.android.gms/.semanticlocation.service.SemanticLocationService flags=0x2000000 u=0} requestCode=0 from uid 10092
04-11 10:59:37.572  1160  4726 I ActivityManager: Changes in 99854 19 to 5, 0 to 8
04-11 10:59:45.232  1160  1741 D ActivityManager: Received BROADCAST intent 0x5e044d7 Key{broadcastIntent pkg=com.sec.epdg intent=act=com.sec.epdg.PERIODIC_DPD_TIMER_EXPIRED flags=0x2000000 u=-1} requestCode=1 sent=0 from uid 1000
04-11 10:59:45.693  1160  1741 D ActivityManager: Received BROADCAST intent 0x4190c38 Key{broadcastIntent pkg=com.google.android.gms/com.google.android.gms.location_base intent=act=com.google.android.location.ALARM_WAKEUP_ACTIVITY_DETECTION flags=0x4000000 u=0} requestCode=0 sent=0 from uid 1000
04-11 10:59:49.220  1160  1851 D ActivityManager: Received SERVICE intent 0x9948d54 Key{startService pkg=com.google.android.gms/current_semantic_location intent=act=com.google.android.gms.semanticlocation.ACTION_ACTIVITY cmp=com.google.android.gms/.semanticlocation.service.SemanticLocationService flags=0x2000000 u=0} requestCode=0 from uid 10092
04-11 10:59:49.236  1160  1851 D ActivityManager: Received SERVICE intent 0x23c213c Key{startService pkg=com.google.android.gms/fused_location_provider intent=act=com.google.android.gms.location.util.nlp.RESULT cat=[targeted_intent_op_prefix:.location.util.nlp.NlpInternalApi$NlpReceiverIntentOperation] cmp=com.google.android.gms/.chimera.PersistentIntentOperationService flags=0x2000000 u=0} requestCode=0 from uid 10092
04-11 10:59:49.243  1160  2207 D ActivityManager: Received BROADCAST intent 0xda946cb Key{broadcastIntent pkg=com.google.android.gms/com.google.android.gms.personalsafety intent=act=com.google.android.gms.personalsafety.scanners.ACTION_ACTIVITY_DETECTED pkg=com.google.android.gms flags=0x2000000 u=0} requestCode=0 sent=0 from uid 10092
04-11 10:59:49.253  1160  1851 D ActivityManager: Received SERVICE intent 0x6efed9a Key{startService pkg=com.google.android.gms/fused_location_provider intent=act=com.google.android.location.internal.action.FLP_AR_RESULT pkg=com.google.android.gms cmp=com.google.android.gms/com.google.android.location.internal.PendingIntentCallbackService flags=0x2000000 u=0} requestCode=0 from uid 10092
04-11 11:00:10.131  1160  1843 I ActivityManager: Changes in 10061 19 to 5, 0 to 8
04-11 11:00:10.278  1160  1851 I ActivityManager: Changes in 99854 5 to 10, 8 to 0
04-11 11:00:14.069  1160  2032 I ActivityManager: Changes in 10074 19 to 5, 0 to 8
04-11 11:00:14.126  1160  4727 W ActivityManager: Broadcast Intent { act=com.sec.intent.action.CP_CHAN_INFO flg=0x1000010 (has extras) } not ordered but result callback requested!
04-11 11:00:14.189  1160  3395 D ActivityManager: Received BROADCAST intent 0x3d92114 Key{broadcastIntent pkg=com.facebook.orca intent=act=WakingExecutorService.ACTION_ALARM.com.facebook.orca.Mqtt_Wakeup pkg=com.facebook.orca flags=0x4000000 u=0} requestCode=0 sent=0 from uid 1000
04-11 11:00:14.287  1160  1802 W ActivityManager: Background start not allowed: service Intent { cmp=com.facebook.katana/com.facebook.mqtt.service.MqttServiceV2 (has extras) } to com.facebook.katana/com.facebook.mqtt.service.MqttServiceV2 from pid=15422 uid=10175 pkg=com.facebook.katana startFg?=false
04-11 11:00:14.767  1160  2207 I ActivityManager: Process com.sec.unifiedwfc (pid 26574) has died: cch+99 CEM (193,1175)
04-11 11:00:16.183  1160  1476 I ActivityManager: Changes in 10061 5 to 15, 8 to 0
04-11 11:00:17.276  1160  2334 D ActivityManager: Received BROADCAST intent 0x12a05bc Key{broadcastIntent pkg=android intent=act=com.samsung.android.wifi.GEOFENCE flags=0x2000000 u=0} requestCode=1 sent=0 from uid 1000
04-11 11:00:17.278  1160  2334 D ActivityManager: Received BROADCAST intent 0xe83889a Key{broadcastIntent pkg=android intent=act=com.samsung.android.wifi.GEOFENCE flags=0x2000000 u=0} requestCode=2 sent=0 from uid 1000
04-11 11:00:17.283  1160  2334 D ActivityManager: Received BROADCAST intent 0xd6da343 Key{broadcastIntent pkg=android intent=act=com.samsung.android.wifi.GEOFENCE flags=0x2000000 u=0} requestCode=4 sent=0 from uid 1000
04-11 11:00:17.288  1160  2334 D ActivityManager: Received BROADCAST intent 0x83f1dc0 Key{broadcastIntent pkg=android intent=act=com.samsung.android.wifi.GEOFENCE flags=0x2000000 u=0} requestCode=5 sent=0 from uid 1000
04-11 11:00:19.187  1160  1741 D ActivityManager: Received BROADCAST intent 0xaeee18d Key{broadcastIntent pkg=com.facebook.services intent=act=com.facebook.rti.fbns.intent.ACTION_ALARM.FBNS_SCHEDULED_REDELIVERY pkg=com.facebook.services flags=0x4000000 u=0} requestCode=0 sent=0 from uid 1000
04-11 11:00:19.193  1160  1741 D ActivityManager: Received BROADCAST intent 0xd7bfea9 Key{broadcastIntent pkg=com.facebook.katana intent=act=WakingExecutorService.ACTION_ALARM.com.facebook.katana.Mqtt_Wakeup pkg=com.facebook.katana flags=0x4000000 u=0} requestCode=0 sent=0 from uid 1000
04-11 11:00:19.475  1160  2207 I ActivityManager: Changes in 10135 19 to 5, 0 to 8
04-11 11:00:19.481  1160  2207 I ActivityManager: Changes in 99871 19 to 5, 0 to 8
04-11 11:00:19.669  1160  4599 W ActivityManager: Background start not allowed: service Intent { cmp=com.facebook.katana/com.facebook.mqtt.service.MqttServiceV2 (has extras) } to com.facebook.katana/com.facebook.mqtt.service.MqttServiceV2 from pid=15422 uid=10175 pkg=com.facebook.katana startFg?=false
04-11 11:00:21.714  1160  1459 I ActivityManager: Changes in 10175 12 to 2, 0 to 15
04-11 11:00:21.722  1160  4606 D ActivityManager: !@AM_BOOT_PROGRESS , uid : 0, state:  -1, progress : 0, step : unlockUser, description : NULL
04-11 11:00:21.722  1160  4606 D ActivityManager: !@AM_BOOT_PROGRESS , uid : 0, state:  -1, progress : 1, step : unlockUser, description : call unlockUserCleared
04-11 11:00:21.722  1160  4606 D ActivityManager: !@AM_BOOT_PROGRESS , uid : 0, state:  -1, progress : 0, step : unlockUserCleared, description : NULL
04-11 11:00:21.744  1160  4606 W ActivityManager: UserLifecycleEvent 5 received without an active userJourneySession.
04-11 11:00:21.744  1160  4606 D ActivityManager: !@AM_BOOT_PROGRESS , uid : 0, state:  3, progress : 0, step : finishUserUnlocking, description : NULL
04-11 11:00:21.744  1160  4606 D ActivityManager: UserController event: finishUserUnlocking(0)
04-11 11:00:21.744  1160  4606 D ActivityManager: !@AM_BOOT_PROGRESS , uid : 0, state:  3, progress : 1, step : finishUserUnlocking, description : OK StorageManager.isUserKeyUnlocked
04-11 11:00:21.746  1160  1459 I ActivityManager: Changes in 90063 12 to 3, 0 to 8
04-11 11:00:21.746  1160  1459 I ActivityManager: Changes in 10112 12 to 3, 0 to 8
04-11 11:00:22.032  1160  1975 I ActivityManager: Killing 27337:com.discord/u0a25 (adj 975): Chimera #0
04-11 11:00:22.036  1160  1975 D ActivityManager: proc ProcessRecord{ed5db1f 27337:com.discord/u0a25} already removed. so we skip next process.
04-11 11:00:22.039  1160  1975 I ActivityManager: Killing 27998:net.slickdeals.android/u0a305 (adj 925): Chimera #0
04-11 11:00:22.062  1160  1975 I ActivityManager: Killing 28083:com.google.android.webview:sandboxed_process0:org.chromium.content.app.SandboxedProcessService0:0/u0a305i872 (adj 0): isolated not needed
04-11 11:00:22.063  1160  1975 D ActivityManager: proc ProcessRecord{7ff7d9b 27998:net.slickdeals.android/u0a305} already removed. so we skip next process.
04-11 11:00:22.093  1160  1975 I ActivityManager: Killing 26632:com.samsung.android.samsungpassautofill/u0a207 (adj 995): Chimera #0
04-11 11:00:22.096  1160  1975 D ActivityManager: proc ProcessRecord{139dc29 26632:com.samsung.android.samsungpassautofill/u0a207} already removed. so we skip next process.
04-11 11:00:22.099  1160  4726 I ActivityManager: Changes in 99854 10 to 5, 0 to 8
04-11 11:00:22.167  1160  1975 I ActivityManager: Killing 27131:com.samsung.android.sm.policy/u0a212 (adj 965): Chimera #0
04-11 11:00:22.168  1160  1975 D ActivityManager: proc ProcessRecord{5aef3af 27131:com.samsung.android.sm.policy/u0a212} already removed. so we skip next process.
04-11 11:00:22.168  1160  1277 V ActivityManager: Got obituary of 26632:com.samsung.android.samsungpassautofill
04-11 11:00:22.204  1160  4603 V ActivityManager: Got obituary of 27337:com.discord
04-11 11:00:22.207  1160  1975 I ActivityManager: Killing 27910:com.google.android.webview:webview_service/u0a224 (adj 925): Chimera #0
04-11 11:00:22.208  1160  1975 D ActivityManager: proc ProcessRecord{7506b55 27910:com.google.android.webview:webview_service/u0a224} already removed. so we skip next process.
04-11 11:00:22.228  1160  1975 I ActivityManager: Killing 27214:com.osp.app.signin/u0a118 (adj 955): Chimera #0
04-11 11:00:22.228  1160  1975 D ActivityManager: proc ProcessRecord{fd52735 27214:com.osp.app.signin/u0a118} already removed. so we skip next process.
04-11 11:00:22.258  1160  1975 I ActivityManager: Killing 26655:com.samsung.android.samsungpass/u0a127 (adj 975): Chimera #0
04-11 11:00:22.271  1160  1975 W ActivityManager: Scheduling restart of crashed service com.samsung.android.samsungpass/.passservice.PassService in 1000ms for connection
04-11 11:00:22.272  1160  1975 D ActivityManager: proc ProcessRecord{c1d3e55 26655:com.samsung.android.samsungpass/u0a127} already removed. so we skip next process.
04-11 11:00:22.273  1160  4599 V ActivityManager: Got obituary of 27131:com.samsung.android.sm.policy
04-11 11:00:22.277  1160  1277 V ActivityManager: Got obituary of 27910:com.google.android.webview:webview_service
04-11 11:00:22.291  1160  1975 I ActivityManager: Killing 28369:com.samsung.android.app.sharelive/5026 (adj 925): Chimera #0
04-11 11:00:22.292  1160  1975 D ActivityManager: proc ProcessRecord{4b910be 28369:com.samsung.android.app.sharelive/5026} already removed. so we skip next process.
04-11 11:00:22.317  1160  1975 I ActivityManager: Killing 18463:android:drmService/1000 (adj 800): Chimera #0
04-11 11:00:22.318  1160  1975 W ActivityManager: Scheduling restart of crashed service android/com.android.server.DrmEventService in 1000ms for persistent
04-11 11:00:22.321  1160  1975 D ActivityManager: proc ProcessRecord{a2d20e7 18463:android:drmService/1000} already removed. so we skip next process.
04-11 11:00:22.354  1160  2143 W ActivityManager: Background start not allowed: service Intent { act=com.whatsapp.messaging.MessageService.START cmp=com.whatsapp/.messaging.MessageService } to com.whatsapp/.messaging.MessageService from pid=24599 uid=10301 pkg=com.whatsapp startFg?=false
04-11 11:00:22.372  1160  2158 V ActivityManager: Got obituary of 18463:android:drmService
04-11 11:00:22.379  1160  1277 V ActivityManager: Got obituary of 26655:com.samsung.android.samsungpass
04-11 11:00:22.394  1160  1277 V ActivityManager: Got obituary of 28369:com.samsung.android.app.sharelive
04-11 11:00:22.419  1160  4727 V ActivityManager: Got obituary of 27214:com.osp.app.signin
04-11 11:00:22.419  1160  4606 V ActivityManager: Got obituary of 27998:net.slickdeals.android
04-11 11:00:22.685  1160  4734 I ActivityManager: Changes in 10301 15 to 8, 0 to 8
04-11 11:00:23.278  1160  1478 I ActivityManager: Start proc 29026:com.samsung.android.samsungpass/u0a127 for service {com.samsung.android.samsungpass/com.samsung.android.samsungpass.passservice.PassService}
04-11 11:00:23.319  1160  1477 I ActivityManager: android is exempt from freezer
04-11 11:00:23.331  1160  1478 I ActivityManager: Start proc 29040:android:drmService/1000 for service {android/com.android.server.DrmEventService}
04-11 11:00:23.336  1160  1277 I ActivityManager: DSS OFF for com.samsung.android.samsungpass
04-11 11:00:23.340  1160  1277 D ActivityManager: attachApplicationLocked() app=ProcessRecord{203de0 29026:com.samsung.android.samsungpass/u0a127} app.isolatedEntryPoint=null instr2=null
04-11 11:00:23.380  1160  4723 I ActivityManager: DSS OFF for android
04-11 11:00:23.383  1160  4723 D ActivityManager: attachApplicationLocked() app=ProcessRecord{3026b6a 29040:android:drmService/1000} app.isolatedEntryPoint=null instr2=null
04-11 11:00:23.469  1160  4716 I ActivityManager: Process com.samsung.android.app.routines (pid 26683) has died: cch+75 CEM (215,1291)
04-11 11:00:24.633  1160  2334 D ActivityManager: Received BROADCAST intent 0x12a05bc Key{broadcastIntent pkg=android intent=act=com.samsung.android.wifi.GEOFENCE flags=0x2000000 u=0} requestCode=1 sent=0 from uid 1000
04-11 11:00:24.637  1160  2334 D ActivityManager: Received BROADCAST intent 0xe83889a Key{broadcastIntent pkg=android intent=act=com.samsung.android.wifi.GEOFENCE flags=0x2000000 u=0} requestCode=2 sent=0 from uid 1000
04-11 11:00:24.652  1160  2334 D ActivityManager: Received BROADCAST intent 0xd6da343 Key{broadcastIntent pkg=android intent=act=com.samsung.android.wifi.GEOFENCE flags=0x2000000 u=0} requestCode=4 sent=0 from uid 1000
04-11 11:00:24.653  1160  2334 D ActivityManager: Received BROADCAST intent 0x83f1dc0 Key{broadcastIntent pkg=android intent=act=com.samsung.android.wifi.GEOFENCE flags=0x2000000 u=0} requestCode=5 sent=0 from uid 1000
04-11 11:00:25.014  1160  1843 I ActivityManager: Changes in 10061 15 to 5, 0 to 8
04-11 11:00:25.179  1160  4628 W ActivityManager: Broadcast Intent { act=com.sec.intent.action.CP_CHAN_INFO flg=0x1000010 (has extras) } not ordered but result callback requested!
04-11 11:00:25.215  1160  1478 I ActivityManager: Start proc 29155:com.microsoft.appmanager/u0a161 for service {com.microsoft.appmanager/androidx.work.impl.background.systemjob.SystemJobService}
04-11 11:00:25.222  1160  1478 I ActivityManager: Start proc 29156:com.instagram.android/u0a615 for service {com.instagram.android/com.instagram.jobscheduler.bgfetch.scheduler.IgBgFetchSchedulerService}
04-11 11:00:25.222  1160  1478 D ActivityManager: [SecIpm] it's a ML_TYPE_EMPTYPROCESS protected process com.instagram.android
04-11 11:00:25.294  1160  4716 I ActivityManager: DSS OFF for com.instagram.android
04-11 11:00:25.299  1160  4716 D ActivityManager: attachApplicationLocked() app=ProcessRecord{a2059e1 29156:com.instagram.android/u0a615} app.isolatedEntryPoint=null instr2=null
04-11 11:00:25.308  1160  4628 W ActivityManager: Broadcast Intent { act=com.sec.intent.action.CP_CHAN_INFO flg=0x1000010 (has extras) } not ordered but result callback requested!
04-11 11:00:25.319  1160  4734 I ActivityManager: DSS OFF for com.microsoft.appmanager
04-11 11:00:25.325  1160  4734 D ActivityManager: attachApplicationLocked() app=ProcessRecord{4abb3cf 29155:com.microsoft.appmanager/u0a161} app.isolatedEntryPoint=null instr2=null
04-11 11:00:25.924  1160  1478 I ActivityManager: Start proc 29289:com.samsung.android.mdx/u0a101 for content provider {com.samsung.android.mdx/com.samsung.android.mdx.windowslink.tileservice.StateContentProvider}
04-11 11:00:25.982  1160  4716 I ActivityManager: DSS OFF for com.samsung.android.mdx
04-11 11:00:25.997  1160  4716 D ActivityManager: attachApplicationLocked() app=ProcessRecord{27e6311 29289:com.samsung.android.mdx/u0a101} app.isolatedEntryPoint=null instr2=null
04-11 11:00:26.217  1160  1478 I ActivityManager: Start proc 29423:com.samsung.android.app.routines/u0a54 for content provider {com.samsung.android.app.routines/com.samsung.android.app.routines.domainmodel.core.RoutineInfoProvider}
04-11 11:00:26.282  1160  4723 I ActivityManager: DSS OFF for com.samsung.android.app.routines
04-11 11:00:26.288  1160  4723 D ActivityManager: attachApplicationLocked() app=ProcessRecord{81e62dc 29423:com.samsung.android.app.routines/u0a54} app.isolatedEntryPoint=null instr2=null
04-11 11:00:26.355  1160  4628 I ActivityManager: Process com.samsung.android.app.appsedge (pid 26823) has died: cch+65 CEM (220,1549)
04-11 11:00:26.473  1160  4606 I ActivityManager: Process com.samsung.android.rubin.app (pid 24844) has died: cch+75 CEM (203,1558)
04-11 11:00:26.499  1160  2031 I ActivityManager: Process com.google.android.permissioncontroller (pid 26680) has died: cch+65 CEM (203,1560)
04-11 11:00:26.507  1160  4595 W ActivityManager: Background start not allowed: service Intent { cmp=com.instagram.android/com.instagram.jobscheduler.bgfetch.scheduler.IgBgFetchTaskLifeService (has extras) } to com.instagram.android/com.instagram.jobscheduler.bgfetch.scheduler.IgBgFetchTaskLifeService from pid=29156 uid=10615 pkg=com.instagram.android startFg?=false
04-11 11:00:26.537  1160  2031 I ActivityManager: Process com.google.process.gapps (pid 26458) has died: cch+55 CEM (214,1560)
04-11 11:00:27.004  1160  1478 I ActivityManager: Start proc 29645:com.google.process.gapps/u0a92 for content provider {com.google.android.gsf/com.google.android.gsf.settings.GoogleSettingsProvider}
04-11 11:00:27.042  1160  2031 I ActivityManager: DSS OFF for com.google.android.gsf
04-11 11:00:27.046  1160  2031 D ActivityManager: attachApplicationLocked() app=ProcessRecord{a32b0e1 29645:com.google.process.gapps/u0a92} app.isolatedEntryPoint=null instr2=null
04-11 11:00:27.092  1160  4716 I ActivityManager: Process com.android.vending:background (pid 26307) has died: cch+45 CEM (168,1552)
04-11 11:00:27.215  1160  1476 I ActivityManager: Changes in 10074 5 to 15, 8 to 0
04-11 11:00:27.237  1160  1476 I ActivityManager: Changes in 10135 5 to 15, 8 to 0
04-11 11:00:27.246  1160  1476 I ActivityManager: Changes in 99871 5 to 15, 8 to 0
04-11 11:00:27.942  1160  1741 D ActivityManager: Received BROADCAST intent 0x954f29f Key{broadcastIntent pkg=com.sec.android.sdhms intent=act=com.sec.android.alarm.refresh.battery_stats flags=0x4000000 u=0} requestCode=0 sent=0 from uid 1000
04-11 11:00:27.943  1160  1741 D ActivityManager: Received BROADCAST intent 0xd7bfea9 Key{broadcastIntent pkg=com.facebook.katana intent=act=WakingExecutorService.ACTION_ALARM.com.facebook.katana.Mqtt_Wakeup pkg=com.facebook.katana flags=0x4000000 u=0} requestCode=0 sent=0 from uid 1000
04-11 11:00:31.046  1160  1476 I ActivityManager: Changes in 10061 5 to 15, 8 to 0
04-11 11:00:31.201  1160  2158 D ActivityManager: Received ACTIVITY intent 0x717606b Key{startActivity pkg=com.google.android.gm intent=act=android.intent.action.VIEW dat=content://com.google.android.gm.sapi/aditya.udyavar@gmail.com/notifications?account_type=com.google typ=application/gmail-ls flg=0x1000c000 cmp=com.google.android.gm/.ui.MailActivityGmail flags=0x4000000 u=0} requestCode=-686683213 res=0 from uid 10054
04-11 11:00:31.202  1160  4723 V ActivityManager: Changed top to ProcessRecord{a339f06 6624:com.sec.android.app.launcher/u0a156}
04-11 11:00:31.235  1160  1459 V ActivityManager: Changed top to ProcessRecord{b529243 8532:com.google.android.gm/u0a254}
04-11 11:00:31.236  1160  1459 I ActivityManager: Changes in 10254 18 to 2, 0 to 15
04-11 11:00:31.254  1160  1459 I ActivityManager: Changes in 99863 17 to 3, 0 to 8
04-11 11:00:31.530  1160  2031 W ActivityManager: Unable to start service Intent { cmp=com.google.android.calendar/.timely.CalendarOobeService } U=0: not found
04-11 11:00:31.533  1160  2031 W ActivityManager: Unbind failed: could not find connection for android.os.BinderProxy@e242d7e
04-11 11:00:31.737  1160  4613 I ActivityManager: Process com.google.android.apps.turbo (pid 27703) has died: cch+55 CEM (187,1538)
04-11 11:00:31.807  1160  1459 I ActivityManager: Changes in 90063 3 to 10, 8 to 0
04-11 11:00:31.807  1160  1459 I ActivityManager: Changes in 10175 2 to 10, 15 to 0
04-11 11:00:31.807  1160  1459 I ActivityManager: Changes in 10112 3 to 10, 8 to 0
04-11 11:00:32.055  1160  1975 I ActivityManager: Killing 28255:com.samsung.android.app.telephonyui/1001 (adj 955): Chimera #0
04-11 11:00:32.058  1160  1975 D ActivityManager: proc ProcessRecord{efc1b3e 28255:com.samsung.android.app.telephonyui/1001} already removed. so we skip next process.
04-11 11:00:32.089  1160  2564 V ActivityManager: Got obituary of 28255:com.samsung.android.app.telephonyui
04-11 11:00:32.648  1160  4613 I ActivityManager: Process com.samsung.android.dqagent (pid 28274) has died: cch+45 CEM (195,1590)
04-11 11:00:41.223  1160  1741 D ActivityManager: Received SERVICE intent 0xc6c7cb3 Key{startService pkg=com.google.android.gms/com.google.android.gms.auth_authzen__phone intent=act=com.google.android.gms.auth.authzen.cryptauth.DEVICE_STATE_CHECK_DELAY_COMPLETE cat=[targeted_intent_op_prefix:.auth.authzen.cryptauth.DeviceStateSyncManager$CheckStateEventIntentOperation] cmp=com.google.android.gms/.chimera.GmsIntentOperationService flags=0x2000000 u=0} requestCode=0 from uid 1000
04-11 11:00:41.236  1160  1741 D ActivityManager: Received BROADCAST intent 0x1ddf9d8 Key{broadcastIntent pkg=com.whatsapp intent=act=com.whatsapp.alarm.CLIENT_PING_PERIODIC pkg=com.whatsapp flags=0x4000000 u=0} requestCode=0 sent=0 from uid 1000
04-11 11:00:41.237  1160  1741 D ActivityManager: Received BROADCAST intent 0xd7bfea9 Key{broadcastIntent pkg=com.facebook.katana intent=act=WakingExecutorService.ACTION_ALARM.com.facebook.katana.Mqtt_Wakeup pkg=com.facebook.katana flags=0x4000000 u=0} requestCode=0 sent=0 from uid 1000
04-11 11:00:43.620  1160  4731 W ActivityManager: Broadcast Intent { act=com.sec.intent.action.CP_CHAN_INFO flg=0x1000010 (has extras) } not ordered but result callback requested!
04-11 11:00:43.622  1160  1279 W ActivityManager: Broadcast Intent { act=com.sec.intent.action.CP_CHAN_INFO flg=0x1000010 (has extras) } not ordered but result callback requested!
04-11 11:00:53.003  1160  1279 I ActivityManager: Changes in 10301 8 to 10, 8 to 0
04-11 11:01:29.523  1160  2143 I ActivityManager: Changes in 10301 16 to 8, 0 to 8
04-11 11:01:31.793  1160  1477 W ActivityManager: Stopping service due to app idle: u0a175 -4h19m42s13ms com.facebook.katana/com.facebook.mqtt.service.MqttServiceV2
04-11 11:01:36.984  1160  1741 D ActivityManager: Received BROADCAST intent 0x7be0cb8 Key{broadcastIntent pkg=com.google.android.gms/com.google.android.gms.scheduler intent=act=com.google.android.gms.gcm.ACTION_CHECK_QUEUE cmp=com.google.android.gms/.gcm.nts.SchedulerInternalReceiver flags=0x2000000 u=0} requestCode=0 sent=0 from uid 1000
04-11 11:01:37.010  1160  1478 I ActivityManager: Start proc 29942:com.google.android.apps.turbo:aab/u0a155 for service {com.google.android.apps.turbo/com.google.android.libraries.smartbattery.appusage.library.InferAppBucketsJob}
04-11 11:01:37.069  1160  1279 I ActivityManager: DSS OFF for com.google.android.apps.turbo
04-11 11:01:37.083  1160  1279 D ActivityManager: attachApplicationLocked() app=ProcessRecord{15df51f 29942:com.google.android.apps.turbo:aab/u0a155} app.isolatedEntryPoint=null instr2=null
04-11 11:01:37.708  1160  2033 I ActivityManager: Changes in 10074 19 to 5, 0 to 8
04-11 11:01:38.041  1160  1459 I ActivityManager: Changes in 99863 3 to 12, 8 to 0
04-11 11:01:38.041  1160  1459 I ActivityManager: Changes in 99854 3 to 12, 8 to 0
04-11 11:01:38.041  1160  1459 I ActivityManager: Changes in 10254 2 to 12, 15 to 0
04-11 11:01:38.745  1160  4731 I ActivityManager: Changes in 10135 19 to 5, 0 to 8
04-11 11:01:38.750  1160  4731 I ActivityManager: Changes in 99871 19 to 5, 0 to 8
04-11 11:01:39.331  1160  2143 I ActivityManager: Changes in 99854 8 to 8, 0 to 8
04-11 11:01:39.340  1160  2033 I ActivityManager: Changes in 99854 8 to 8, 8 to 0
04-11 11:01:39.344  1160  2143 I ActivityManager: Changes in 99854 8 to 8, 0 to 8
04-11 11:01:39.347  1160  2033 I ActivityManager: Changes in 99854 8 to 10, 8 to 0
04-11 11:01:42.683  1160  1741 D ActivityManager: Received BROADCAST intent 0xf6de991 Key{broadcastIntent pkg=com.android.systemui intent=act=com.android.internal.policy.impl.PhoneWindowManager.DELAYED_KEYGUARD flg=0x10000000 flags=0x4000000 u=0} requestCode=0 sent=0 from uid 1000
04-11 11:01:43.734  1160  1476 I ActivityManager: Changes in 10074 5 to 15, 8 to 0
04-11 11:01:44.761  1160  1476 I ActivityManager: Changes in 10135 5 to 15, 8 to 0
04-11 11:01:44.770  1160  1476 I ActivityManager: Changes in 99871 5 to 15, 8 to 0
04-11 11:01:45.262  1160  1741 D ActivityManager: Received BROADCAST intent 0x5e044d7 Key{broadcastIntent pkg=com.sec.epdg intent=act=com.sec.epdg.PERIODIC_DPD_TIMER_EXPIRED flags=0x2000000 u=-1} requestCode=1 sent=0 from uid 1000
04-11 11:01:45.281  1160  1741 D ActivityManager: Received BROADCAST intent 0x51edf7a Key{broadcastIntent pkg=android intent=act=FIRST_ALARM_TRIGGER_ACTION flg=0x40000000 pkg=android flags=0x4000000 u=0} requestCode=0 sent=0 from uid 1000
04-11 11:01:45.282  1160  1741 D ActivityManager: Received BROADCAST intent 0xd7bfea9 Key{broadcastIntent pkg=com.facebook.katana intent=act=WakingExecutorService.ACTION_ALARM.com.facebook.katana.Mqtt_Wakeup pkg=com.facebook.katana flags=0x4000000 u=0} requestCode=0 sent=0 from uid 1000
04-11 11:01:50.868  1160  1478 I ActivityManager: Start proc 30017:net.slickdeals.android/u0a305 for broadcast {net.slickdeals.android/com.google.firebase.iid.FirebaseInstanceIdReceiver}
04-11 11:01:50.936  1160  2143 I ActivityManager: DSS OFF for net.slickdeals.android
04-11 11:01:50.950  1160  2143 D ActivityManager: attachApplicationLocked() app=ProcessRecord{25db8d3 30017:net.slickdeals.android/u0a305} app.isolatedEntryPoint=null instr2=null
04-11 11:01:51.885  1160  1478 I ActivityManager: Start proc 30104:com.google.android.webview:sandboxed_process0:org.chromium.content.app.SandboxedProcessService0:0/u0i873 for  {net.slickdeals.android/org.chromium.content.app.SandboxedProcessService0:0}
04-11 11:01:51.885  1160  1478 I ActivityManager: check webview name : com.google.android.webview:sandboxed_process0:org.chromium.content.app.SandboxedProcessService0:0check hostingname webview : {net.slickdeals.android/org.chromium.content.app.SandboxedProcessService0:0}
04-11 11:01:51.919  1160  2143 I ActivityManager: DSS OFF for net.slickdeals.android
04-11 11:01:51.921  1160  2143 D ActivityManager: attachApplicationLocked() app=ProcessRecord{f5d0091 30104:com.google.android.webview:sandboxed_process0:org.chromium.content.app.SandboxedProcessService0:0/u0a305i873} app.isolatedEntryPoint=null instr2=null
04-11 11:01:52.026  1160  1478 I ActivityManager: Start proc 30142:com.google.android.webview:webview_service/u0a224 for service {com.google.android.webview/org.chromium.android_webview.services.ComponentsProviderService}
04-11 11:01:52.103  1160  2143 I ActivityManager: DSS OFF for com.google.android.webview
04-11 11:01:52.113  1160  2143 D ActivityManager: attachApplicationLocked() app=ProcessRecord{5bfa0fb 30142:com.google.android.webview:webview_service/u0a224} app.isolatedEntryPoint=null instr2=null
04-11 11:01:59.711  1160  4731 I ActivityManager: Changes in 10301 8 to 10, 8 to 0
04-11 11:02:08.297  1160  1477 I ActivityManager: com.samsung.android.dqagent is exempt from freezer
04-11 11:02:08.326  1160  1478 I ActivityManager: Start proc 30295:com.samsung.android.dqagent/1000 for broadcast {com.samsung.android.dqagent/com.samsung.android.dqagent.receiver.DQADataReceiver}
04-11 11:02:08.383  1160  4613 I ActivityManager: DSS OFF for com.samsung.android.dqagent
04-11 11:02:08.399  1160  4613 D ActivityManager: attachApplicationLocked() app=ProcessRecord{e6a2c49 30295:com.samsung.android.dqagent/1000} app.isolatedEntryPoint=null instr2=null
04-11 11:02:30.004  1160  1843 I ActivityManager: Changes in 10061 19 to 5, 0 to 8
04-11 11:02:34.014  1160  4723 I ActivityManager: Changes in 10074 19 to 5, 0 to 8
04-11 11:02:34.091  1160  4723 W ActivityManager: Background start not allowed: service Intent { cmp=com.facebook.katana/com.facebook.mqtt.service.MqttServiceV2 (has extras) } to com.facebook.katana/com.facebook.mqtt.service.MqttServiceV2 from pid=15422 uid=10175 pkg=com.facebook.katana startFg?=false
04-11 11:02:34.742  1160  4726 W ActivityManager: Background start not allowed: service Intent { act=com.whatsapp.messaging.MessageService.START cmp=com.whatsapp/.messaging.MessageService } to com.whatsapp/.messaging.MessageService from pid=24599 uid=10301 pkg=com.whatsapp startFg?=false
04-11 11:02:35.051  1160  1279 I ActivityManager: Changes in 10135 19 to 5, 0 to 8
04-11 11:02:35.054  1160  1279 I ActivityManager: Changes in 99871 19 to 5, 0 to 8
04-11 11:02:35.089  1160  2031 I ActivityManager: Changes in 10301 16 to 8, 0 to 8
04-11 11:02:36.053  1160  1476 I ActivityManager: Changes in 10061 5 to 15, 8 to 0
04-11 11:02:40.381  1160  1476 I ActivityManager: Changes in 10074 5 to 15, 8 to 0
04-11 11:02:41.063  1160  1476 I ActivityManager: Changes in 10135 5 to 15, 8 to 0
04-11 11:02:41.073  1160  1476 I ActivityManager: Changes in 99871 5 to 15, 8 to 0
04-11 11:02:41.888  1160  1843 I ActivityManager: Changes in 10061 15 to 5, 0 to 8
04-11 11:02:47.920  1160  1476 I ActivityManager: Changes in 10061 5 to 15, 8 to 0
04-11 11:02:57.806  1160  1160 D ActivityManager: Received BROADCAST intent 0xd07a734 Key{broadcastIntent pkg=android intent=act=com.sec.media.action.AUDIOCORE_LOGGING flags=0x4000000 u=0} requestCode=0 sent=0 from uid 1000
04-11 11:02:57.807  1160  1160 D ActivityManager: Received BROADCAST intent 0x59ee4bf Key{broadcastIntent pkg=android intent=act=com.android.server.action.NETWORK_STATS_POLL flags=0x4000000 u=0} requestCode=0 sent=0 from uid 1000
04-11 11:02:57.807  1160  1160 D ActivityManager: Received BROADCAST intent 0x51edf7a Key{broadcastIntent pkg=android intent=act=FIRST_ALARM_TRIGGER_ACTION flg=0x40000000 pkg=android flags=0x4000000 u=0} requestCode=0 sent=0 from uid 1000
04-11 11:02:57.807  1160  1160 D ActivityManager: Received BROADCAST intent 0xd7bfea9 Key{broadcastIntent pkg=com.facebook.katana intent=act=WakingExecutorService.ACTION_ALARM.com.facebook.katana.Mqtt_Wakeup pkg=com.facebook.katana flags=0x4000000 u=0} requestCode=0 sent=0 from uid 1000
04-11 11:02:57.828  1160  2143 I ActivityManager: Changes in 10074 15 to 5, 0 to 8
04-11 11:02:57.856  1160  4603 W ActivityManager: Background start not allowed: service Intent { cmp=com.facebook.katana/com.facebook.mqtt.service.MqttServiceV2 (has extras) } to com.facebook.katana/com.facebook.mqtt.service.MqttServiceV2 from pid=15422 uid=10175 pkg=com.facebook.katana startFg?=false
04-11 11:03:00.994  1160  1741 D ActivityManager: Received BROADCAST intent 0x7e2db07 Key{broadcastIntent pkg=com.whatsapp intent=act=com.whatsapp.action.HOURLY_CRON cmp=com.whatsapp/.alarmservice.AlarmBroadcastReceiver flags=0x4000000 u=0} requestCode=0 sent=0 from uid 1000
04-11 11:03:00.996  1160  1741 D ActivityManager: Received BROADCAST intent 0xdcb75b5 Key{broadcastIntent pkg=com.whatsapp intent=act=com.whatsapp.alarm.CLIENT_PING_PERIODIC pkg=com.whatsapp flags=0x4000000 u=0} requestCode=0 sent=0 from uid 1000
04-11 11:03:00.997  1160  1741 D ActivityManager: Received BROADCAST intent 0x86d862b Key{broadcastIntent pkg=android intent=act=com.sec.media.action.VIBRTOR_LOGGING flags=0x4000000 u=0} requestCode=0 sent=0 from uid 1000
04-11 11:03:02.864  1160  1741 D ActivityManager: Received BROADCAST intent 0xd7bfea9 Key{broadcastIntent pkg=com.facebook.katana intent=act=WakingExecutorService.ACTION_ALARM.com.facebook.katana.Mqtt_Wakeup pkg=com.facebook.katana flags=0x4000000 u=0} requestCode=0 sent=0 from uid 1000
04-11 11:03:04.127  1160  1478 I ActivityManager: Start proc 30718:com.samsung.android.privacydashboard/u0a515 for content provider {com.samsung.android.privacydashboard/com.samsung.android.privacydashboard.provider.PermissionAccessInformationContentProvider}
04-11 11:03:04.187  1160  2031 I ActivityManager: DSS OFF for com.samsung.android.privacydashboard
