04-11 11:05:12.718  1160  4606 I ActivityManager: DSS OFF for com.samsung.android.networkdiagnostic
04-11 11:05:12.732  1160  4606 D ActivityManager: attachApplicationLocked() app=ProcessRecord{4ce1f67 1432:com.samsung.android.networkdiagnostic/5023} app.isolatedEntryPoint=null instr2=null
04-11 11:05:12.947  1160  1477 I ActivityManager: com.samsung.android.dqagent is exempt from freezer
04-11 11:05:12.968  1160  1478 I ActivityManager: Start proc 1539:com.samsung.android.dqagent/1000 for broadcast {com.samsung.android.dqagent/com.samsung.android.dqagent.receiver.DQADataReceiver}
04-11 11:05:13.040  1160  4606 I ActivityManager: DSS OFF for com.samsung.android.dqagent
04-11 11:05:13.052  1160  4606 D ActivityManager: attachApplicationLocked() app=ProcessRecord{d6eb962 1539:com.samsung.android.dqagent/1000} app.isolatedEntryPoint=null instr2=null
04-11 11:05:13.813  1160  1478 I ActivityManager: Start proc 1656:com.sec.unifiedwfc/u0a230 for broadcast {com.sec.unifiedwfc/com.sec.unifiedwfc.EpdgEventReceiver}
04-11 11:05:13.873  1160  4627 I ActivityManager: DSS OFF for com.sec.unifiedwfc
04-11 11:05:13.885  1160  4627 D ActivityManager: attachApplicationLocked() app=ProcessRecord{50e90c2 1656:com.sec.unifiedwfc/u0a230} app.isolatedEntryPoint=null instr2=null
04-11 11:05:15.145  1160  1160 D ActivityManager: Received SERVICE intent 0xe75ab90 Key{startService pkg=com.samsung.android.app.routines intent=act=com.samsung.android.rotine.ACTION_PACKAGE_CHANGED cmp=com.samsung.android.app.routines/.domainmodel.core.service.RoutineService flags=0x0 u=0} requestCode=10000 from uid 1000
04-11 11:05:15.148  1160  1160 D ActivityManager: Received SERVICE intent 0xd84f845 Key{startService pkg=com.samsung.android.app.galaxyfinder intent=act=package_changed cmp=com.samsung.android.app.galaxyfinder/.acceleration.AppCoreService flags=0x0 u=0} requestCode=0 from uid 1000
04-11 11:05:15.158  1160  1478 I ActivityManager: Start proc 1769:com.samsung.android.app.galaxyfinder:appservice/u0a79 for service {com.samsung.android.app.galaxyfinder/com.samsung.android.app.galaxyfinder.acceleration.AppCoreService}
04-11 11:05:15.199  1160  4738 I ActivityManager: DSS OFF for com.samsung.android.app.galaxyfinder
04-11 11:05:15.208  1160  4738 D ActivityManager: attachApplicationLocked() app=ProcessRecord{77a802c 1769:com.samsung.android.app.galaxyfinder:appservice/u0a79} app.isolatedEntryPoint=null instr2=null
04-11 11:05:15.303  1160  1478 I ActivityManager: Start proc 1919:com.samsung.android.rubin.app/5010 for content provider {com.samsung.android.rubin.app/com.samsung.android.rubin.controller.provider.RubinStateProvider}
04-11 11:05:15.374  1160  4716 I ActivityManager: DSS OFF for com.samsung.android.rubin.app
04-11 11:05:15.380  1160  4716 D ActivityManager: attachApplicationLocked() app=ProcessRecord{cbbb51c 1919:com.samsung.android.rubin.app/5010} app.isolatedEntryPoint=null instr2=null
04-11 11:05:15.487  1160  1279 I ActivityManager: Process com.samsung.android.app.galaxyfinder:appservice (pid 1769) has died: fg  SVC (195,1706)
04-11 11:05:15.928  1160  1277 I ActivityManager: Changes in 5010 19 to 5, 0 to 8
04-11 11:05:15.933  1160  1277 I ActivityManager: Changes in 10118 19 to 5, 0 to 8
04-11 11:05:16.461  1160  1975 I ActivityManager: Killing 32185:com.android.settings.intelligence/u0a133 (adj 985): Chimera #0
04-11 11:05:16.462  1160  1975 D ActivityManager: proc ProcessRecord{a9ee5b7 32185:com.android.settings.intelligence/u0a133} already removed. so we skip next process.
04-11 11:05:16.465  1160  1975 I ActivityManager: Killing 24809:com.samsung.android.app.galaxyfinder/u0a79 (adj 999): Chimera #0
04-11 11:05:16.466  1160  1975 D ActivityManager: proc ProcessRecord{26d12f4 24809:com.samsung.android.app.galaxyfinder/u0a79} already removed. so we skip next process.
04-11 11:05:16.508  1160  4627 V ActivityManager: Got obituary of 32185:com.android.settings.intelligence
04-11 11:05:16.529  1160  4595 V ActivityManager: Got obituary of 24809:com.samsung.android.app.galaxyfinder
04-11 11:05:16.530  1160  1459 W ActivityManager: setHasOverlayUi called on unknown pid: 24809
04-11 11:05:21.927  1160  1476 I ActivityManager: Changes in 10118 5 to 15, 8 to 0
04-11 11:05:22.017  1160  1476 I ActivityManager: Changes in 5010 5 to 15, 8 to 0
04-11 11:05:24.403  1160  4606 I ActivityManager: Changes in 10074 19 to 5, 0 to 8
04-11 11:05:25.526  1160  1478 I ActivityManager: Start proc 2132:com.samsung.android.email.provider/u0a135 for content provider {com.samsung.android.email.provider/com.samsung.android.email.provider.provider.database.EmailProvider}
04-11 11:05:25.603  1160  4723 I ActivityManager: DSS OFF for com.samsung.android.email.provider
04-11 11:05:25.611  1160  4723 D ActivityManager: attachApplicationLocked() app=ProcessRecord{1c4156e 2132:com.samsung.android.email.provider/u0a135} app.isolatedEntryPoint=null instr2=null
04-11 11:05:25.613  1160  4723 I ActivityManager: Changes in 10135 20 to 5, 0 to 8
04-11 11:05:25.943  1160  4731 I ActivityManager: Changes in 99854 19 to 5, 0 to 8
04-11 11:05:25.952  1160  1478 I ActivityManager: Start proc 2215:com.google.android.webview:sandboxed_process0:org.chromium.content.app.SandboxedProcessService0:0/u0i875 for  {com.samsung.android.email.provider/org.chromium.content.app.SandboxedProcessService0:0}
04-11 11:05:25.953  1160  1478 I ActivityManager: check webview name : com.google.android.webview:sandboxed_process0:org.chromium.content.app.SandboxedProcessService0:0check hostingname webview : {com.samsung.android.email.provider/org.chromium.content.app.SandboxedProcessService0:0}
04-11 11:05:25.983  1160  4731 I ActivityManager: DSS OFF for com.samsung.android.email.provider
04-11 11:05:25.988  1160  4731 D ActivityManager: attachApplicationLocked() app=ProcessRecord{bbb9b7e 2215:com.google.android.webview:sandboxed_process0:org.chromium.content.app.SandboxedProcessService0:0/u0a135i875} app.isolatedEntryPoint=null instr2=null
04-11 11:05:25.989  1160  4731 I ActivityManager: Changes in 99875 20 to 5, 0 to 8
04-11 11:05:25.991  1160  4595 I ActivityManager: Changes in 10224 19 to 5, 0 to 8
04-11 11:05:26.189  1160  4726 I ActivityManager: Changes in 10224 5 to 10, 8 to 0
04-11 11:05:26.241  1160  4595 I ActivityManager: Changes in 10061 19 to 5, 0 to 8
04-11 11:05:29.377  1160  1741 D ActivityManager: Received BROADCAST intent 0xe7e8576 Key{broadcastIntent pkg=com.android.systemui intent=act=com.android.internal.policy.impl.PhoneWindowManager.DELAYED_KEYGUARD flg=0x10000000 flags=0x4000000 u=0} requestCode=0 sent=0 from uid 1000
04-11 11:05:30.421  1160  1476 I ActivityManager: Changes in 10074 5 to 15, 8 to 0
04-11 11:05:31.865  1160  1476 I ActivityManager: Changes in 10135 5 to 15, 8 to 0
04-11 11:05:31.880  1160  1476 I ActivityManager: Changes in 99875 5 to 15, 8 to 0
04-11 11:05:31.880  1160  1476 I ActivityManager: Changes in 99854 5 to 15, 8 to 0
04-11 11:05:31.880  1160  1476 I ActivityManager: Changes in 10061 5 to 15, 8 to 0
04-11 11:05:40.173  1160  1477 W ActivityManager: Stopping service due to app idle: u0a301 -5m17s819ms com.whatsapp/.messaging.MessageService
04-11 11:05:40.635  1160  2564 I ActivityManager: Changes in 10301 8 to 10, 8 to 0
04-11 11:05:55.701  1160  1478 I ActivityManager: Start proc 2394:com.sec.android.app.shealth/u0a308 for service {com.sec.android.app.shealth/androidx.work.impl.background.systemjob.SystemJobService}
04-11 11:05:55.757  1160  1851 I ActivityManager: DSS OFF for com.sec.android.app.shealth
04-11 11:05:55.769  1160  1851 D ActivityManager: attachApplicationLocked() app=ProcessRecord{3982f9c 2394:com.sec.android.app.shealth/u0a308} app.isolatedEntryPoint=null instr2=null
04-11 11:05:56.454  1160  1851 I ActivityManager: Changes in 10118 8 to 5, 0 to 8
04-11 11:06:02.499  1160  1476 I ActivityManager: Changes in 10118 5 to 15, 8 to 0
04-11 11:06:16.956  1160  1279 I ActivityManager: Changes in 10301 16 to 8, 0 to 8
04-11 11:06:25.583  1160  1741 D ActivityManager: Received BROADCAST intent 0x51edf7a Key{broadcastIntent pkg=android intent=act=FIRST_ALARM_TRIGGER_ACTION flg=0x40000000 pkg=android flags=0x4000000 u=0} requestCode=0 sent=0 from uid 1000
04-11 11:06:25.611  1160  1741 D ActivityManager: Received BROADCAST intent 0xaeee18d Key{broadcastIntent pkg=com.facebook.services intent=act=com.facebook.rti.fbns.intent.ACTION_ALARM.FBNS_SCHEDULED_REDELIVERY pkg=com.facebook.services flags=0x4000000 u=0} requestCode=0 sent=0 from uid 1000
04-11 11:06:25.638  1160  1741 D ActivityManager: Received BROADCAST intent 0xd7bfea9 Key{broadcastIntent pkg=com.facebook.katana intent=act=WakingExecutorService.ACTION_ALARM.com.facebook.katana.Mqtt_Wakeup pkg=com.facebook.katana flags=0x4000000 u=0} requestCode=0 sent=0 from uid 1000
04-11 11:06:25.817  1160  1851 I ActivityManager: com.samsung.android.lool is exempt from freezer
04-11 11:06:25.837  1160  1478 I ActivityManager: Start proc 2541:com.samsung.android.sm.provider/1000 for content provider {com.samsung.android.lool/com.samsung.android.sm.database.SmProvider}
04-11 11:06:25.852  1160  4727 D ActivityManager: Received SERVICE intent 0xf9ca3e9 Key{startService pkg=com.google.android.gms/com.google.android.gms.fitness intent=cmp=com.google.android.gms/.fitness.cache.DataUpdateListenerCacheService flags=0x2000000 u=0} requestCode=2 from uid 10092
04-11 11:06:25.897  1160  1851 I ActivityManager: DSS OFF for com.samsung.android.lool
04-11 11:06:25.907  1160  1851 D ActivityManager: attachApplicationLocked() app=ProcessRecord{8376b6e 2541:com.samsung.android.sm.provider/1000} app.isolatedEntryPoint=null instr2=null
04-11 11:06:26.316  1160  4731 I ActivityManager: Killing 31391:com.google.process.gapps/u0a92 (adj 999): empty #33
04-11 11:06:47.042  1160  4727 I ActivityManager: Changes in 10301 8 to 10, 8 to 0
04-11 11:06:53.111  1160  3211 I ActivityManager: Changes in 10301 16 to 8, 0 to 8
04-11 11:07:06.163  1160  1851 I ActivityManager: Changes in 10074 19 to 5, 0 to 8
04-11 11:07:06.954  1160  1975 I ActivityManager: Killing 2132:com.samsung.android.email.provider/u0a135 (adj 945): Chimera #0
04-11 11:07:06.958  1160  1975 I ActivityManager: Killing 2215:com.google.android.webview:sandboxed_process0:org.chromium.content.app.SandboxedProcessService0:0/u0a135i875 (adj 0): isolated not needed
04-11 11:07:06.959  1160  1975 D ActivityManager: proc ProcessRecord{1c4156e 2132:com.samsung.android.email.provider/u0a135} already removed. so we skip next process.
04-11 11:07:06.961  1160  1975 I ActivityManager: Killing 15631:com.sec.android.provider.badge/u0a58 (adj 999): Chimera #0
04-11 11:07:06.964  1160  1975 D ActivityManager: proc ProcessRecord{6be3d2 15631:com.sec.android.provider.badge/u0a58} already removed. so we skip next process.
04-11 11:07:06.965  1160  1975 I ActivityManager: Killing 1088:com.samsung.android.authfw/5278 (adj 999): Chimera #0
04-11 11:07:06.968  1160  1975 W ActivityManager: Scheduling restart of crashed service com.samsung.android.authfw/.pass.PassService in 1000ms for connection
04-11 11:07:06.969  1160  1975 D ActivityManager: proc ProcessRecord{70226f 1088:com.samsung.android.authfw/5278} already removed. so we skip next process.
04-11 11:07:06.974  1160  1975 I ActivityManager: Killing 1432:com.samsung.android.networkdiagnostic/5023 (adj 995): Chimera #0
04-11 11:07:06.975  1160  1975 D ActivityManager: proc ProcessRecord{4ce1f67 1432:com.samsung.android.networkdiagnostic/5023} already removed. so we skip next process.
04-11 11:07:06.976  1160  1975 I ActivityManager: Killing 30928:com.google.android.permissioncontroller/u0a95 (adj 965): Chimera #0
04-11 11:07:06.977  1160  1975 D ActivityManager: proc ProcessRecord{2f47c6a 30928:com.google.android.permissioncontroller/u0a95} already removed. so we skip next process.
04-11 11:07:06.995  1160  2158 V ActivityManager: Got obituary of 1088:com.samsung.android.authfw
04-11 11:07:07.008  1160  4627 V ActivityManager: Got obituary of 30928:com.google.android.permissioncontroller
04-11 11:07:07.020  1160  1851 V ActivityManager: Got obituary of 15631:com.sec.android.provider.badge
04-11 11:07:07.026  1160  2033 V ActivityManager: Got obituary of 1432:com.samsung.android.networkdiagnostic
04-11 11:07:07.049  1160  4628 V ActivityManager: Got obituary of 2132:com.samsung.android.email.provider
04-11 11:07:07.976  1160  1478 I ActivityManager: Start proc 2736:com.samsung.android.authfw/5278 for service {com.samsung.android.authfw/com.samsung.android.authfw.pass.PassService}
04-11 11:07:08.009  1160  2158 I ActivityManager: DSS OFF for com.samsung.android.authfw
04-11 11:07:08.023  1160  2158 D ActivityManager: attachApplicationLocked() app=ProcessRecord{59cdf4b 2736:com.samsung.android.authfw/5278} app.isolatedEntryPoint=null instr2=null
04-11 11:07:08.250  1160  4628 D ActivityManager: !@AM_BOOT_PROGRESS , uid : 0, state:  -1, progress : 0, step : unlockUser, description : NULL
04-11 11:07:08.251  1160  4628 D ActivityManager: !@AM_BOOT_PROGRESS , uid : 0, state:  -1, progress : 1, step : unlockUser, description : call unlockUserCleared
04-11 11:07:08.251  1160  4628 D ActivityManager: !@AM_BOOT_PROGRESS , uid : 0, state:  -1, progress : 0, step : unlockUserCleared, description : NULL
04-11 11:07:08.258  1160  4628 W ActivityManager: UserLifecycleEvent 5 received without an active userJourneySession.
04-11 11:07:08.258  1160  4628 D ActivityManager: !@AM_BOOT_PROGRESS , uid : 0, state:  3, progress : 0, step : finishUserUnlocking, description : NULL
04-11 11:07:08.258  1160  4628 D ActivityManager: UserController event: finishUserUnlocking(0)
04-11 11:07:08.259  1160  4628 D ActivityManager: !@AM_BOOT_PROGRESS , uid : 0, state:  3, progress : 1, step : finishUserUnlocking, description : OK StorageManager.isUserKeyUnlocked
04-11 11:07:08.649  1160  4726 I ActivityManager: Changes in 99854 10 to 5, 0 to 8
04-11 11:07:11.270  1160  1741 D ActivityManager: Received BROADCAST intent 0xd7bfea9 Key{broadcastIntent pkg=com.facebook.katana intent=act=WakingExecutorService.ACTION_ALARM.com.facebook.katana.Mqtt_Wakeup pkg=com.facebook.katana flags=0x4000000 u=0} requestCode=0 sent=0 from uid 1000
04-11 11:07:11.529  1160  1478 I ActivityManager: Start proc 2820:com.aditya.assignment1/u0a688 for IpmLaunch {com.aditya.assignment1/com.unity3d.player.UnityPlayerActivity}
04-11 11:07:11.600  1160  4726 I ActivityManager: DSS OFF for com.aditya.assignment1
04-11 11:07:11.613  1160  4726 D ActivityManager: attachApplicationLocked() app=ProcessRecord{fea3f25 2820:com.aditya.assignment1/u0a688} app.isolatedEntryPoint=null instr2=null
04-11 11:07:13.494  1160  1476 I ActivityManager: Changes in 10074 5 to 15, 8 to 0
04-11 11:07:23.169  1160  1279 I ActivityManager: Changes in 10301 8 to 10, 8 to 0
04-11 11:07:23.678  1160  1279 I ActivityManager: Changes in 99854 5 to 10, 8 to 0
04-11 11:07:34.858  1160  1741 D ActivityManager: Received SERVICE intent 0xc6c7cb3 Key{startService pkg=com.google.android.gms/com.google.android.gms.auth_authzen__phone intent=act=com.google.android.gms.auth.authzen.cryptauth.DEVICE_STATE_CHECK_DELAY_COMPLETE cat=[targeted_intent_op_prefix:.auth.authzen.cryptauth.DeviceStateSyncManager$CheckStateEventIntentOperation] cmp=com.google.android.gms/.chimera.GmsIntentOperationService flags=0x2000000 u=0} requestCode=0 from uid 1000
04-11 11:07:38.560  1160  2033 I ActivityManager: Changes in 10074 19 to 5, 0 to 8
04-11 11:07:39.561  1160  1478 I ActivityManager: Start proc 2887:com.samsung.android.email.provider/u0a135 for content provider {com.samsung.android.email.provider/com.samsung.android.email.provider.provider.database.EmailProvider}
04-11 11:07:39.621  1160  4726 I ActivityManager: DSS OFF for com.samsung.android.email.provider
04-11 11:07:39.633  1160  4726 D ActivityManager: attachApplicationLocked() app=ProcessRecord{225b3fa 2887:com.samsung.android.email.provider/u0a135} app.isolatedEntryPoint=null instr2=null
04-11 11:07:39.644  1160  4726 I ActivityManager: Changes in 10135 20 to 5, 0 to 8
04-11 11:07:39.859  1160  1279 I ActivityManager: Changes in 99854 10 to 5, 0 to 8
04-11 11:07:39.874  1160  1478 I ActivityManager: Start proc 2970:com.google.android.webview:sandboxed_process0:org.chromium.content.app.SandboxedProcessService0:0/u0i876 for  {com.samsung.android.email.provider/org.chromium.content.app.SandboxedProcessService0:0}
04-11 11:07:39.874  1160  1478 I ActivityManager: check webview name : com.google.android.webview:sandboxed_process0:org.chromium.content.app.SandboxedProcessService0:0check hostingname webview : {com.samsung.android.email.provider/org.chromium.content.app.SandboxedProcessService0:0}
04-11 11:07:39.900  1160  4726 I ActivityManager: Changes in 10224 19 to 5, 0 to 8
04-11 11:07:39.913  1160  4603 I ActivityManager: DSS OFF for com.samsung.android.email.provider
04-11 11:07:39.921  1160  4603 D ActivityManager: attachApplicationLocked() app=ProcessRecord{2cbab0a 2970:com.google.android.webview:sandboxed_process0:org.chromium.content.app.SandboxedProcessService0:0/u0a135i876} app.isolatedEntryPoint=null instr2=null
04-11 11:07:39.924  1160  4603 I ActivityManager: Changes in 99876 20 to 5, 0 to 8
04-11 11:07:40.036  1160  1279 I ActivityManager: Changes in 10061 19 to 5, 0 to 8
04-11 11:07:40.052  1160  4628 I ActivityManager: Changes in 10224 5 to 10, 8 to 0
04-11 11:07:43.538  1160  1741 D ActivityManager: Received BROADCAST intent 0x14904e8 Key{broadcastIntent pkg=com.android.systemui intent=act=com.android.internal.policy.impl.PhoneWindowManager.DELAYED_KEYGUARD flg=0x10000000 flags=0x4000000 u=0} requestCode=0 sent=0 from uid 1000
04-11 11:07:44.164  1160  4723 I ActivityManager: Changes in 10301 16 to 8, 0 to 8
04-11 11:07:44.589  1160  1476 I ActivityManager: Changes in 10074 5 to 15, 8 to 0
04-11 11:07:45.777  1160  1476 I ActivityManager: Changes in 10135 5 to 15, 8 to 0
04-11 11:07:45.789  1160  1476 I ActivityManager: Changes in 99876 5 to 15, 8 to 0
04-11 11:07:45.790  1160  1476 I ActivityManager: Changes in 99854 5 to 15, 8 to 0
04-11 11:07:45.790  1160  1476 I ActivityManager: Changes in 10061 5 to 15, 8 to 0
04-11 11:07:46.425  1160  1160 D ActivityManager: Received BROADCAST intent 0x51edf7a Key{broadcastIntent pkg=android intent=act=FIRST_ALARM_TRIGGER_ACTION flg=0x40000000 pkg=android flags=0x4000000 u=0} requestCode=0 sent=0 from uid 1000
04-11 11:07:46.425  1160  1160 D ActivityManager: Received BROADCAST intent 0xd7bfea9 Key{broadcastIntent pkg=com.facebook.katana intent=act=WakingExecutorService.ACTION_ALARM.com.facebook.katana.Mqtt_Wakeup pkg=com.facebook.katana flags=0x4000000 u=0} requestCode=0 sent=0 from uid 1000
04-11 11:07:46.451  1160  2158 I ActivityManager: Changes in 10074 15 to 5, 0 to 8
04-11 11:07:51.546  1160  1741 D ActivityManager: Received BROADCAST intent 0xd7bfea9 Key{broadcastIntent pkg=com.facebook.katana intent=act=WakingExecutorService.ACTION_ALARM.com.facebook.katana.Mqtt_Wakeup pkg=com.facebook.katana flags=0x4000000 u=0} requestCode=0 sent=0 from uid 1000
04-11 11:07:52.473  1160  1476 I ActivityManager: Changes in 10074 5 to 15, 8 to 0
04-11 11:07:53.046  1160  4628 I ActivityManager: Changes in 10074 15 to 5, 0 to 8
04-11 11:07:53.830  1160  3211 I ActivityManager: Changes in 10135 15 to 5, 0 to 8
04-11 11:07:53.835  1160  3211 I ActivityManager: Changes in 99876 15 to 5, 0 to 8
04-11 11:07:53.835  1160  3211 I ActivityManager: Changes in 99854 15 to 5, 0 to 8
04-11 11:07:55.030  1160  3211 I ActivityManager: Changes in 99854 5 to 10, 8 to 0
04-11 11:07:57.635  1160  2033 D ActivityManager: !@AM_BOOT_PROGRESS , uid : 0, state:  -1, progress : 0, step : unlockUser, description : NULL
04-11 11:07:57.635  1160  2033 D ActivityManager: !@AM_BOOT_PROGRESS , uid : 0, state:  -1, progress : 1, step : unlockUser, description : call unlockUserCleared
04-11 11:07:57.635  1160  2033 D ActivityManager: !@AM_BOOT_PROGRESS , uid : 0, state:  -1, progress : 0, step : unlockUserCleared, description : NULL
04-11 11:07:57.643  1160  2033 W ActivityManager: UserLifecycleEvent 5 received without an active userJourneySession.
04-11 11:07:57.643  1160  2033 D ActivityManager: !@AM_BOOT_PROGRESS , uid : 0, state:  3, progress : 0, step : finishUserUnlocking, description : NULL
04-11 11:07:57.643  1160  2033 D ActivityManager: UserController event: finishUserUnlocking(0)
04-11 11:07:57.643  1160  2033 D ActivityManager: !@AM_BOOT_PROGRESS , uid : 0, state:  3, progress : 1, step : finishUserUnlocking, description : OK StorageManager.isUserKeyUnlocked
04-11 11:07:58.014  1160  2158 I ActivityManager: Changes in 99854 10 to 5, 0 to 8
04-11 11:07:59.065  1160  1476 I ActivityManager: Changes in 10074 5 to 15, 8 to 0
04-11 11:07:59.949  1160  1803 V ActivityManager: Changed top to ProcessRecord{f190a50 31669:com.android.settings/1000}
04-11 11:08:00.053  1160  4726 D ActivityManager: cgroup.freeze not present
04-11 11:08:00.472  1160  1741 D ActivityManager: Received BROADCAST intent 0xd7bfea9 Key{broadcastIntent pkg=com.facebook.katana intent=act=WakingExecutorService.ACTION_ALARM.com.facebook.katana.Mqtt_Wakeup pkg=com.facebook.katana flags=0x4000000 u=0} requestCode=0 sent=0 from uid 1000
04-11 11:08:02.849  1160  1476 I ActivityManager: Changes in 10135 5 to 15, 8 to 0
04-11 11:08:02.855  1160  1476 I ActivityManager: Changes in 99876 5 to 15, 8 to 0
04-11 11:08:04.802  1160  1803 V ActivityManager: Changed top to ProcessRecord{a339f06 6624:com.sec.android.app.launcher/u0a156}
04-11 11:08:04.825  1160  1459 I ActivityManager: Changes in 10156 5 to 2, 8 to 15
04-11 11:08:06.899  1160  1975 I ActivityManager: Killing 31526:com.samsung.android.lool/1000 (adj 955): Chimera #2
04-11 11:08:06.899  1160  1975 D ActivityManager: proc ProcessRecord{b53547e 31526:com.samsung.android.lool/1000} already removed. so we skip next process.
04-11 11:08:06.900  1160  1975 I ActivityManager: Killing 2541:com.samsung.android.sm.provider/1000 (adj 965): Chimera #2
04-11 11:08:06.900  1160  1975 D ActivityManager: proc ProcessRecord{8376b6e 2541:com.samsung.android.sm.provider/1000} already removed. so we skip next process.
04-11 11:08:06.902  1160  1975 I ActivityManager: Killing 1539:com.samsung.android.dqagent/1000 (adj 999): Chimera #2
04-11 11:08:06.903  1160  1975 D ActivityManager: proc ProcessRecord{d6eb962 1539:com.samsung.android.dqagent/1000} already removed. so we skip next process.
04-11 11:08:06.937  1160  1277 V ActivityManager: Got obituary of 31526:com.samsung.android.lool
04-11 11:08:06.940  1160  4727 V ActivityManager: Got obituary of 1539:com.samsung.android.dqagent
04-11 11:08:06.947  1160  2248 V ActivityManager: Got obituary of 2541:com.samsung.android.sm.provider
04-11 11:08:12.128  1160  1741 D ActivityManager: Received BROADCAST intent 0x1296e91 Key{broadcastIntent pkg=com.instagram.android intent=act=action_batch_upload pkg=com.instagram.android cmp=com.instagram.android/com.instagram.analytics.uploadscheduler.AnalyticsUploadAlarmReceiver flags=0x4000000 u=0} requestCode=0 sent=0 from uid 1000
04-11 11:08:12.148  1160  1478 I ActivityManager: Start proc 3371:com.instagram.android/u0a615 for broadcast {com.instagram.android/com.instagram.analytics.uploadscheduler.AnalyticsUploadAlarmReceiver}
04-11 11:08:12.148  1160  1478 D ActivityManager: [SecIpm] it's a ML_TYPE_EMPTYPROCESS protected process com.instagram.android
04-11 11:08:12.213  1160  4726 I ActivityManager: DSS OFF for com.instagram.android
04-11 11:08:12.229  1160  4726 D ActivityManager: attachApplicationLocked() app=ProcessRecord{23e28d 3371:com.instagram.android/u0a615} app.isolatedEntryPoint=null instr2=null
04-11 11:08:13.060  1160  4726 I ActivityManager: Changes in 99854 3 to 10, 8 to 0
04-11 11:08:13.763  1160  4599 W ActivityManager: Background start not allowed: service Intent { cmp=com.instagram.android/com.instagram.jobscheduler.bgfetch.scheduler.IgBgFetchTaskLifeService (has extras) } to com.instagram.android/com.instagram.jobscheduler.bgfetch.scheduler.IgBgFetchTaskLifeService from pid=3371 uid=10615 pkg=com.instagram.android startFg?=false
04-11 11:08:14.376  1160  1851 I ActivityManager: Changes in 10301 8 to 10, 8 to 0
04-11 11:08:23.289  1160  4726 I ActivityManager: Changes in 10301 16 to 8, 0 to 8
04-11 11:08:24.243  1160  1741 D ActivityManager: Received SERVICE intent 0xc6c7cb3 Key{startService pkg=com.google.android.gms/com.google.android.gms.auth_authzen__phone intent=act=com.google.android.gms.auth.authzen.cryptauth.DEVICE_STATE_CHECK_DELAY_COMPLETE cat=[targeted_intent_op_prefix:.auth.authzen.cryptauth.DeviceStateSyncManager$CheckStateEventIntentOperation] cmp=com.google.android.gms/.chimera.GmsIntentOperationService flags=0x2000000 u=0} requestCode=0 from uid 1000
04-11 11:08:32.161  1160  1478 I ActivityManager: Start proc 3816:com.sec.android.provider.badge/u0a58 for broadcast {com.sec.android.provider.badge/com.sec.android.provider.badge.BadgeCountReceiver}
04-11 11:08:32.226  1160  2248 I ActivityManager: DSS OFF for com.sec.android.provider.badge
04-11 11:08:32.241  1160  2248 D ActivityManager: attachApplicationLocked() app=ProcessRecord{c42ba24 3816:com.sec.android.provider.badge/u0a58} app.isolatedEntryPoint=null instr2=null
04-11 11:08:32.552  1160  2248 I ActivityManager: Changes in 10058 19 to 3, 0 to 8
04-11 11:08:38.589  1160  1476 I ActivityManager: Changes in 10058 3 to 15, 8 to 0
04-11 11:08:44.386  1160  1975 I ActivityManager: Killing 2820:com.aditya.assignment1/u0a688 (adj 945): Chimera #0
04-11 11:08:44.388  1160  1975 D ActivityManager: proc ProcessRecord{fea3f25 2820:com.aditya.assignment1/u0a688} already removed. so we skip next process.
04-11 11:08:44.412  1160  4631 V ActivityManager: Got obituary of 2820:com.aditya.assignment1
04-11 11:08:49.441  1160  1741 D ActivityManager: Received BROADCAST intent 0x4190c38 Key{broadcastIntent pkg=com.google.android.gms/com.google.android.gms.location_base intent=act=com.google.android.location.ALARM_WAKEUP_ACTIVITY_DETECTION flags=0x4000000 u=0} requestCode=0 sent=0 from uid 1000
04-11 11:08:50.566  1160  4631 D ActivityManager: Received SERVICE intent 0x9948d54 Key{startService pkg=com.google.android.gms/current_semantic_location intent=act=com.google.android.gms.semanticlocation.ACTION_ACTIVITY cmp=com.google.android.gms/.semanticlocation.service.SemanticLocationService flags=0x2000000 u=0} requestCode=0 from uid 10092
04-11 11:08:50.584  1160  4631 D ActivityManager: Received SERVICE intent 0x23c213c Key{startService pkg=com.google.android.gms/fused_location_provider intent=act=com.google.android.gms.location.util.nlp.RESULT cat=[targeted_intent_op_prefix:.location.util.nlp.NlpInternalApi$NlpReceiverIntentOperation] cmp=com.google.android.gms/.chimera.PersistentIntentOperationService flags=0x2000000 u=0} requestCode=0 from uid 10092
04-11 11:08:50.592  1160  4599 D ActivityManager: Received BROADCAST intent 0xda946cb Key{broadcastIntent pkg=com.google.android.gms/com.google.android.gms.personalsafety intent=act=com.google.android.gms.personalsafety.scanners.ACTION_ACTIVITY_DETECTED pkg=com.google.android.gms flags=0x2000000 u=0} requestCode=0 sent=0 from uid 10092
04-11 11:08:50.600  1160  4726 D ActivityManager: Received SERVICE intent 0x6efed9a Key{startService pkg=com.google.android.gms/fused_location_provider intent=act=com.google.android.location.internal.action.FLP_AR_RESULT pkg=com.google.android.gms cmp=com.google.android.gms/com.google.android.location.internal.PendingIntentCallbackService flags=0x2000000 u=0} requestCode=0 from uid 10092
04-11 11:08:50.609  1160  4599 D ActivityManager: Received SERVICE intent 0x9948d54 Key{startService pkg=com.google.android.gms/current_semantic_location intent=act=com.google.android.gms.semanticlocation.ACTION_ACTIVITY cmp=com.google.android.gms/.semanticlocation.service.SemanticLocationService flags=0x2000000 u=0} requestCode=0 from uid 10092
04-11 11:08:50.617  1160  4599 D ActivityManager: Received SERVICE intent 0x23c213c Key{startService pkg=com.google.android.gms/fused_location_provider intent=act=com.google.android.gms.location.util.nlp.RESULT cat=[targeted_intent_op_prefix:.location.util.nlp.NlpInternalApi$NlpReceiverIntentOperation] cmp=com.google.android.gms/.chimera.PersistentIntentOperationService flags=0x2000000 u=0} requestCode=0 from uid 10092
04-11 11:08:50.622  1160  4599 D ActivityManager: Received BROADCAST intent 0xda946cb Key{broadcastIntent pkg=com.google.android.gms/com.google.android.gms.personalsafety intent=act=com.google.android.gms.personalsafety.scanners.ACTION_ACTIVITY_DETECTED pkg=com.google.android.gms flags=0x2000000 u=0} requestCode=0 sent=0 from uid 10092
04-11 11:08:50.628  1160  2248 D ActivityManager: Received SERVICE intent 0x6efed9a Key{startService pkg=com.google.android.gms/fused_location_provider intent=act=com.google.android.location.internal.action.FLP_AR_RESULT pkg=com.google.android.gms cmp=com.google.android.gms/com.google.android.location.internal.PendingIntentCallbackService flags=0x2000000 u=0} requestCode=0 from uid 10092
04-11 11:08:51.991  1160  1478 I ActivityManager: Start proc 3860:com.discord/u0a25 for broadcast {com.discord/com.google.firebase.iid.FirebaseInstanceIdReceiver}
04-11 11:08:52.063  1160  4599 I ActivityManager: DSS OFF for com.discord
04-11 11:08:52.077  1160  4599 D ActivityManager: attachApplicationLocked() app=ProcessRecord{2d2170a 3860:com.discord/u0a25} app.isolatedEntryPoint=null instr2=null
04-11 11:08:53.500  1160  4631 I ActivityManager: Changes in 10301 8 to 10, 8 to 0
04-11 11:09:12.741  1160  2248 I ActivityManager: Changes in 10301 16 to 8, 0 to 8
04-11 11:09:20.065  1160  1843 I ActivityManager: Changes in 10061 19 to 5, 0 to 8
04-11 11:09:26.096  1160  1476 I ActivityManager: Changes in 10061 5 to 15, 8 to 0
04-11 11:09:27.157  1160  4631 I ActivityManager: Changes in 10074 19 to 5, 0 to 8
04-11 11:09:27.504  1160  1459 I ActivityManager: Changes in 10156 2 to 5, 15 to 8
04-11 11:09:28.138  1160  3211 I ActivityManager: Changes in 10135 19 to 5, 0 to 8
04-11 11:09:28.146  1160  3211 I ActivityManager: Changes in 99876 19 to 5, 0 to 8
04-11 11:09:32.129  1160  1741 D ActivityManager: Received BROADCAST intent 0x3a10110 Key{broadcastIntent pkg=com.android.systemui intent=act=com.android.internal.policy.impl.PhoneWindowManager.DELAYED_KEYGUARD flg=0x10000000 flags=0x4000000 u=0} requestCode=0 sent=0 from uid 1000
04-11 11:09:32.405  1160  1843 I ActivityManager: Changes in 10061 15 to 5, 0 to 8
04-11 11:09:33.177  1160  1476 I ActivityManager: Changes in 10074 5 to 15, 8 to 0
04-11 11:09:34.161  1160  1476 I ActivityManager: Changes in 10135 5 to 15, 8 to 0
04-11 11:09:34.170  1160  1476 I ActivityManager: Changes in 99876 5 to 15, 8 to 0
04-11 11:09:38.427  1160  1476 I ActivityManager: Changes in 10061 5 to 15, 8 to 0
04-11 11:09:39.209  1160  1160 D ActivityManager: Received SERVICE intent 0xe75ab90 Key{startService pkg=com.samsung.android.app.routines intent=act=com.samsung.android.rotine.ACTION_PACKAGE_CHANGED cmp=com.samsung.android.app.routines/.domainmodel.core.service.RoutineService flags=0x0 u=0} requestCode=10000 from uid 1000
04-11 11:09:39.214  1160  1160 D ActivityManager: Received SERVICE intent 0xd84f845 Key{startService pkg=com.samsung.android.app.galaxyfinder intent=act=package_changed cmp=com.samsung.android.app.galaxyfinder/.acceleration.AppCoreService flags=0x0 u=0} requestCode=0 from uid 1000
04-11 11:09:39.215  1160  1478 I ActivityManager: Start proc 4227:com.google.android.permissioncontroller/u0a95 for service {com.google.android.permissioncontroller/com.android.permissioncontroller.permission.service.PermissionControllerServiceImpl}
04-11 11:09:39.223  1160  1478 I ActivityManager: Start proc 4230:com.samsung.android.app.galaxyfinder:appservice/u0a79 for service {com.samsung.android.app.galaxyfinder/com.samsung.android.app.galaxyfinder.acceleration.AppCoreService}
04-11 11:09:39.251  1160  4726 I ActivityManager: DSS OFF for com.google.android.permissioncontroller
04-11 11:09:39.261  1160  4726 D ActivityManager: attachApplicationLocked() app=ProcessRecord{a32015 4227:com.google.android.permissioncontroller/u0a95} app.isolatedEntryPoint=null instr2=null
04-11 11:09:39.272  1160  4726 I ActivityManager: DSS OFF for com.samsung.android.app.galaxyfinder
04-11 11:09:39.275  1160  4726 D ActivityManager: attachApplicationLocked() app=ProcessRecord{2a42b8 4230:com.samsung.android.app.galaxyfinder:appservice/u0a79} app.isolatedEntryPoint=null instr2=null
04-11 11:09:39.705  1160  1277 I ActivityManager: Process com.samsung.android.app.galaxyfinder:appservice (pid 4230) has died: fg  SVC (206,1550)
04-11 11:09:42.793  1160  4599 I ActivityManager: Changes in 10301 8 to 10, 8 to 0
04-11 11:09:58.896  1160  2564 I ActivityManager: Process com.samsung.android.game.gos (pid 31970) has died: cch+99 CEM (194,1611)
04-11 11:09:58.995  1160  4606 I ActivityManager: Process com.samsung.android.smartsuggestions:datacollector (pid 32288) has died: cch+99 CEM (204,1613)
04-11 11:09:59.366  1160  4603 I ActivityManager: Process com.google.process.gservices (pid 31191) has died: cch+99 CEM (204,1621)
04-11 11:10:23.703  1160  4599 I ActivityManager: Changes in 10301 16 to 8, 0 to 8
04-11 11:10:28.269  1160  1741 D ActivityManager: Received BROADCAST intent 0x51edf7a Key{broadcastIntent pkg=android intent=act=FIRST_ALARM_TRIGGER_ACTION flg=0x40000000 pkg=android flags=0x4000000 u=0} requestCode=0 sent=0 from uid 1000
04-11 11:10:28.292  1160  1741 D ActivityManager: Received BROADCAST intent 0xd7bfea9 Key{broadcastIntent pkg=com.facebook.katana intent=act=WakingExecutorService.ACTION_ALARM.com.facebook.katana.Mqtt_Wakeup pkg=com.facebook.katana flags=0x4000000 u=0} requestCode=0 sent=0 from uid 1000
04-11 11:10:53.945  1160  3211 I ActivityManager: Changes in 10301 8 to 10, 8 to 0
04-11 11:11:32.428  1160  1478 I ActivityManager: Start proc 4400:com.samsung.android.app.contacts/u0a122 for service {com.samsung.android.app.contacts/com.samsung.android.contacts.services.ContactPeriodicBgService}
04-11 11:11:32.444  1160  1478 I ActivityManager: Start proc 4401:com.tacobell.ordering/u0a322 for service {com.tacobell.ordering/androidx.work.impl.background.systemjob.SystemJobService}
04-11 11:11:32.453  1160  1478 I ActivityManager: Start proc 4405:com.app.tgtg/u0a624 for service {com.app.tgtg/androidx.work.impl.background.systemjob.SystemJobService}
04-11 11:11:32.479  1160  4628 I ActivityManager: DSS OFF for com.samsung.android.app.contacts
04-11 11:11:32.488  1160  4628 D ActivityManager: attachApplicationLocked() app=ProcessRecord{dcfc918 4400:com.samsung.android.app.contacts/u0a122} app.isolatedEntryPoint=null instr2=null
04-11 11:11:32.507  1160  4603 I ActivityManager: DSS OFF for com.tacobell.ordering
04-11 11:11:32.523  1160  4603 D ActivityManager: attachApplicationLocked() app=ProcessRecord{7ed263a 4401:com.tacobell.ordering/u0a322} app.isolatedEntryPoint=null instr2=null
04-11 11:11:32.538  1160  4628 I ActivityManager: DSS OFF for com.app.tgtg
04-11 11:11:32.541  1160  4628 D ActivityManager: attachApplicationLocked() app=ProcessRecord{4776c06 4405:com.app.tgtg/u0a624} app.isolatedEntryPoint=null instr2=null
04-11 11:11:32.695  1160  1478 I ActivityManager: Start proc 4466:com.groupon/u0a690 for service {com.groupon/androidx.work.impl.background.systemjob.SystemJobService}
04-11 11:11:32.739  1160  1478 I ActivityManager: Start proc 4474:com.samsung.android.scs/u0a372 for service {com.samsung.android.scs/androidx.work.impl.background.systemjob.SystemJobService}
04-11 11:11:32.752  1160  4599 I ActivityManager: DSS OFF for com.groupon
04-11 11:11:32.765  1160  4599 D ActivityManager: attachApplicationLocked() app=ProcessRecord{4579803 4466:com.groupon/u0a690} app.isolatedEntryPoint=null instr2=null
04-11 11:11:32.779  1160  3211 I ActivityManager: DSS OFF for com.samsung.android.scs
04-11 11:11:32.789  1160  3211 D ActivityManager: attachApplicationLocked() app=ProcessRecord{16a047b 4474:com.samsung.android.scs/u0a372} app.isolatedEntryPoint=null instr2=null
04-11 11:11:33.142  1160  1476 I ActivityManager: Changes in 10061 8 to 5, 0 to 8
04-11 11:11:33.245  1160  4627 I ActivityManager: Process com.samsung.android.sm.policy (pid 31572) has died: cch+99 CEM (175,1653)
04-11 11:11:33.346  1160  2564 I ActivityManager: Process com.osp.app.signin (pid 31018) has died: cch+99 CEM (179,1663)
04-11 11:11:33.416  1160  2564 I ActivityManager: Process com.samsung.android.rubin.app (pid 1919) has died: cch+99 CEM (179,1670)
04-11 11:11:33.475  1160  2564 I ActivityManager: Process com.samsung.android.samsungpass (pid 31124) has died: cch+95 CEM (183,1677)
04-11 11:11:33.490  1160  2564 W ActivityManager: Scheduling restart of crashed service com.samsung.android.samsungpass/.passservice.PassService in 1000ms for connection
04-11 11:11:33.581  1160  4603 I ActivityManager: Changes in 99854 8 to 8, 0 to 8
04-11 11:11:33.585  1160  2564 I ActivityManager: Changes in 99854 8 to 10, 8 to 0
04-11 11:11:34.197  1160  1478 I ActivityManager: Start proc 4831:com.samsung.android.mapsagent/u0a381 for content provider {com.samsung.android.mapsagent/com.samsung.android.mapsagent.providers.AppTrackingProvider}
04-11 11:11:34.225  1160  4628 I ActivityManager: Process com.google.android.webview:webview_service (pid 32481) has died: cch+95 CEM (179,1652)
04-11 11:11:34.244  1160  2564 I ActivityManager: Process com.samsung.android.vtcamerasettings (pid 31450) has died: cch+85 CEM (190,1652)
04-11 11:11:34.257  1160  4603 I ActivityManager: DSS OFF for com.samsung.android.mapsagent
04-11 11:11:34.260  1160  4603 D ActivityManager: attachApplicationLocked() app=ProcessRecord{11eef0a 4831:com.samsung.android.mapsagent/u0a381} app.isolatedEntryPoint=null instr2=null
04-11 11:11:34.386  1160  2564 I ActivityManager: Changes in 99854 8 to 8, 0 to 8
04-11 11:11:34.404  1160  2564 I ActivityManager: Process com.samsung.android.dynamiclock (pid 27743) has died: cch+75 CEM (179,1661)
04-11 11:11:34.408  1160  2564 I ActivityManager: Changes in 99854 8 to 8, 8 to 0
04-11 11:11:34.436  1160  4595 I ActivityManager: Changes in 99854 8 to 8, 0 to 8
04-11 11:11:34.473  1160  2564 I ActivityManager: Changes in 99854 8 to 8, 8 to 0
04-11 11:11:34.505  1160  1478 I ActivityManager: Start proc 4925:com.samsung.android.samsungpass/u0a127 for service {com.samsung.android.samsungpass/com.samsung.android.samsungpass.passservice.PassService}
04-11 11:11:34.552  1160  4595 I ActivityManager: DSS OFF for com.samsung.android.samsungpass
04-11 11:11:34.556  1160  4595 D ActivityManager: attachApplicationLocked() app=ProcessRecord{c2f2e3 4925:com.samsung.android.samsungpass/u0a127} app.isolatedEntryPoint=null instr2=null
04-11 11:11:34.639  1160  4603 I ActivityManager: Changes in 99854 8 to 8, 0 to 8
04-11 11:11:34.681  1160  4603 I ActivityManager: Changes in 99854 8 to 8, 8 to 0
04-11 11:11:34.768  1160  1279 I ActivityManager: Changes in 99854 8 to 8, 0 to 8
04-11 11:11:34.902  1160  4631 I ActivityManager: Process com.samsung.android.email.provider (pid 2887) has died: cch+65 CEM (184,1655)
04-11 11:11:34.906  1160  4631 I ActivityManager: Killing 2970:com.google.android.webview:sandboxed_process0:org.chromium.content.app.SandboxedProcessService0:0/u0a135i876 (adj 0): isolated not needed
04-11 11:11:34.930  1160  4631 I ActivityManager: Changes in 99854 8 to 8, 8 to 0
04-11 11:11:35.126  1160  1279 I ActivityManager: Changes in 99854 8 to 8, 0 to 8
04-11 11:11:35.143  1160  4734 I ActivityManager: Changes in 99854 8 to 8, 8 to 0
04-11 11:11:35.148  1160  4595 I ActivityManager: Changes in 99854 8 to 8, 0 to 8
04-11 11:11:35.160  1160  4595 I ActivityManager: Changes in 99854 8 to 8, 8 to 0
04-11 11:11:35.210  1160  1279 I ActivityManager: Changes in 99854 8 to 8, 0 to 8
04-11 11:11:35.239  1160  1279 I ActivityManager: Changes in 99854 8 to 8, 8 to 0
04-11 11:11:35.310  1160  4595 I ActivityManager: Changes in 99854 8 to 8, 0 to 8
04-11 11:11:35.320  1160  4734 I ActivityManager: Changes in 99854 8 to 8, 8 to 0
04-11 11:11:35.326  1160  2207 I ActivityManager: Changes in 99854 8 to 8, 0 to 8
04-11 11:11:35.342  1160  2207 I ActivityManager: Changes in 99854 8 to 8, 8 to 0
04-11 11:11:35.492  1160  1160 I ActivityManager: Changes in 99854 8 to 8, 0 to 8
04-11 11:11:35.499  1160  1279 I ActivityManager: Changes in 99854 8 to 8, 8 to 0
04-11 11:11:35.932  1160  4739 I ActivityManager: Changes in 99854 8 to 8, 0 to 8
04-11 11:11:36.003  1160  4739 I ActivityManager: Changes in 99854 8 to 8, 8 to 0
04-11 11:11:36.077  1160  1478 I ActivityManager: Start proc 5231:com.google.android.webview:webview_service/u0a224 for service {com.google.android.webview/org.chromium.android_webview.services.VariationsSeedServer}
04-11 11:11:36.116  1160  4595 I ActivityManager: Changes in 99854 8 to 8, 0 to 8
04-11 11:11:36.117  1160  4739 I ActivityManager: Changes in 99854 8 to 8, 8 to 0
04-11 11:11:36.141  1160  1478 I ActivityManager: Start proc 5260:com.google.android.webview:sandboxed_process0:org.chromium.content.app.SandboxedProcessService0:0/u0i877 for  {com.tacobell.ordering/org.chromium.content.app.SandboxedProcessService0:0}
04-11 11:11:36.141  1160  1478 I ActivityManager: check webview name : com.google.android.webview:sandboxed_process0:org.chromium.content.app.SandboxedProcessService0:0check hostingname webview : {com.tacobell.ordering/org.chromium.content.app.SandboxedProcessService0:0}
04-11 11:11:36.147  1160  1279 I ActivityManager: DSS OFF for com.google.android.webview
04-11 11:11:36.154  1160  1279 D ActivityManager: attachApplicationLocked() app=ProcessRecord{1ef9612 5231:com.google.android.webview:webview_service/u0a224} app.isolatedEntryPoint=null instr2=null
04-11 11:11:36.163  1160  1477 I ActivityManager: Changes in 99854 8 to 8, 0 to 8
04-11 11:11:36.172  1160  4739 I ActivityManager: DSS OFF for com.tacobell.ordering
04-11 11:11:36.176  1160  4739 D ActivityManager: attachApplicationLocked() app=ProcessRecord{82c904b 5260:com.google.android.webview:sandboxed_process0:org.chromium.content.app.SandboxedProcessService0:0/u0a322i877} app.isolatedEntryPoint=null instr2=null
04-11 11:11:36.187  1160  2207 I ActivityManager: Changes in 99854 8 to 8, 8 to 0
04-11 11:11:36.200  1160  1279 I ActivityManager: Changes in 99854 8 to 8, 0 to 8
04-11 11:11:36.340  1160  4734 I ActivityManager: Changes in 99854 8 to 8, 8 to 0
04-11 11:11:36.397  1160  4631 I ActivityManager: Process com.android.cellbroadcastreceiver (pid 32055) has died: cch+65 CEM (171,1655)
04-11 11:11:36.516  1160  4631 I ActivityManager: Process com.samsung.android.smartsuggestions:core (pid 32187) has died: cch+25 CEM (182,1659)
04-11 11:11:36.655  1160  4631 I ActivityManager: Changes in 99854 8 to 8, 0 to 8
04-11 11:11:36.657  1160  4595 I ActivityManager: Changes in 99854 8 to 8, 8 to 0
04-11 11:11:36.684  1160  4595 I ActivityManager: Changes in 99854 8 to 8, 0 to 8
04-11 11:11:36.728  1160  4595 I ActivityManager: Changes in 99854 8 to 8, 8 to 0
04-11 11:11:36.773  1160  4595 I ActivityManager: Changes in 99854 8 to 8, 0 to 8
04-11 11:11:36.818  1160  4631 I ActivityManager: Changes in 99854 8 to 8, 8 to 0
04-11 11:11:36.832  1160  1741 D ActivityManager: Received BROADCAST intent 0xb5097d3 Key{broadcastIntent pkg=com.sec.epdg intent=act=com.sec.epdg.PERIODIC_DPD_TIMER_EXPIRED flags=0x2000000 u=-1} requestCode=1 sent=0 from uid 1000
04-11 11:11:36.858  1160  1741 D ActivityManager: Received BROADCAST intent 0xa4f7206 Key{broadcastIntent pkg=com.samsung.android.game.gamehome intent=act=gamelauncher.common.alarm cmp=com.samsung.android.game.gamehome/.receiver.GameLauncherAlarmReceiver flags=0x4000000 u=0} requestCode=1001 sent=0 from uid 1000
04-11 11:11:36.861  1160  1741 D ActivityManager: Received BROADCAST intent 0xaeee18d Key{broadcastIntent pkg=com.facebook.services intent=act=com.facebook.rti.fbns.intent.ACTION_ALARM.FBNS_SCHEDULED_REDELIVERY pkg=com.facebook.services flags=0x4000000 u=0} requestCode=0 sent=0 from uid 1000
04-11 11:11:36.874  1160  1478 I ActivityManager: Start proc 5354:com.samsung.android.game.gamehome/u0a87 for broadcast {com.samsung.android.game.gamehome/com.samsung.android.game.gamehome.receiver.GameLauncherAlarmReceiver}
04-11 11:11:36.919  1160  4595 I ActivityManager: DSS OFF for com.samsung.android.game.gamehome
04-11 11:11:36.944  1160  4595 D ActivityManager: attachApplicationLocked() app=ProcessRecord{b7e6f51 5354:com.samsung.android.game.gamehome/u0a87} app.isolatedEntryPoint=null instr2=null
04-11 11:11:36.960  1160  4631 I ActivityManager: Changes in 99854 8 to 8, 0 to 8
04-11 11:11:37.174  1160  4595 I ActivityManager: Changes in 99854 8 to 8, 8 to 0
04-11 11:11:37.406  1160  4595 I ActivityManager: Changes in 99854 8 to 8, 0 to 8
04-11 11:11:37.416  1160  2207 I ActivityManager: Changes in 99854 8 to 8, 8 to 0
04-11 11:11:37.457  1160  4595 I ActivityManager: Changes in 99854 8 to 8, 0 to 8
04-11 11:11:37.682  1160  1478 I ActivityManager: Start proc 5446:com.google.process.gservices/u0a92 for content provider {com.google.android.gsf/com.google.android.gsf.gservices.GservicesProvider}
04-11 11:11:37.730  1160  4631 I ActivityManager: DSS OFF for com.google.android.gsf
04-11 11:11:37.734  1160  4631 D ActivityManager: attachApplicationLocked() app=ProcessRecord{86f96fe 5446:com.google.process.gservices/u0a92} app.isolatedEntryPoint=null instr2=null
04-11 11:11:37.906  1160  4739 I ActivityManager: Process com.samsung.android.app.routines (pid 29423) has died: cch+75 CEM (167,1686)
04-11 11:11:37.936  1160  4739 I ActivityManager: Changes in 99854 8 to 8, 8 to 0
04-11 11:11:37.965  1160  2032 I ActivityManager: Process com.google.android.projection.gearhead:car (pid 31750) has died: cch+99 CEM (178,1689)
04-11 11:11:38.028  1160  1851 W ActivityManager: Unable to start service Intent { act=com.google.android.gms.gservices.START pkg=com.google.android.gms } U=0: not found
04-11 11:11:38.063  1160  1851 W ActivityManager: Unbind failed: could not find connection for android.os.BinderProxy@12dbbae
04-11 11:11:38.123  1160  1478 I ActivityManager: Start proc 5485:com.samsung.android.mobileservice/u0a123 for service {com.samsung.android.mobileservice/com.samsung.android.mobileservice.social.buddy.account.presentation.service.ContactObserverService}
04-11 11:11:38.142  1160  2031 I ActivityManager: Changes in 99854 8 to 8, 0 to 8
04-11 11:11:38.169  1160  2031 I ActivityManager: DSS OFF for com.samsung.android.mobileservice
04-11 11:11:38.171  1160  2031 D ActivityManager: attachApplicationLocked() app=ProcessRecord{d717761 5485:com.samsung.android.mobileservice/u0a123} app.isolatedEntryPoint=null instr2=null
04-11 11:11:38.234  1160  1851 I ActivityManager: Changes in 99854 8 to 8, 8 to 0
04-11 11:11:38.348  1160  1851 I ActivityManager: Changes in 10087 19 to 8, 0 to 8
04-11 11:11:38.357  1160  1851 I ActivityManager: Changes in 99854 8 to 8, 0 to 8
04-11 11:11:38.408  1160  4739 I ActivityManager: Changes in 99854 8 to 8, 8 to 0
04-11 11:11:38.415  1160  4739 I ActivityManager: Changes in 99854 8 to 8, 0 to 8
04-11 11:11:38.426  1160  4739 I ActivityManager: Changes in 99854 8 to 8, 8 to 0
04-11 11:11:38.460  1160  4739 I ActivityManager: Changes in 99854 8 to 8, 0 to 8
04-11 11:11:39.784  1160  2032 I ActivityManager: Changes in 99854 8 to 8, 8 to 0
04-11 11:11:39.784  1160  2032 I ActivityManager: Changes in 10087 8 to 10, 8 to 0
04-11 11:11:39.816  1160  4739 I ActivityManager: Changes in 99854 8 to 8, 0 to 8
04-11 11:11:39.828  1160  4739 I ActivityManager: Changes in 99854 8 to 8, 8 to 0
04-11 11:11:39.831  1160  2032 I ActivityManager: Changes in 99854 8 to 8, 0 to 8
04-11 11:11:39.833  1160  2248 I ActivityManager: Changes in 99854 8 to 8, 8 to 0
04-11 11:11:39.853  1160  2031 I ActivityManager: Changes in 99854 8 to 8, 0 to 8
04-11 11:11:39.879  1160  2248 I ActivityManager: Changes in 99854 8 to 8, 8 to 0
04-11 11:11:39.893  1160  1851 I ActivityManager: Changes in 99854 8 to 8, 0 to 8
04-11 11:11:39.917  1160  2031 I ActivityManager: Changes in 99854 8 to 8, 8 to 0
04-11 11:11:40.053  1160  2248 I ActivityManager: Changes in 99854 8 to 8, 0 to 8
04-11 11:11:40.768  1160  2031 I ActivityManager: Changes in 99854 8 to 10, 8 to 0
04-11 11:11:42.452  1160  1476 I ActivityManager: Changes in 10061 5 to 15, 8 to 0
04-11 11:11:42.739  1160  2031 I ActivityManager: Changes in 99854 8 to 8, 0 to 8
04-11 11:11:42.742  1160  4739 I ActivityManager: Changes in 99854 8 to 8, 8 to 0
04-11 11:11:42.751  1160  4631 I ActivityManager: Changes in 99854 8 to 8, 0 to 8
04-11 11:11:42.871  1160  1478 I ActivityManager: Start proc 5635:com.google.android.gms.unstable/u0a92 for service {com.google.android.gms/com.google.android.gms.droidguard.DroidGuardService}
04-11 11:11:42.932  1160  2031 I ActivityManager: DSS OFF for com.google.android.gms
04-11 11:11:42.935  1160  2031 D ActivityManager: attachApplicationLocked() app=ProcessRecord{3382908 5635:com.google.android.gms.unstable/u0a92} app.isolatedEntryPoint=null instr2=null
04-11 11:11:42.938  1160  2031 I ActivityManager: Changes in 99854 8 to 8, 8 to 0
04-11 11:11:42.949  1160  1478 I ActivityManager: Start proc 5650:com.samsung.android.sm.policy/u0a212 for content provider {com.samsung.android.sm.policy/com.samsung.android.scpm.db.ScpmProvider}
04-11 11:11:43.013  1160  1851 I ActivityManager: DSS OFF for com.samsung.android.sm.policy
04-11 11:11:43.018  1160  1851 D ActivityManager: attachApplicationLocked() app=ProcessRecord{d6c3ad9 5650:com.samsung.android.sm.policy/u0a212} app.isolatedEntryPoint=null instr2=null
04-11 11:11:43.269  1160  1476 I ActivityManager: Changes in 99854 8 to 8, 0 to 8
04-11 11:11:43.278  1160  1476 I ActivityManager: Changes in 10061 8 to 5, 0 to 8
04-11 11:11:43.292  1160  4739 I ActivityManager: Changes in 99854 8 to 8, 8 to 0
04-11 11:11:43.311  1160  2031 I ActivityManager: Changes in 99854 8 to 8, 0 to 8
04-11 11:11:43.319  1160  2248 I ActivityManager: Changes in 99854 8 to 8, 8 to 0
