04-11 10:38:20.480  1160  4724 D ActivityManager: Received SERVICE intent 0x9948d54 Key{startService pkg=com.google.android.gms/current_semantic_location intent=act=com.google.android.gms.semanticlocation.ACTION_ACTIVITY cmp=com.google.android.gms/.semanticlocation.service.SemanticLocationService flags=0x2000000 u=0} requestCode=0 from uid 10092
04-11 10:38:20.487  1160  4724 D ActivityManager: Received SERVICE intent 0x23c213c Key{startService pkg=com.google.android.gms/fused_location_provider intent=act=com.google.android.gms.location.util.nlp.RESULT cat=[targeted_intent_op_prefix:.location.util.nlp.NlpInternalApi$NlpReceiverIntentOperation] cmp=com.google.android.gms/.chimera.PersistentIntentOperationService flags=0x2000000 u=0} requestCode=0 from uid 10092
04-11 10:38:20.492  1160  2564 D ActivityManager: Received BROADCAST intent 0xda946cb Key{broadcastIntent pkg=com.google.android.gms/com.google.android.gms.personalsafety intent=act=com.google.android.gms.personalsafety.scanners.ACTION_ACTIVITY_DETECTED pkg=com.google.android.gms flags=0x2000000 u=0} requestCode=0 sent=0 from uid 10092
04-11 10:38:20.501  1160  4724 D ActivityManager: Received SERVICE intent 0x6efed9a Key{startService pkg=com.google.android.gms/fused_location_provider intent=act=com.google.android.location.internal.action.FLP_AR_RESULT pkg=com.google.android.gms cmp=com.google.android.gms/com.google.android.location.internal.PendingIntentCallbackService flags=0x2000000 u=0} requestCode=0 from uid 10092
04-11 10:38:21.870  1160  4724 D ActivityManager: Received SERVICE intent 0x6577e47 Key{startService pkg=com.google.android.gms/network_location_provider intent=act=com.google.android.gms.location.util.nlp.RESULT cat=[targeted_intent_op_prefix:.location.util.nlp.NlpInternalApi$NlpReceiverIntentOperation] cmp=com.google.android.gms/.chimera.PersistentIntentOperationService flags=0x2000000 u=0} requestCode=1 from uid 10092
04-11 10:38:21.879  1160  2564 D ActivityManager: Received SERVICE intent 0x2ec0d74 Key{startService pkg=com.google.android.gms/fused_location_provider intent=act=com.google.android.location.internal.action.FLP_FULL_POWER_LOCATION_RESULT pkg=com.google.android.gms cmp=com.google.android.gms/com.google.android.location.internal.PendingIntentCallbackService flags=0x2000000 u=0} requestCode=0 from uid 10092
04-11 10:38:21.890  1160  4724 D ActivityManager: Received SERVICE intent 0xbfab6ba Key{startService pkg=com.google.android.gms/fused_location_provider intent=act=com.google.android.location.internal.action.FLP_LOW_POWER_LOCATION_RESULT pkg=com.google.android.gms cmp=com.google.android.gms/com.google.android.location.internal.PendingIntentCallbackService flags=0x2000000 u=0} requestCode=0 from uid 10092
04-11 10:38:21.893  1160  2334 D ActivityManager: Received BROADCAST intent 0x751c968 Key{broadcastIntent pkg=android intent=act=com.samsung.android.wifi.NETWORK_LOCATION flags=0x2000000 u=0} requestCode=0 sent=0 from uid 1000
04-11 10:38:21.901  1160  4724 D ActivityManager: Received SERVICE intent 0xda49674 Key{startService pkg=com.google.android.gms/weather_pressure intent=act=com.google.android.gms.location.util.nlp.RESULT cat=[targeted_intent_op_prefix:.location.util.nlp.NlpInternalApi$NlpReceiverIntentOperation] cmp=com.google.android.gms/.chimera.PersistentIntentOperationService flags=0x2000000 u=0} requestCode=2 from uid 10092
04-11 10:38:21.901  1160  2334 D ActivityManager: Received BROADCAST intent 0x751c968 Key{broadcastIntent pkg=android intent=act=com.samsung.android.wifi.NETWORK_LOCATION flags=0x2000000 u=0} requestCode=0 sent=0 from uid 1000
04-11 10:38:21.903  1160  2334 D ActivityManager: Received BROADCAST intent 0x751c968 Key{broadcastIntent pkg=android intent=act=com.samsung.android.wifi.NETWORK_LOCATION flags=0x2000000 u=0} requestCode=0 sent=0 from uid 1000
04-11 10:38:21.903  1160  2334 D ActivityManager: Received BROADCAST intent 0x751c968 Key{broadcastIntent pkg=android intent=act=com.samsung.android.wifi.NETWORK_LOCATION flags=0x2000000 u=0} requestCode=0 sent=0 from uid 1000
04-11 10:38:21.905  1160  2334 D ActivityManager: Received BROADCAST intent 0x751c968 Key{broadcastIntent pkg=android intent=act=com.samsung.android.wifi.NETWORK_LOCATION flags=0x2000000 u=0} requestCode=0 sent=0 from uid 1000
04-11 10:38:21.975  1160  2564 D ActivityManager: Received SERVICE intent 0x3f7d90b Key{startService pkg=com.google.android.gms/current_semantic_location intent=act=com.google.android.gms.semanticlocation.ACTION_LOCATION cmp=com.google.android.gms/.semanticlocation.service.SemanticLocationService flags=0x2000000 u=0} requestCode=0 from uid 10092
04-11 10:38:22.017  1160  4724 I ActivityManager: Changes in 99854 19 to 5, 0 to 8
04-11 10:39:03.259  1160  4723 I ActivityManager: Changes in 99854 5 to 10, 8 to 0
04-11 10:39:04.993  1160  1741 D ActivityManager: Received BROADCAST intent 0x954f29f Key{broadcastIntent pkg=com.sec.android.sdhms intent=act=com.sec.android.alarm.refresh.battery_stats flags=0x4000000 u=0} requestCode=0 sent=0 from uid 1000
04-11 10:39:04.994  1160  1741 D ActivityManager: Received BROADCAST intent 0x7be0cb8 Key{broadcastIntent pkg=com.google.android.gms/com.google.android.gms.scheduler intent=act=com.google.android.gms.gcm.ACTION_CHECK_QUEUE cmp=com.google.android.gms/.gcm.nts.SchedulerInternalReceiver flags=0x2000000 u=0} requestCode=0 sent=0 from uid 1000
04-11 10:39:05.004  1160  1741 D ActivityManager: Received SERVICE intent 0x75b796b Key{startService pkg=com.google.android.gms/com.google.android.gms.westworld intent=act=com.google.android.gms.westworld.action.METADATA_ALARM cat=[targeted_intent_op_prefix:.westworld.MetadataAlarmOperation] cmp=com.google.android.gms/.chimera.PersistentIntentOperationService flags=0x2000000 u=0} requestCode=0 from uid 1000
04-11 10:39:23.989  1160  1843 I ActivityManager: Changes in 10061 19 to 5, 0 to 8
04-11 10:39:41.400  1160  1476 I ActivityManager: Changes in 10061 5 to 15, 8 to 0
04-11 10:40:58.084  1160  1843 I ActivityManager: Changes in 10061 15 to 5, 0 to 8
04-11 10:41:14.156  1160  1476 I ActivityManager: Changes in 10061 5 to 15, 8 to 0
04-11 10:41:21.977  1160  1160 D ActivityManager: Received BROADCAST intent 0x3d92114 Key{broadcastIntent pkg=com.facebook.orca intent=act=WakingExecutorService.ACTION_ALARM.com.facebook.orca.Mqtt_Wakeup pkg=com.facebook.orca flags=0x4000000 u=0} requestCode=0 sent=0 from uid 1000
04-11 10:41:22.051  1160  4731 W ActivityManager: Broadcast Intent { act=com.sec.intent.action.CP_CHAN_INFO flg=0x1000010 (has extras) } not ordered but result callback requested!
04-11 10:41:22.087  1160  2031 I ActivityManager: Changes in 10074 19 to 5, 0 to 8
04-11 10:41:22.277  1160  1975 I ActivityManager: Killing 15573:com.osp.app.signin/u0a118 (adj 995): Chimera #0
04-11 10:41:22.278  1160  1975 D ActivityManager: proc ProcessRecord{991f61f 15573:com.osp.app.signin/u0a118} already removed. so we skip next process.
04-11 10:41:22.280  1160  1975 I ActivityManager: Killing 10017:com.samsung.android.email.provider/u0a135 (adj 995): Chimera #0
04-11 10:41:22.298  1160  1975 I ActivityManager: Killing 10137:com.google.android.webview:sandboxed_process0:org.chromium.content.app.SandboxedProcessService0:0/u0a135i860 (adj 0): isolated not needed
04-11 10:41:22.299  1160  1975 D ActivityManager: proc ProcessRecord{ef7b7ed 10017:com.samsung.android.email.provider/u0a135} already removed. so we skip next process.
04-11 10:41:22.304  1160  1975 I ActivityManager: Killing 15494:com.samsung.android.rubin.app/5010 (adj 945): Chimera #0
04-11 10:41:22.305  1160  1975 D ActivityManager: proc ProcessRecord{ed028d2 15494:com.samsung.android.rubin.app/5010} already removed. so we skip next process.
04-11 10:41:22.313  1160  1975 I ActivityManager: Killing 13493:com.samsung.android.authfw/5278 (adj 985): Chimera #0
04-11 10:41:22.320  1160  1975 W ActivityManager: Scheduling restart of crashed service com.samsung.android.authfw/.pass.PassService in 1000ms for connection
04-11 10:41:22.321  1160  1975 D ActivityManager: proc ProcessRecord{61286c9 13493:com.samsung.android.authfw/5278} already removed. so we skip next process.
04-11 10:41:22.339  1160  1975 I ActivityManager: Killing 15123:com.samsung.android.app.telephonyui/1001 (adj 965): Chimera #0
04-11 10:41:22.349  1160  1975 D ActivityManager: proc ProcessRecord{a436b5d 15123:com.samsung.android.app.telephonyui/1001} already removed. so we skip next process.
04-11 10:41:22.357  1160  1975 I ActivityManager: Killing 15460:com.google.android.permissioncontroller/u0a95 (adj 925): Chimera #0
04-11 10:41:22.359  1160  1975 D ActivityManager: proc ProcessRecord{b088ed 15460:com.google.android.permissioncontroller/u0a95} already removed. so we skip next process.
04-11 10:41:22.368  1160  1975 I ActivityManager: Killing 15930:com.sec.unifiedwfc/u0a230 (adj 955): Chimera #0
04-11 10:41:22.371  1160  1975 D ActivityManager: proc ProcessRecord{ae002e 15930:com.sec.unifiedwfc/u0a230} already removed. so we skip next process.
04-11 10:41:22.389  1160  1975 I ActivityManager: Killing 15870:com.samsung.android.networkdiagnostic/5023 (adj 935): Chimera #0
04-11 10:41:22.390  1160  1975 D ActivityManager: proc ProcessRecord{c79315 15870:com.samsung.android.networkdiagnostic/5023} already removed. so we skip next process.
04-11 10:41:22.430  1160  4606 V ActivityManager: Got obituary of 15930:com.sec.unifiedwfc
04-11 10:41:22.435  1160  4726 V ActivityManager: Got obituary of 15870:com.samsung.android.networkdiagnostic
04-11 10:41:22.451  1160  4731 V ActivityManager: Got obituary of 15494:com.samsung.android.rubin.app
04-11 10:41:22.454  1160  4726 V ActivityManager: Got obituary of 15460:com.google.android.permissioncontroller
04-11 10:41:22.480  1160  4603 V ActivityManager: Got obituary of 13493:com.samsung.android.authfw
04-11 10:41:22.481  1160  4613 V ActivityManager: Got obituary of 15123:com.samsung.android.app.telephonyui
04-11 10:41:22.488  1160  2190 V ActivityManager: Got obituary of 10017:com.samsung.android.email.provider
04-11 10:41:22.488  1160  4739 V ActivityManager: Got obituary of 15573:com.osp.app.signin
04-11 10:41:23.322  1160  1478 I ActivityManager: Start proc 16614:com.samsung.android.authfw/5278 for service {com.samsung.android.authfw/com.samsung.android.authfw.pass.PassService}
04-11 10:41:23.368  1160  4613 I ActivityManager: DSS OFF for com.samsung.android.authfw
04-11 10:41:23.372  1160  4613 D ActivityManager: attachApplicationLocked() app=ProcessRecord{350cd60 16614:com.samsung.android.authfw/5278} app.isolatedEntryPoint=null instr2=null
04-11 10:41:24.539  1160  2190 D ActivityManager: !@AM_BOOT_PROGRESS , uid : 0, state:  -1, progress : 0, step : unlockUser, description : NULL
04-11 10:41:24.539  1160  2190 D ActivityManager: !@AM_BOOT_PROGRESS , uid : 0, state:  -1, progress : 1, step : unlockUser, description : call unlockUserCleared
04-11 10:41:24.539  1160  2190 D ActivityManager: !@AM_BOOT_PROGRESS , uid : 0, state:  -1, progress : 0, step : unlockUserCleared, description : NULL
04-11 10:41:24.546  1160  2190 W ActivityManager: UserLifecycleEvent 5 received without an active userJourneySession.
04-11 10:41:24.546  1160  2190 D ActivityManager: !@AM_BOOT_PROGRESS , uid : 0, state:  3, progress : 0, step : finishUserUnlocking, description : NULL
04-11 10:41:24.546  1160  2190 D ActivityManager: UserController event: finishUserUnlocking(0)
04-11 10:41:24.546  1160  2190 D ActivityManager: !@AM_BOOT_PROGRESS , uid : 0, state:  3, progress : 1, step : finishUserUnlocking, description : OK StorageManager.isUserKeyUnlocked
04-11 10:41:24.699  1160  1459 I ActivityManager: Changes in 10551 12 to 2, 0 to 15
04-11 10:41:24.889  1160  4613 I ActivityManager: Changes in 99854 10 to 3, 0 to 8
04-11 10:41:25.257  1160  1478 I ActivityManager: Start proc 16725:com.samsung.android.samsungpassautofill/u0a207 for service {com.samsung.android.samsungpassautofill/com.samsung.android.samsungpassautofill.AutofillServiceMain}
04-11 10:41:25.316  1160  4726 I ActivityManager: DSS OFF for com.samsung.android.samsungpassautofill
04-11 10:41:25.320  1160  4726 D ActivityManager: attachApplicationLocked() app=ProcessRecord{4d9d154 16725:com.samsung.android.samsungpassautofill/u0a207} app.isolatedEntryPoint=null instr2=null
04-11 10:41:25.438  1160  1478 I ActivityManager: Start proc 16771:net.slickdeals.android/u0a305 for broadcast {net.slickdeals.android/com.google.firebase.iid.FirebaseInstanceIdReceiver}
04-11 10:41:25.476  1160  2248 I ActivityManager: DSS OFF for net.slickdeals.android
04-11 10:41:25.479  1160  2248 D ActivityManager: attachApplicationLocked() app=ProcessRecord{e1fec13 16771:net.slickdeals.android/u0a305} app.isolatedEntryPoint=null instr2=null
04-11 10:41:25.589  1160  4726 I ActivityManager: Process com.google.process.gservices (pid 16007) has died: cch+55 CEM (226,1615)
04-11 10:41:25.661  1160  2158 I ActivityManager: Process com.android.settings (pid 15126) has died: cch+65 CEM (226,1617)
04-11 10:41:26.072  1160  4716 W ActivityManager: Background start not allowed: service Intent { act=com.whatsapp.messaging.MessageService.START cmp=com.whatsapp/.messaging.MessageService } to com.whatsapp/.messaging.MessageService from pid=24599 uid=10301 pkg=com.whatsapp startFg?=false
04-11 10:41:26.316  1160  4716 I ActivityManager: Changes in 10301 16 to 8, 0 to 8
04-11 10:41:26.380  1160  2033 I ActivityManager: Process com.samsung.android.app.routines (pid 16021) has died: cch+55 CEM (270,1542)
04-11 10:41:26.664  1160  1478 I ActivityManager: Start proc 16929:com.google.android.webview:sandboxed_process0:org.chromium.content.app.SandboxedProcessService0:0/u0i862 for  {net.slickdeals.android/org.chromium.content.app.SandboxedProcessService0:0}
04-11 10:41:26.664  1160  1478 I ActivityManager: check webview name : com.google.android.webview:sandboxed_process0:org.chromium.content.app.SandboxedProcessService0:0check hostingname webview : {net.slickdeals.android/org.chromium.content.app.SandboxedProcessService0:0}
04-11 10:41:26.696  1160  2248 I ActivityManager: DSS OFF for net.slickdeals.android
04-11 10:41:26.705  1160  2248 D ActivityManager: attachApplicationLocked() app=ProcessRecord{c31b301 16929:com.google.android.webview:sandboxed_process0:org.chromium.content.app.SandboxedProcessService0:0/u0a305i862} app.isolatedEntryPoint=null instr2=null
04-11 10:41:27.060  1160  1478 I ActivityManager: Start proc 16971:com.google.android.webview:webview_service/u0a224 for service {com.google.android.webview/org.chromium.android_webview.services.ComponentsProviderService}
04-11 10:41:27.100  1160  4613 I ActivityManager: DSS OFF for com.google.android.webview
04-11 10:41:27.106  1160  4613 D ActivityManager: attachApplicationLocked() app=ProcessRecord{5e44348 16971:com.google.android.webview:webview_service/u0a224} app.isolatedEntryPoint=null instr2=null
04-11 10:41:27.303  1160  1741 D ActivityManager: Received BROADCAST intent 0xaeee18d Key{broadcastIntent pkg=com.facebook.services intent=act=com.facebook.rti.fbns.intent.ACTION_ALARM.FBNS_SCHEDULED_REDELIVERY pkg=com.facebook.services flags=0x4000000 u=0} requestCode=0 sent=0 from uid 1000
04-11 10:41:27.306  1160  1741 D ActivityManager: Received BROADCAST intent 0xd7bfea9 Key{broadcastIntent pkg=com.facebook.katana intent=act=WakingExecutorService.ACTION_ALARM.com.facebook.katana.Mqtt_Wakeup pkg=com.facebook.katana flags=0x4000000 u=0} requestCode=0 sent=0 from uid 1000
04-11 10:41:27.309  1160  1975 I ActivityManager: Killing 15168:com.samsung.android.net.wifi.wifiguider/u0a188 (adj 925): Chimera #0
04-11 10:41:27.310  1160  1975 D ActivityManager: proc ProcessRecord{43e0f7e 15168:com.samsung.android.net.wifi.wifiguider/u0a188} already removed. so we skip next process.
04-11 10:41:27.315  1160  1975 I ActivityManager: Killing 15900:com.samsung.android.dqagent/1000 (adj 935): Chimera #0
04-11 10:41:27.316  1160  1975 D ActivityManager: proc ProcessRecord{5b1e3e7 15900:com.samsung.android.dqagent/1000} already removed. so we skip next process.
04-11 10:41:27.349  1160  4613 V ActivityManager: Got obituary of 15168:com.samsung.android.net.wifi.wifiguider
04-11 10:41:27.483  1160  4716 V ActivityManager: Got obituary of 15900:com.samsung.android.dqagent
04-11 10:41:28.226  1160  1160 I ActivityManager: com.samsung.android.scloud is exempt from freezer
04-11 10:41:28.241  1160  4727 I ActivityManager: Changes in 10112 11 to 5, 0 to 8
04-11 10:41:28.280  1160  1478 W ActivityManager: Slow operation: 60ms so far, now at startProcess: done updating battery stats
04-11 10:41:28.280  1160  1478 W ActivityManager: Slow operation: 60ms so far, now at startProcess: building log message
04-11 10:41:28.280  1160  1478 I ActivityManager: Start proc 17114:com.instagram.android/u0a615 for service {com.instagram.android/androidx.work.impl.background.systemjob.SystemJobService}
04-11 10:41:28.280  1160  1478 D ActivityManager: [SecIpm] it's a ML_TYPE_EMPTYPROCESS protected process com.instagram.android
04-11 10:41:28.280  1160  1478 W ActivityManager: Slow operation: 60ms so far, now at startProcess: starting to update pids map
04-11 10:41:28.280  1160  1478 W ActivityManager: Slow operation: 60ms so far, now at startProcess: done updating pids map
04-11 10:41:28.281  1160  1478 W ActivityManager: Slow operation: 55ms so far, now at startProcess: asking zygote to start proc
04-11 10:41:28.293  1160  1478 W ActivityManager: Slow operation: 68ms so far, now at startProcess: returned from zygote!
04-11 10:41:28.305  1160  1478 W ActivityManager: Slow operation: 80ms so far, now at startProcess: done updating battery stats
04-11 10:41:28.305  1160  1478 W ActivityManager: Slow operation: 80ms so far, now at startProcess: building log message
04-11 10:41:28.305  1160  1478 I ActivityManager: Start proc 17118:com.samsung.android.scloud/5009 for service {com.samsung.android.scloud/com.samsung.android.scloud.bnr.ui.service.AutoBackupTriggerJobService}
04-11 10:41:28.306  1160  1478 W ActivityManager: Slow operation: 80ms so far, now at startProcess: starting to update pids map
04-11 10:41:28.307  1160  1478 W ActivityManager: Slow operation: 82ms so far, now at startProcess: done updating pids map
04-11 10:41:28.307  1160  1478 W ActivityManager: Slow operation: 76ms so far, now at startProcess: asking zygote to start proc
04-11 10:41:28.347  1160  1478 W ActivityManager: Slow operation: 116ms so far, now at startProcess: returned from zygote!
04-11 10:41:28.349  1160  1478 W ActivityManager: Slow operation: 117ms so far, now at startProcess: done updating battery stats
04-11 10:41:28.349  1160  1478 W ActivityManager: Slow operation: 117ms so far, now at startProcess: building log message
04-11 10:41:28.349  1160  1478 I ActivityManager: Start proc 17140:com.microsoft.office.outlook/u0a548 for service {com.microsoft.office.outlook/com.google.android.datatransport.runtime.scheduling.jobscheduling.JobInfoSchedulerService}
04-11 10:41:28.349  1160  1478 W ActivityManager: Slow operation: 118ms so far, now at startProcess: starting to update pids map
04-11 10:41:28.349  1160  1478 W ActivityManager: Slow operation: 118ms so far, now at startProcess: done updating pids map
04-11 10:41:28.369  1160  4727 I ActivityManager: DSS OFF for com.samsung.android.scloud
04-11 10:41:28.374  1160  4727 D ActivityManager: attachApplicationLocked() app=ProcessRecord{39e50c5 17118:com.samsung.android.scloud/5009} app.isolatedEntryPoint=null instr2=null
04-11 10:41:28.430  1160  4727 W ActivityManager: Slow operation: 63ms so far, now at attachApplicationLocked: after mServices.attachApplicationLocked
04-11 10:41:28.434  1160  4734 I ActivityManager: DSS OFF for com.instagram.android
04-11 10:41:28.437  1160  4734 D ActivityManager: attachApplicationLocked() app=ProcessRecord{9ffdb0e 17114:com.instagram.android/u0a615} app.isolatedEntryPoint=null instr2=null
04-11 10:41:28.445  1160  2190 I ActivityManager: DSS OFF for com.microsoft.office.outlook
04-11 10:41:28.448  1160  2190 D ActivityManager: attachApplicationLocked() app=ProcessRecord{974ef28 17140:com.microsoft.office.outlook/u0a548} app.isolatedEntryPoint=null instr2=null
04-11 10:41:28.788  1160  1843 I ActivityManager: Changes in 10061 15 to 5, 0 to 8
04-11 10:41:29.033  1160  4731 I ActivityManager: Process com.samsung.android.app.appsedge (pid 16100) has died: cch+55 CEM (207,1866)
04-11 10:41:29.077  1160  4716 I ActivityManager: Process com.android.cellbroadcastreceiver (pid 15844) has died: cch+65 CEM (221,1866)
04-11 10:41:29.103  1160  4731 I ActivityManager: Process net.slickdeals.android (pid 16771) has died: cch+35 CEM (259,1866)
04-11 10:41:29.107  1160  4731 I ActivityManager: Killing 16929:com.google.android.webview:sandboxed_process0:org.chromium.content.app.SandboxedProcessService0:0/u0a305i862 (adj 0): isolated not needed
04-11 10:41:29.322  1160  1478 I ActivityManager: Start proc 17314:com.samsung.android.app.reminder/u0a221 for service {com.samsung.android.app.reminder/com.samsung.android.app.reminder.data.sync.CloudConnectionService}
04-11 10:41:29.411  1160  4716 I ActivityManager: DSS OFF for com.samsung.android.app.reminder
04-11 10:41:29.417  1160  4716 D ActivityManager: attachApplicationLocked() app=ProcessRecord{5df7ca5 17314:com.samsung.android.app.reminder/u0a221} app.isolatedEntryPoint=null instr2=null
04-11 10:41:29.497  1160  2158 I ActivityManager: Process com.google.android.webview:webview_service (pid 16971) has died: cch+25 CEM (196,1893)
04-11 10:41:29.529  1160  1478 I ActivityManager: Start proc 17380:com.microsoft.appmanager:auth/u0a161 for content provider {com.microsoft.appmanager/com.microsoft.identity.client.BrokerContentProvider}
04-11 10:41:29.595  1160  2158 I ActivityManager: DSS OFF for com.microsoft.appmanager
04-11 10:41:29.601  1160  2158 D ActivityManager: attachApplicationLocked() app=ProcessRecord{734d665 17380:com.microsoft.appmanager:auth/u0a161} app.isolatedEntryPoint=null instr2=null
04-11 10:41:29.761  1160  4716 I ActivityManager: Process com.samsung.android.biometrics.app.setting (pid 32741) has died: cch+35 CEM (156,1898)
04-11 10:41:29.774  1160  1459 W ActivityManager: setHasOverlayUi called on unknown pid: 32741
04-11 10:41:30.178  1160  4716 W ActivityManager: Background start not allowed: service Intent { cmp=com.instagram.android/com.instagram.jobscheduler.bgfetch.scheduler.IgBgFetchTaskLifeService (has extras) } to com.instagram.android/com.instagram.jobscheduler.bgfetch.scheduler.IgBgFetchTaskLifeService from pid=17114 uid=10615 pkg=com.instagram.android startFg?=false
04-11 10:41:30.250  1160  3211 D ActivityManager: Received ACTIVITY intent 0x756af94 Key{startActivity pkg=com.whatsapp intent=act=com.whatsapp.intent.action.OPEN dat=content://com.whatsapp.provider.contact/contacts/58484 flg=0x14000000 cmp=com.whatsapp/.Conversation flags=0x4000000 u=0} requestCode=2 res=0 from uid 10054
04-11 10:41:30.252  1160  4631 V ActivityManager: Changed top to ProcessRecord{9d33fbf 24599:com.whatsapp/u0a301}
04-11 10:41:30.305  1160  4716 I ActivityManager: Changes in 10301 8 to 2, 8 to 15
04-11 10:41:30.429  1160  4724 I ActivityManager: Process com.microsoft.office.outlook (pid 17140) has died: cch+5 CEM (196,1838)
04-11 10:41:30.658  1160  4631 I ActivityManager: Process com.samsung.android.scloud (pid 17118) has died: cch+15 CEM (221,1807)
04-11 10:41:30.839  1160  1476 I ActivityManager: Changes in 10074 5 to 15, 8 to 0
04-11 10:41:31.375  1160  1459 I ActivityManager: Changes in 10551 2 to 10, 15 to 0
04-11 10:41:31.380  1160  1160 I ActivityManager: com.samsung.android.scloud is exempt from freezer
04-11 10:41:31.384  1160  1478 I ActivityManager: Start proc 17833:com.facebook.appmanager/u0a194 for service {com.facebook.appmanager/com.facebook.oxygen.common.jobqueue.JobQueueService}
04-11 10:41:31.390  1160  1478 I ActivityManager: Start proc 17834:com.samsung.android.networkdiagnostic/5023 for service {com.samsung.android.networkdiagnostic/com.samsung.android.networkdiagnostic.core.background.cp.SurveyMeasurementService}
04-11 10:41:31.397  1160  1478 I ActivityManager: Start proc 17835:com.samsung.android.scloud/5009 for service {com.samsung.android.scloud/com.samsung.android.scloud.galleryproxy.mediarecovery.MediaRecoveryService}
04-11 10:41:31.426  1160  1802 I ActivityManager: DSS OFF for com.samsung.android.networkdiagnostic
04-11 10:41:31.429  1160  1802 D ActivityManager: attachApplicationLocked() app=ProcessRecord{f645e8d 17834:com.samsung.android.networkdiagnostic/5023} app.isolatedEntryPoint=null instr2=null
04-11 10:41:31.434  1160  4599 I ActivityManager: DSS OFF for com.samsung.android.scloud
04-11 10:41:31.438  1160  4599 D ActivityManager: attachApplicationLocked() app=ProcessRecord{9438d90 17835:com.samsung.android.scloud/5009} app.isolatedEntryPoint=null instr2=null
04-11 10:41:31.445  1160  4723 I ActivityManager: DSS OFF for com.facebook.appmanager
04-11 10:41:31.453  1160  4723 D ActivityManager: attachApplicationLocked() app=ProcessRecord{50296b6 17833:com.facebook.appmanager/u0a194} app.isolatedEntryPoint=null instr2=null
04-11 10:41:31.843  1160  4599 I ActivityManager: com.facebook.system is exempt from freezer
04-11 10:41:31.858  1160  1478 I ActivityManager: Start proc 18037:com.facebook.system/u0a76 for content provider {com.facebook.system/com.facebook.oxygen.installer.api.AppManagerApiProvider}
04-11 10:41:31.913  1160  4724 I ActivityManager: DSS OFF for com.facebook.system
04-11 10:41:31.925  1160  4724 D ActivityManager: attachApplicationLocked() app=ProcessRecord{1c423cd 18037:com.facebook.system/u0a76} app.isolatedEntryPoint=null instr2=null
04-11 10:41:34.804  1160  1476 I ActivityManager: Changes in 10061 5 to 15, 8 to 0
04-11 10:41:39.802  1160  1478 I ActivityManager: Start proc 18194:com.android.cellbroadcastreceiver/u0a389 for broadcast {com.android.cellbroadcastreceiver/com.android.cellbroadcastreceiver.CellBroadcastReceiver}
04-11 10:41:39.851  1160  4723 I ActivityManager: DSS OFF for com.android.cellbroadcastreceiver
04-11 10:41:39.855  1160  4723 D ActivityManager: attachApplicationLocked() app=ProcessRecord{f400285 18194:com.android.cellbroadcastreceiver/u0a389} app.isolatedEntryPoint=null instr2=null
04-11 10:41:39.961  1160  1478 I ActivityManager: Start proc 18222:com.sec.unifiedwfc/u0a230 for broadcast {com.sec.unifiedwfc/com.sec.unifiedwfc.EpdgEventReceiver}
04-11 10:41:39.987  1160  4724 I ActivityManager: Changes in 10058 8 to 5, 0 to 8
04-11 10:41:39.993  1160  4723 I ActivityManager: DSS OFF for com.sec.unifiedwfc
04-11 10:41:40.004  1160  4723 D ActivityManager: attachApplicationLocked() app=ProcessRecord{54e1c2c 18222:com.sec.unifiedwfc/u0a230} app.isolatedEntryPoint=null instr2=null
04-11 10:41:40.034  1160  4724 I ActivityManager: Changes in 99854 5 to 10, 8 to 0
04-11 10:41:40.034  1160  4724 I ActivityManager: Changes in 10112 5 to 10, 8 to 0
04-11 10:41:40.263  1160  1478 I ActivityManager: Start proc 18254:com.google.process.gservices/u0a92 for content provider {com.google.android.gsf/com.google.android.gsf.gservices.GservicesProvider}
04-11 10:41:40.300  1160  1802 I ActivityManager: DSS OFF for com.google.android.gsf
04-11 10:41:40.315  1160  1802 D ActivityManager: attachApplicationLocked() app=ProcessRecord{9ab3f19 18254:com.google.process.gservices/u0a92} app.isolatedEntryPoint=null instr2=null
04-11 10:41:40.444  1160  1802 W ActivityManager: Unable to start service Intent { act=com.google.android.gms.gservices.START pkg=com.google.android.gms } U=0: not found
04-11 10:41:40.445  1160  1802 W ActivityManager: Unbind failed: could not find connection for android.os.BinderProxy@ded2089
04-11 10:41:41.304  1160  1160 D ActivityManager: Received SERVICE intent 0xe75ab90 Key{startService pkg=com.samsung.android.app.routines intent=act=com.samsung.android.rotine.ACTION_PACKAGE_CHANGED cmp=com.samsung.android.app.routines/.domainmodel.core.service.RoutineService flags=0x0 u=0} requestCode=10000 from uid 1000
04-11 10:41:41.306  1160  1160 D ActivityManager: Received SERVICE intent 0xd84f845 Key{startService pkg=com.samsung.android.app.galaxyfinder intent=act=package_changed cmp=com.samsung.android.app.galaxyfinder/.acceleration.AppCoreService flags=0x0 u=0} requestCode=0 from uid 1000
04-11 10:41:41.315  1160  1478 I ActivityManager: Start proc 18283:com.samsung.android.app.routines/u0a54 for service {com.samsung.android.app.routines/com.samsung.android.app.routines.domainmodel.core.service.RoutineService}
04-11 10:41:41.324  1160  1478 I ActivityManager: Start proc 18284:com.samsung.android.app.galaxyfinder:appservice/u0a79 for service {com.samsung.android.app.galaxyfinder/com.samsung.android.app.galaxyfinder.acceleration.AppCoreService}
04-11 10:41:41.360  1160  2207 I ActivityManager: DSS OFF for com.samsung.android.app.galaxyfinder
04-11 10:41:41.362  1160  2207 D ActivityManager: attachApplicationLocked() app=ProcessRecord{2cd057f 18284:com.samsung.android.app.galaxyfinder:appservice/u0a79} app.isolatedEntryPoint=null instr2=null
04-11 10:41:41.366  1160  1277 I ActivityManager: DSS OFF for com.samsung.android.app.routines
04-11 10:41:41.369  1160  1277 D ActivityManager: attachApplicationLocked() app=ProcessRecord{62d669e 18283:com.samsung.android.app.routines/u0a54} app.isolatedEntryPoint=null instr2=null
04-11 10:41:41.413  1160  1478 I ActivityManager: Start proc 18317:com.google.android.permissioncontroller/u0a95 for service {com.google.android.permissioncontroller/com.android.permissioncontroller.permission.service.PermissionControllerServiceImpl}
04-11 10:41:41.530  1160  4631 I ActivityManager: DSS OFF for com.google.android.permissioncontroller
04-11 10:41:41.535  1160  4631 D ActivityManager: attachApplicationLocked() app=ProcessRecord{56c3605 18317:com.google.android.permissioncontroller/u0a95} app.isolatedEntryPoint=null instr2=null
04-11 10:41:41.557  1160  1478 I ActivityManager: Start proc 18370:com.samsung.android.rubin.app/5010 for content provider {com.samsung.android.rubin.app/com.samsung.android.rubin.controller.provider.RubinStateProvider}
04-11 10:41:41.623  1160  4595 I ActivityManager: DSS OFF for com.samsung.android.rubin.app
04-11 10:41:41.627  1160  4595 D ActivityManager: attachApplicationLocked() app=ProcessRecord{1215529 18370:com.samsung.android.rubin.app/5010} app.isolatedEntryPoint=null instr2=null
04-11 10:41:42.095  1160  1277 I ActivityManager: Process com.samsung.android.app.galaxyfinder:appservice (pid 18284) has died: fg  SVC (230,1809)
04-11 10:41:42.266  1160  4628 W ActivityManager: Background start not allowed: service Intent { cmp=com.facebook.katana/com.facebook.mqtt.service.MqttServiceV2 (has extras) } to com.facebook.katana/com.facebook.mqtt.service.MqttServiceV2 from pid=15422 uid=10175 pkg=com.facebook.katana startFg?=false
04-11 10:41:42.406  1160  1478 I ActivityManager: Start proc 18447:com.osp.app.signin/u0a118 for content provider {com.osp.app.signin/com.samsung.android.samsungaccount.authentication.data.OpenContentProvider}
04-11 10:41:42.447  1160  4724 I ActivityManager: DSS OFF for com.osp.app.signin
04-11 10:41:42.451  1160  4724 D ActivityManager: attachApplicationLocked() app=ProcessRecord{9b1abe6 18447:com.osp.app.signin/u0a118} app.isolatedEntryPoint=null instr2=null
04-11 10:41:42.563  1160  1802 I ActivityManager: Process android:drmService (pid 2948) has died: cch+85 SVC (165,1865)
04-11 10:41:42.566  1160  1802 W ActivityManager: Scheduling restart of crashed service android/com.android.server.DrmEventService in 0ms for persistent
04-11 10:41:42.578  1160  1477 I ActivityManager: android is exempt from freezer
04-11 10:41:42.588  1160  1478 I ActivityManager: Start proc 18463:android:drmService/1000 for service {android/com.android.server.DrmEventService}
04-11 10:41:42.638  1160  4723 I ActivityManager: DSS OFF for android
04-11 10:41:42.641  1160  4723 D ActivityManager: attachApplicationLocked() app=ProcessRecord{a2d20e7 18463:android:drmService/1000} app.isolatedEntryPoint=null instr2=null
04-11 10:41:42.661  1160  1478 I ActivityManager: Start proc 18482:com.samsung.android.app.appsedge/u0a53 for service {com.samsung.android.app.appsedge/com.samsung.android.app.appsedge.edgepanel.application.EdgeIntentService}
04-11 10:41:42.696  1160  4599 I ActivityManager: Process com.microsoft.appmanager:auth (pid 17380) has died: cch+85 CEM (278,1779)
04-11 10:41:42.722  1160  1802 I ActivityManager: DSS OFF for com.samsung.android.app.appsedge
04-11 10:41:42.730  1160  1802 D ActivityManager: attachApplicationLocked() app=ProcessRecord{fb0db71 18482:com.samsung.android.app.appsedge/u0a53} app.isolatedEntryPoint=null instr2=null
04-11 10:41:43.043  1160  4716 I ActivityManager: Changes in 5010 19 to 5, 0 to 8
04-11 10:41:43.049  1160  4716 I ActivityManager: Changes in 10118 10 to 5, 0 to 8
04-11 10:41:43.066  1160  4716 I ActivityManager: Changes in 99854 19 to 5, 0 to 8
04-11 10:41:43.670  1160  4738 I ActivityManager: Process com.samsung.android.samsungpassautofill (pid 16725) has died: cch+65 CEM (169,1856)
04-11 10:41:44.260  1160  4716 I ActivityManager: Process com.samsung.android.samsungpass (pid 15755) has died: cch+65 CEM (187,1856)
04-11 10:41:44.265  1160  4716 W ActivityManager: Scheduling restart of crashed service com.samsung.android.samsungpass/.passservice.PassService in 1000ms for connection
04-11 10:41:45.149  1160  4738 I ActivityManager: Process com.samsung.android.networkdiagnostic (pid 17834) has died: cch+65 CEM (179,1862)
04-11 10:41:45.281  1160  1478 I ActivityManager: Start proc 18615:com.samsung.android.samsungpass/u0a127 for service {com.samsung.android.samsungpass/com.samsung.android.samsungpass.passservice.PassService}
04-11 10:41:45.285  1160  4716 I ActivityManager: Process com.facebook.system (pid 18037) has died: cch+55 CEM (175,1863)
04-11 10:41:45.320  1160  4716 I ActivityManager: DSS OFF for com.samsung.android.samsungpass
04-11 10:41:45.329  1160  4716 D ActivityManager: attachApplicationLocked() app=ProcessRecord{99da570 18615:com.samsung.android.samsungpass/u0a127} app.isolatedEntryPoint=null instr2=null
04-11 10:41:45.352  1160  4631 I ActivityManager: Process com.google.android.googlequicksearchbox:search (pid 15966) has died: cch+55 CEM (207,1865)
04-11 10:41:45.479  1160  4631 I ActivityManager: Process com.android.cellbroadcastreceiver (pid 18194) has died: cch+45 CEM (204,1881)
04-11 10:41:45.769  1160  1802 I ActivityManager: Process com.samsung.android.app.reminder (pid 17314) has died: cch+45 CEM (206,1886)
04-11 10:41:45.770  1160  1802 W ActivityManager: Scheduling restart of crashed service com.samsung.android.app.reminder/.data.sync.CloudConnectionService in 1000ms for connection
04-11 10:41:45.999  1160  1476 I ActivityManager: Changes in 10058 5 to 15, 8 to 0
04-11 10:41:46.782  1160  1478 I ActivityManager: Start proc 18685:com.samsung.android.app.reminder/u0a221 for service {com.samsung.android.app.reminder/com.samsung.android.app.reminder.data.sync.CloudConnectionService}
04-11 10:41:46.822  1160  4599 I ActivityManager: DSS OFF for com.samsung.android.app.reminder
04-11 10:41:46.824  1160  4599 D ActivityManager: attachApplicationLocked() app=ProcessRecord{939122a 18685:com.samsung.android.app.reminder/u0a221} app.isolatedEntryPoint=null instr2=null
04-11 10:41:47.255  1160  1741 D ActivityManager: Received SERVICE intent 0x7062e1f Key{startService pkg=com.google.android.gms/com.google.android.gms.auth_authzen__phone intent=act=com.google.android.gms.auth.authzen.cryptauth.DEVICE_STATE_CHECK_DELAY_COMPLETE cat=[targeted_intent_op_prefix:.auth.authzen.cryptauth.DeviceStateSyncManager$CheckStateEventIntentOperation] cmp=com.google.android.gms/.chimera.GmsIntentOperationService flags=0x2000000 u=0} requestCode=0 from uid 1000
04-11 10:41:47.257  1160  1741 D ActivityManager: Received BROADCAST intent 0xd7bfea9 Key{broadcastIntent pkg=com.facebook.katana intent=act=WakingExecutorService.ACTION_ALARM.com.facebook.katana.Mqtt_Wakeup pkg=com.facebook.katana flags=0x4000000 u=0} requestCode=0 sent=0 from uid 1000
04-11 10:41:47.989  1160  2158 I ActivityManager: Changes in 10315 5 to 7, 15 to 0
04-11 10:41:49.038  1160  1476 I ActivityManager: Changes in 10118 5 to 15, 8 to 0
04-11 10:41:49.045  1160  1476 I ActivityManager: Changes in 99854 5 to 10, 8 to 0
04-11 10:41:49.109  1160  1476 I ActivityManager: Changes in 5010 5 to 15, 8 to 0
04-11 10:41:55.371  1160  1478 I ActivityManager: Start proc 18842:com.google.android.googlequicksearchbox:search/u0a165 for service {com.google.android.googlequicksearchbox/com.google.android.apps.gsa.publicsearch.PublicSearchService}
04-11 10:41:55.403  1160  4627 I ActivityManager: DSS OFF for com.google.android.googlequicksearchbox
04-11 10:41:55.415  1160  4627 D ActivityManager: attachApplicationLocked() app=ProcessRecord{f25169d 18842:com.google.android.googlequicksearchbox:search/u0a165} app.isolatedEntryPoint=null instr2=null
04-11 10:41:55.626  1160  4623 I ActivityManager: Changes in 99854 19 to 5, 0 to 8
04-11 10:41:55.706  1160  4627 I ActivityManager: Changes in 99854 5 to 10, 8 to 0
04-11 10:41:57.012  1160  4623 I ActivityManager: Changes in 99854 19 to 5, 0 to 8
04-11 10:41:57.257  1160  1741 D ActivityManager: Received BROADCAST intent 0xd7bfea9 Key{broadcastIntent pkg=com.facebook.katana intent=act=WakingExecutorService.ACTION_ALARM.com.facebook.katana.Mqtt_Wakeup pkg=com.facebook.katana flags=0x4000000 u=0} requestCode=0 sent=0 from uid 1000
04-11 10:42:01.287  1160  4627 D ActivityManager: Received ACTIVITY intent 0xe84db4e Key{startActivity pkg=com.google.android.gm intent=act=android.intent.action.VIEW dat=content://com.google.android.gm.sapi/praseethamohan31@gmail.com/notifications?account_type=com.google typ=application/gmail-ls flg=0x1000c000 cmp=com.google.android.gm/.ui.MailActivityGmail flags=0x4000000 u=0} requestCode=806583529 res=0 from uid 10054
04-11 10:42:01.289  1160  1803 V ActivityManager: Changed top to ProcessRecord{a339f06 6624:com.sec.android.app.launcher/u0a156}
04-11 10:42:01.295  1160  4623 V ActivityManager: Changed top to ProcessRecord{b529243 8532:com.google.android.gm/u0a254}
04-11 10:42:01.303  1160  1459 I ActivityManager: Changes in 10254 19 to 2, 0 to 15
04-11 10:42:01.693  1160  3211 W ActivityManager: Unable to start service Intent { cmp=com.google.android.calendar/.timely.CalendarOobeService } U=0: not found
04-11 10:42:01.697  1160  4726 W ActivityManager: Unbind failed: could not find connection for android.os.BinderProxy@8830c0a
04-11 10:42:01.889  1160  4631 I ActivityManager: Process com.samsung.android.dynamiclock (pid 8908) has died: cch+65 CEM (109,1819)
04-11 10:42:01.983  1160  1459 I ActivityManager: Changes in 10301 2 to 10, 15 to 0
04-11 10:42:02.381  1160  1478 I ActivityManager: Start proc 19205:com.google.android.webview:sandboxed_process0:org.chromium.content.app.SandboxedProcessService0:0/u0i863 for  {com.google.android.gm/org.chromium.content.app.SandboxedProcessService0:0}
04-11 10:42:02.382  1160  1478 I ActivityManager: check webview name : com.google.android.webview:sandboxed_process0:org.chromium.content.app.SandboxedProcessService0:0check hostingname webview : {com.google.android.gm/org.chromium.content.app.SandboxedProcessService0:0}
04-11 10:42:02.412  1160  2158 I ActivityManager: DSS OFF for com.google.android.gm
04-11 10:42:02.415  1160  2158 D ActivityManager: attachApplicationLocked() app=ProcessRecord{57c16a0 19205:com.google.android.webview:sandboxed_process0:org.chromium.content.app.SandboxedProcessService0:0/u0a254i863} app.isolatedEntryPoint=null instr2=null
04-11 10:42:02.416  1160  2158 I ActivityManager: Changes in 99863 20 to 3, 0 to 8
04-11 10:42:02.543  1160  1478 I ActivityManager: Start proc 19246:com.google.android.webview:webview_service/u0a224 for service {com.google.android.webview/org.chromium.android_webview.services.ComponentsProviderService}
04-11 10:42:02.572  1160  4627 I ActivityManager: DSS OFF for com.google.android.webview
04-11 10:42:02.575  1160  4627 D ActivityManager: attachApplicationLocked() app=ProcessRecord{a376500 19246:com.google.android.webview:webview_service/u0a224} app.isolatedEntryPoint=null instr2=null
04-11 10:42:02.577  1160  4627 I ActivityManager: Changes in 10224 20 to 3, 0 to 8
04-11 10:42:02.929  1160  4627 I ActivityManager: Changes in 10224 3 to 10, 8 to 0
04-11 10:42:07.458  1160  1478 I ActivityManager: Start proc 19413:com.samsung.android.smartsuggestions:core/u0a373 for broadcast {com.samsung.android.smartsuggestions/com.samsung.android.app.deepsky.control.construction.datacollector.gicollector.ContentCaptureServiceGICollector$ContentCaptureBroadcastReceiver}
04-11 10:42:07.494  1160  2564 I ActivityManager: DSS OFF for com.samsung.android.smartsuggestions
04-11 10:42:07.497  1160  2564 D ActivityManager: attachApplicationLocked() app=ProcessRecord{f85178 19413:com.samsung.android.smartsuggestions:core/u0a373} app.isolatedEntryPoint=null instr2=null
04-11 10:42:08.080  1160  1478 I ActivityManager: Start proc 19457:com.samsung.android.scs/u0a372 for content provider {com.samsung.android.scs/com.samsung.android.scs.SupportedFeatureProvider}
04-11 10:42:08.125  1160  4631 I ActivityManager: DSS OFF for com.samsung.android.scs
04-11 10:42:08.129  1160  4631 D ActivityManager: attachApplicationLocked() app=ProcessRecord{6e1388b 19457:com.samsung.android.scs/u0a372} app.isolatedEntryPoint=null instr2=null
04-11 10:42:08.161  1160  1478 I ActivityManager: Start proc 19473:com.samsung.android.smartsuggestions:datacollector/u0a373 for service {com.samsung.android.smartsuggestions/com.samsung.android.app.deepsky.control.construction.datacollector.commonobserver.service.ClipboardService}
04-11 10:42:08.191  1160  4631 I ActivityManager: DSS OFF for com.samsung.android.smartsuggestions
04-11 10:42:08.194  1160  4631 D ActivityManager: attachApplicationLocked() app=ProcessRecord{ec230f1 19473:com.samsung.android.smartsuggestions:datacollector/u0a373} app.isolatedEntryPoint=null instr2=null
04-11 10:42:08.428  1160  1478 I ActivityManager: Start proc 19515:com.samsung.android.scs:text/u0a372 for content provider {com.samsung.android.scs/com.samsung.android.scs.ai.text.TextProvider}
04-11 10:42:08.462  1160  4727 I ActivityManager: DSS OFF for com.samsung.android.scs
04-11 10:42:08.467  1160  4727 D ActivityManager: attachApplicationLocked() app=ProcessRecord{b0adaf8 19515:com.samsung.android.scs:text/u0a372} app.isolatedEntryPoint=null instr2=null
04-11 10:42:42.554  1160  4739 I ActivityManager: Changes in 10301 10 to 8, 0 to 8
04-11 10:42:44.268  1160  4739 D ActivityManager: Received ACTIVITY intent 0x56806ff Key{startActivity pkg=com.microsoft.office.outlook intent=act=com.microsoft.office.outlook.LAUNCH_ACTION_SHOW_INBOX-2 dat=om-notif:///message/VIEW_INBOX/AQADAACAAAAAAC1hbXUyMTAwMDRAdXRkYWxsYXMuZWR1X0FjdGl2ZVN5bmNFeGNoYW5nZV9IeFM=/notifGroup flg=0x24000000 cmp=com.microsoft.office.outlook/com.acompli.acompli.CentralActivity flags=0x4000000 u=0} requestCode=1 res=0 from uid 10054
04-11 10:42:44.272  1160  1802 V ActivityManager: Changed top to null
04-11 10:42:44.306  1160  1478 I ActivityManager: Start proc 19799:com.microsoft.office.outlook/u0a548 for pre-top-activity {com.microsoft.office.outlook/com.acompli.acompli.CentralActivity}
04-11 10:42:44.399  1160  2564 I ActivityManager: DSS OFF for com.microsoft.office.outlook
04-11 10:42:44.402  1160  2564 D ActivityManager: attachApplicationLocked() app=ProcessRecord{cad49ae 19799:com.microsoft.office.outlook/u0a548} app.isolatedEntryPoint=null instr2=null
04-11 10:42:44.413  1160  1803 V ActivityManager: Changed top to ProcessRecord{cad49ae 19799:com.microsoft.office.outlook/u0a548}
04-11 10:42:44.414  1160  1459 I ActivityManager: Changes in 10548 19 to 2, 0 to 15
04-11 10:42:44.680  1160  1802 I ActivityManager: Process com.sec.unifiedwfc (pid 18222) has died: cch+95 CEM (90,1812)
04-11 10:42:44.701  1160  2207 I ActivityManager: Process com.samsung.android.scloud (pid 17835) has died: cch+95 CEM (110,1807)
04-11 10:42:44.713  1160  1975 I ActivityManager: Killing 17833:com.facebook.appmanager/u0a194 (adj 985): Chimera #0
04-11 10:42:44.714  1160  1975 D ActivityManager: proc ProcessRecord{50296b6 17833:com.facebook.appmanager/u0a194} already removed. so we skip next process.
04-11 10:42:44.759  1160  4738 I ActivityManager: Process com.samsung.android.app.routines (pid 18283) has died: cch+75 CEM (164,1778)
04-11 10:42:44.775  1160  1279 V ActivityManager: Got obituary of 17833:com.facebook.appmanager
04-11 10:42:44.849  1160  4631 I ActivityManager: Process com.samsung.android.app.appsedge (pid 18482) has died: cch+75 CEM (147,1781)
04-11 10:42:44.858  1160  4595 I ActivityManager: Process com.samsung.android.rubin.app (pid 18370) has died: cch+75 CEM (150,1780)
04-11 10:42:44.921  1160  4726 I ActivityManager: Process com.osp.app.signin (pid 18447) has died: cch+65 CEM (208,1769)
04-11 10:42:44.996  1160  1478 I ActivityManager: Start proc 19918:com.microsoft.appmanager:auth/u0a161 for content provider {com.microsoft.appmanager/com.microsoft.identity.client.BrokerContentProvider}
04-11 10:42:45.029  1160  4599 I ActivityManager: DSS OFF for com.microsoft.appmanager
04-11 10:42:45.032  1160  4599 D ActivityManager: attachApplicationLocked() app=ProcessRecord{18c8ea3 19918:com.microsoft.appmanager:auth/u0a161} app.isolatedEntryPoint=null instr2=null
04-11 10:42:45.034  1160  4599 I ActivityManager: Changes in 10161 20 to 3, 0 to 8
04-11 10:42:45.349  1160  1277 I ActivityManager: Process com.samsung.android.samsungpass (pid 18615) has died: cch+55 CEM (146,1799)
04-11 10:42:45.354  1160  1277 W ActivityManager: Scheduling restart of crashed service com.samsung.android.samsungpass/.passservice.PassService in 1000ms for connection
04-11 10:42:45.398  1160  2032 I ActivityManager: Process com.google.android.permissioncontroller (pid 18317) has died: cch+55 CEM (145,1803)
04-11 10:42:45.403  1160  2032 I ActivityManager: Changes in 99863 3 to 15, 8 to 0
04-11 10:42:45.403  1160  2032 I ActivityManager: Changes in 99854 3 to 15, 8 to 0
04-11 10:42:45.403  1160  2032 I ActivityManager: Changes in 10254 2 to 15, 15 to 0
04-11 10:42:45.489  1160  4613 I ActivityManager: Process com.samsung.android.vtcamerasettings (pid 8979) has died: cch+55 CEM (164,1800)
04-11 10:42:45.739  1160  4623 I ActivityManager: Changes in 99854 15 to 3, 0 to 8
04-11 10:42:45.883  1160  1478 I ActivityManager: Start proc 20164:com.microsoft.skydrive/u0a114 for service {com.microsoft.skydrive/com.microsoft.tokenshare.TokenSharingService}
04-11 10:42:45.943  1160  4724 I ActivityManager: Process com.google.android.webview:webview_service (pid 19246) has died: cch+45 CEM (192,1738)
04-11 10:42:45.967  1160  4628 I ActivityManager: DSS OFF for com.microsoft.skydrive
04-11 10:42:45.974  1160  4628 D ActivityManager: attachApplicationLocked() app=ProcessRecord{43c1613 20164:com.microsoft.skydrive/u0a114} app.isolatedEntryPoint=null instr2=null
04-11 10:42:45.976  1160  4628 I ActivityManager: Changes in 10114 19 to 3, 0 to 8
04-11 10:42:45.990  1160  4613 I ActivityManager: Process com.samsung.android.smartsuggestions:datacollector (pid 19473) has died: cch+35 CEM (202,1739)
04-11 10:42:46.234  1160  1478 I ActivityManager: Start proc 20215:com.google.android.webview:webview_service/u0a224 for service {com.google.android.webview/org.chromium.android_webview.services.VariationsSeedServer}
04-11 10:42:46.245  1160  1478 I ActivityManager: Start proc 20216:com.google.android.webview:sandboxed_process0:org.chromium.content.app.SandboxedProcessService0:0/u0i864 for  {com.microsoft.office.outlook/org.chromium.content.app.SandboxedProcessService0:0}
04-11 10:42:46.245  1160  1478 I ActivityManager: check webview name : com.google.android.webview:sandboxed_process0:org.chromium.content.app.SandboxedProcessService0:0check hostingname webview : {com.microsoft.office.outlook/org.chromium.content.app.SandboxedProcessService0:0}
04-11 10:42:46.269  1160  4603 I ActivityManager: DSS OFF for com.microsoft.office.outlook
04-11 10:42:46.276  1160  4603 D ActivityManager: attachApplicationLocked() app=ProcessRecord{ecee929 20216:com.google.android.webview:sandboxed_process0:org.chromium.content.app.SandboxedProcessService0:0/u0a548i864} app.isolatedEntryPoint=null instr2=null
04-11 10:42:46.279  1160  4603 I ActivityManager: Changes in 99864 20 to 3, 0 to 8
04-11 10:42:46.285  1160  4628 I ActivityManager: DSS OFF for com.google.android.webview
04-11 10:42:46.292  1160  4628 D ActivityManager: attachApplicationLocked() app=ProcessRecord{e4c8cf1 20215:com.google.android.webview:webview_service/u0a224} app.isolatedEntryPoint=null instr2=null
04-11 10:42:46.293  1160  4628 I ActivityManager: Changes in 10224 20 to 3, 0 to 8
04-11 10:42:46.365  1160  1478 I ActivityManager: Start proc 20288:com.samsung.android.samsungpass/u0a127 for service {com.samsung.android.samsungpass/com.samsung.android.samsungpass.passservice.PassService}
04-11 10:42:46.433  1160  4628 I ActivityManager: DSS OFF for com.samsung.android.samsungpass
04-11 10:42:46.446  1160  4628 D ActivityManager: attachApplicationLocked() app=ProcessRecord{2f06abe 20288:com.samsung.android.samsungpass/u0a127} app.isolatedEntryPoint=null instr2=null
04-11 10:42:46.464  1160  4603 I ActivityManager: Changes in 10224 3 to 10, 8 to 0
04-11 10:42:46.479  1160  4627 I ActivityManager: Process com.samsung.android.scs:text (pid 19515) has died: cch+25 CEM (256,1773)
04-11 10:42:47.000  1160  4724 I ActivityManager: Process com.samsung.android.scs (pid 19457) has died: cch+25 CEM (168,1820)
04-11 10:42:47.287  1160  4628 I ActivityManager: com.samsung.android.scloud is exempt from freezer
04-11 10:42:47.301  1160  1478 I ActivityManager: Start proc 20499:com.samsung.android.scloud/5009 for content provider {com.samsung.android.scloud/com.samsung.android.scloud.app.datamigrator.provider.LinkContextProvider}
